
> my-app@0.1.0 dev
> next dev --turbopack -p 3001

   ▲ Next.js 15.5.18 (Turbopack)
   - Local:        http://localhost:3001
   - Network:      http://192.168.1.122:3001
   - Environments: .env.local

 ✓ Starting...
 ✓ Compiled middleware in 176ms
 ✓ Ready in 1484ms
 ○ Compiling /[lang]/market-place ...
 ✓ Compiled /[lang]/market-place in 5s
🌐 i18next is made possible by our own product, Locize — consider powering your project with managed localization (AI, CDN, integrations): https://locize.com 💙
 GET /ar/market-place 200 in 6272ms
 ○ Compiling /[lang]/market-place/vendors/[vendorId] ...
 ✓ Compiled /[lang]/market-place/vendors/[vendorId] in 576ms
 GET /ar/market-place/vendors/6a242e4b3002caa95e9e5edb 200 in 1801ms
 GET /ar/market-place/vendors/6a242e4b3002caa95e9e5edb 200 in 511ms
 GET /ar/market-place 200 in 439ms
 ✓ Compiled in 66ms
 ✓ Compiled /[lang]/market-place in 257ms
 GET /ar/market-place 200 in 827ms
 GET /ar/market-place 200 in 427ms
 ✓ Compiled in 21ms
 GET /ar/market-place 200 in 557ms
 ✓ Compiled in 19ms
 GET /ar/market-place 200 in 458ms
[?25h
