[     182ms] [LOG] [Fast Refresh] rebuilding @ http://localhost:3000/_next/static/chunks/node_modules_next_dist_client_cf1d9188._.js:5956
[     202ms] [LOG] [Fast Refresh] done in 130ms @ http://localhost:3000/_next/static/chunks/node_modules_next_dist_client_cf1d9188._.js:5816
[     902ms] [INFO] %cDownload the React DevTools for a better development experience: https://react.dev/link/react-devtools font-weight:bold @ http://localhost:3000/_next/static/chunks/node_modules_next_dist_compiled_react-dom_1e674e59._.js:14537
[     924ms] [LOG] %c%s%c [API] GET /events/stats/6a00858bbed593ed4fd100c3 - 200 (492ms) background: #e6e6e6;background: light-dark(rgba(0,0,0,0.1), rgba(255,255,255,0.25));color: #000000;color: light-dark(#000000, #ffffff);border-radius: 2px  Server   @ about://React/Server/D:%5Challa%5Clabbe%5C.next%5Cserver%5Cchunks%5Cssr%5C%5Broot-of-the-server%5D__cfa0c306._.js?7:1014
[     966ms] [INFO] 🌐 i18next is made possible by our own product, Locize — consider powering your project with managed localization (AI, CDN, integrations): https://locize.com 💙 @ http://localhost:3000/_next/static/chunks/node_modules_5dfc3838._.js:3250
[    1318ms] [ERROR] Failed to load resource: the server responded with a status of 500 (Internal Server Error) @ http://localhost:3000/favicon.ico:0
[    1337ms] [LOG] [API] GET /notifications/unread-count - 200 (220ms) @ http://localhost:3000/_next/static/chunks/_d74edac0._.js:2258
[    1478ms] [LOG] [API] GET /events/6a00858bbed593ed4fd100c3 - 200 (361ms) @ http://localhost:3000/_next/static/chunks/_d74edac0._.js:2258
[    1491ms] [LOG] [API] GET /guests/events/6a00858bbed593ed4fd100c3 - 200 (373ms) @ http://localhost:3000/_next/static/chunks/_d74edac0._.js:2258
[    1549ms] [LOG] [API] GET /events/6a00858bbed593ed4fd100c3/scheduled-reminders - 200 (432ms) @ http://localhost:3000/_next/static/chunks/_d74edac0._.js:2258
[    4550ms] [WARNING] The resource http://localhost:3000/_next/static/chunks/%5Broot-of-the-server%5D__ad960bb7._.css was preloaded using link preload but not used within a few seconds from the window's load event. Please make sure it has an appropriate `as` value and it is preloaded intentionally. @ http://localhost:3000/en/admin-dash/events/6a00858bbed593ed4fd100c3:0
[   30438ms] [WARNING] Detected `scroll-behavior: smooth` on the `<html>` element. In a future version, Next.js will no longer automatically disable smooth scrolling during route transitions. To prepare for this change, add `data-scroll-behavior="smooth"` to your <html> element. Learn more: https://nextjs.org/docs/messages/missing-data-scroll-behavior @ http://localhost:3000/_next/static/chunks/node_modules_next_dist_b0daae9a._.js:1014
[   30749ms] [ERROR] Failed to load resource: the server responded with a status of 500 (Internal Server Error) @ http://localhost:3000/favicon.ico:0
[   30844ms] [LOG] [API] GET /post-event/6a00858bbed593ed4fd100c3 - 200 (399ms) @ http://localhost:3000/_next/static/chunks/_d74edac0._.js:2258
[   31544ms] [LOG] [API] GET /notifications/unread-count - 200 (204ms) @ http://localhost:3000/_next/static/chunks/_d74edac0._.js:2258
[   34546ms] [WARNING] The resource http://localhost:3000/_next/static/chunks/%5Broot-of-the-server%5D__ad960bb7._.css was preloaded using link preload but not used within a few seconds from the window's load event. Please make sure it has an appropriate `as` value and it is preloaded intentionally. @ http://localhost:3000/en/admin-dash/post-event/6a00858bbed593ed4fd100c3:0
[   61857ms] [LOG] [API] GET /notifications/unread-count - 200 (297ms) @ http://localhost:3000/_next/static/chunks/_d74edac0._.js:2258
[   64860ms] [WARNING] The resource http://localhost:3000/_next/static/chunks/%5Broot-of-the-server%5D__ad960bb7._.css was preloaded using link preload but not used within a few seconds from the window's load event. Please make sure it has an appropriate `as` value and it is preloaded intentionally. @ http://localhost:3000/en/admin-dash/post-event/6a00858bbed593ed4fd100c3:0
[   92076ms] [LOG] [API] GET /notifications/unread-count - 200 (203ms) @ http://localhost:3000/_next/static/chunks/_d74edac0._.js:2258
[   95089ms] [WARNING] The resource http://localhost:3000/_next/static/chunks/%5Broot-of-the-server%5D__ad960bb7._.css was preloaded using link preload but not used within a few seconds from the window's load event. Please make sure it has an appropriate `as` value and it is preloaded intentionally. @ http://localhost:3000/en/admin-dash/post-event/6a00858bbed593ed4fd100c3:0
[  122289ms] [LOG] [API] GET /notifications/unread-count - 200 (203ms) @ http://localhost:3000/_next/static/chunks/_d74edac0._.js:2258
[  125302ms] [WARNING] The resource http://localhost:3000/_next/static/chunks/%5Broot-of-the-server%5D__ad960bb7._.css was preloaded using link preload but not used within a few seconds from the window's load event. Please make sure it has an appropriate `as` value and it is preloaded intentionally. @ http://localhost:3000/en/admin-dash/post-event/6a00858bbed593ed4fd100c3:0
[  152500ms] [LOG] [API] GET /notifications/unread-count - 200 (199ms) @ http://localhost:3000/_next/static/chunks/_d74edac0._.js:2258
[  155512ms] [WARNING] The resource http://localhost:3000/_next/static/chunks/%5Broot-of-the-server%5D__ad960bb7._.css was preloaded using link preload but not used within a few seconds from the window's load event. Please make sure it has an appropriate `as` value and it is preloaded intentionally. @ http://localhost:3000/en/admin-dash/post-event/6a00858bbed593ed4fd100c3:0
[  182709ms] [LOG] [API] GET /notifications/unread-count - 200 (200ms) @ http://localhost:3000/_next/static/chunks/_d74edac0._.js:2258
[  185713ms] [WARNING] The resource http://localhost:3000/_next/static/chunks/%5Broot-of-the-server%5D__ad960bb7._.css was preloaded using link preload but not used within a few seconds from the window's load event. Please make sure it has an appropriate `as` value and it is preloaded intentionally. @ http://localhost:3000/en/admin-dash/post-event/6a00858bbed593ed4fd100c3:0
[  212717ms] [ERROR] Failed to load resource: the server responded with a status of 500 (Internal Server Error) @ http://localhost:3000/api/v2/notifications/unread-count:0
[  212719ms] [ERROR] [API Error] GET /notifications/unread-count - 500 (7ms): errors.server_error @ http://localhost:3000/_next/static/chunks/node_modules_next_dist_b0daae9a._.js:2405
[  213734ms] [ERROR] Failed to load resource: the server responded with a status of 500 (Internal Server Error) @ http://localhost:3000/api/v2/notifications/unread-count:0
[  213734ms] [ERROR] [API Error] GET /notifications/unread-count - 500 (7ms): errors.server_error @ http://localhost:3000/_next/static/chunks/node_modules_next_dist_b0daae9a._.js:2405
[  215749ms] [ERROR] Failed to load resource: the server responded with a status of 500 (Internal Server Error) @ http://localhost:3000/api/v2/notifications/unread-count:0
[  215749ms] [ERROR] [API Error] GET /notifications/unread-count - 500 (7ms): errors.server_error @ http://localhost:3000/_next/static/chunks/node_modules_next_dist_b0daae9a._.js:2405
[  218760ms] [WARNING] The resource http://localhost:3000/_next/static/chunks/%5Broot-of-the-server%5D__ad960bb7._.css was preloaded using link preload but not used within a few seconds from the window's load event. Please make sure it has an appropriate `as` value and it is preloaded intentionally. @ http://localhost:3000/en/admin-dash/post-event/6a00858bbed593ed4fd100c3:0
[  219766ms] [ERROR] Failed to load resource: the server responded with a status of 500 (Internal Server Error) @ http://localhost:3000/api/v2/notifications/unread-count:0
[  219766ms] [ERROR] [API Error] GET /notifications/unread-count - 500 (7ms): errors.server_error @ http://localhost:3000/_next/static/chunks/node_modules_next_dist_b0daae9a._.js:2405
[  222775ms] [WARNING] The resource http://localhost:3000/_next/static/chunks/%5Broot-of-the-server%5D__ad960bb7._.css was preloaded using link preload but not used within a few seconds from the window's load event. Please make sure it has an appropriate `as` value and it is preloaded intentionally. @ http://localhost:3000/en/admin-dash/post-event/6a00858bbed593ed4fd100c3:0
[  249998ms] [LOG] [API] GET /notifications/unread-count - 200 (224ms) @ http://localhost:3000/_next/static/chunks/_d74edac0._.js:2258
[  253006ms] [WARNING] The resource http://localhost:3000/_next/static/chunks/%5Broot-of-the-server%5D__ad960bb7._.css was preloaded using link preload but not used within a few seconds from the window's load event. Please make sure it has an appropriate `as` value and it is preloaded intentionally. @ http://localhost:3000/en/admin-dash/post-event/6a00858bbed593ed4fd100c3:0
[  280212ms] [LOG] [API] GET /notifications/unread-count - 200 (208ms) @ http://localhost:3000/_next/static/chunks/_d74edac0._.js:2258
[  283219ms] [WARNING] The resource http://localhost:3000/_next/static/chunks/%5Broot-of-the-server%5D__ad960bb7._.css was preloaded using link preload but not used within a few seconds from the window's load event. Please make sure it has an appropriate `as` value and it is preloaded intentionally. @ http://localhost:3000/en/admin-dash/post-event/6a00858bbed593ed4fd100c3:0
[  310419ms] [LOG] [API] GET /notifications/unread-count - 200 (203ms) @ http://localhost:3000/_next/static/chunks/_d74edac0._.js:2258
[  313433ms] [WARNING] The resource http://localhost:3000/_next/static/chunks/%5Broot-of-the-server%5D__ad960bb7._.css was preloaded using link preload but not used within a few seconds from the window's load event. Please make sure it has an appropriate `as` value and it is preloaded intentionally. @ http://localhost:3000/en/admin-dash/post-event/6a00858bbed593ed4fd100c3:0
[  340637ms] [LOG] [API] GET /notifications/unread-count - 200 (207ms) @ http://localhost:3000/_next/static/chunks/_d74edac0._.js:2258
[  343646ms] [WARNING] The resource http://localhost:3000/_next/static/chunks/%5Broot-of-the-server%5D__ad960bb7._.css was preloaded using link preload but not used within a few seconds from the window's load event. Please make sure it has an appropriate `as` value and it is preloaded intentionally. @ http://localhost:3000/en/admin-dash/post-event/6a00858bbed593ed4fd100c3:0
[  370849ms] [LOG] [API] GET /notifications/unread-count - 200 (205ms) @ http://localhost:3000/_next/static/chunks/_d74edac0._.js:2258
[  373860ms] [WARNING] The resource http://localhost:3000/_next/static/chunks/%5Broot-of-the-server%5D__ad960bb7._.css was preloaded using link preload but not used within a few seconds from the window's load event. Please make sure it has an appropriate `as` value and it is preloaded intentionally. @ http://localhost:3000/en/admin-dash/post-event/6a00858bbed593ed4fd100c3:0
[  401059ms] [LOG] [API] GET /notifications/unread-count - 200 (202ms) @ http://localhost:3000/_next/static/chunks/_d74edac0._.js:2258
[  404070ms] [WARNING] The resource http://localhost:3000/_next/static/chunks/%5Broot-of-the-server%5D__ad960bb7._.css was preloaded using link preload but not used within a few seconds from the window's load event. Please make sure it has an appropriate `as` value and it is preloaded intentionally. @ http://localhost:3000/en/admin-dash/post-event/6a00858bbed593ed4fd100c3:0
[  431271ms] [LOG] [API] GET /notifications/unread-count - 200 (204ms) @ http://localhost:3000/_next/static/chunks/_d74edac0._.js:2258
[  434287ms] [WARNING] The resource http://localhost:3000/_next/static/chunks/%5Broot-of-the-server%5D__ad960bb7._.css was preloaded using link preload but not used within a few seconds from the window's load event. Please make sure it has an appropriate `as` value and it is preloaded intentionally. @ http://localhost:3000/en/admin-dash/post-event/6a00858bbed593ed4fd100c3:0
[  461532ms] [LOG] [API] GET /notifications/unread-count - 200 (247ms) @ http://localhost:3000/_next/static/chunks/_d74edac0._.js:2258
[  464534ms] [WARNING] The resource http://localhost:3000/_next/static/chunks/%5Broot-of-the-server%5D__ad960bb7._.css was preloaded using link preload but not used within a few seconds from the window's load event. Please make sure it has an appropriate `as` value and it is preloaded intentionally. @ http://localhost:3000/en/admin-dash/post-event/6a00858bbed593ed4fd100c3:0
[  491803ms] [LOG] [API] GET /notifications/unread-count - 200 (255ms) @ http://localhost:3000/_next/static/chunks/_d74edac0._.js:2258
[  494814ms] [WARNING] The resource http://localhost:3000/_next/static/chunks/%5Broot-of-the-server%5D__ad960bb7._.css was preloaded using link preload but not used within a few seconds from the window's load event. Please make sure it has an appropriate `as` value and it is preloaded intentionally. @ http://localhost:3000/en/admin-dash/post-event/6a00858bbed593ed4fd100c3:0
[  522079ms] [LOG] [API] GET /notifications/unread-count - 200 (268ms) @ http://localhost:3000/_next/static/chunks/_d74edac0._.js:2258
[  525094ms] [WARNING] The resource http://localhost:3000/_next/static/chunks/%5Broot-of-the-server%5D__ad960bb7._.css was preloaded using link preload but not used within a few seconds from the window's load event. Please make sure it has an appropriate `as` value and it is preloaded intentionally. @ http://localhost:3000/en/admin-dash/post-event/6a00858bbed593ed4fd100c3:0
[  552301ms] [ERROR] Failed to load resource: the server responded with a status of 400 (Bad Request) @ http://localhost:3000/api/v2/events:0
[  552601ms] [LOG] [API] GET /notifications/unread-count - 200 (510ms) @ http://localhost:3000/_next/static/chunks/_d74edac0._.js:2258
[  555608ms] [WARNING] The resource http://localhost:3000/_next/static/chunks/%5Broot-of-the-server%5D__ad960bb7._.css was preloaded using link preload but not used within a few seconds from the window's load event. Please make sure it has an appropriate `as` value and it is preloaded intentionally. @ http://localhost:3000/en/admin-dash/post-event/6a00858bbed593ed4fd100c3:0
[  562538ms] [ERROR] Failed to load resource: the server responded with a status of 403 (Forbidden) @ http://localhost:3000/api/v2/events:0
[  565540ms] [WARNING] The resource http://localhost:3000/_next/static/chunks/%5Broot-of-the-server%5D__ad960bb7._.css was preloaded using link preload but not used within a few seconds from the window's load event. Please make sure it has an appropriate `as` value and it is preloaded intentionally. @ http://localhost:3000/en/admin-dash/post-event/6a00858bbed593ed4fd100c3:0
[  579972ms] [LOG] [Fast Refresh] rebuilding @ http://localhost:3000/_next/static/chunks/node_modules_next_dist_client_cf1d9188._.js:5956
[  579987ms] [LOG] [Fast Refresh] done in 127ms @ http://localhost:3000/_next/static/chunks/node_modules_next_dist_client_cf1d9188._.js:5816
[  580159ms] [INFO] %cDownload the React DevTools for a better development experience: https://react.dev/link/react-devtools font-weight:bold @ http://localhost:3000/_next/static/chunks/node_modules_next_dist_compiled_react-dom_1e674e59._.js:14537
[  580225ms] [INFO] 🌐 i18next is made possible by our own product, Locize — consider powering your project with managed localization (AI, CDN, integrations): https://locize.com 💙 @ http://localhost:3000/_next/static/chunks/node_modules_5dfc3838._.js:3250
[  580314ms] [LOG] [API] POST /auth/logout - 200 (19ms) @ http://localhost:3000/_next/static/chunks/_b89a6c7c._.js:2459
[  580529ms] [ERROR] Failed to load resource: the server responded with a status of 500 (Internal Server Error) @ http://localhost:3000/favicon.ico:0
[  583339ms] [WARNING] Image with src "/login/2.png" was detected as the Largest Contentful Paint (LCP). Please add the "priority" property if this image is above the fold.
Read more: https://nextjs.org/docs/api-reference/next/image#priority @ http://localhost:3000/_next/static/chunks/node_modules_next_dist_b0daae9a._.js:1014
[  586090ms] [WARNING] Form submission canceled because the form is not connected @ http://localhost:3000/en/login:0
[  586189ms] [VERBOSE] [DOM] Input elements should have autocomplete attributes (suggested: "current-password"): (More info: https://goo.gl/9p2vKq) %o @ http://localhost:3000/en/login:0
[  594643ms] [LOG] [API] POST /auth/login - 200 (510ms) @ http://localhost:3000/_next/static/chunks/_b89a6c7c._.js:2459
[  594771ms] [LOG] [Fast Refresh] rebuilding @ http://localhost:3000/_next/static/chunks/node_modules_next_dist_client_cf1d9188._.js:5956
[  594800ms] [LOG] [Fast Refresh] done in 141ms @ http://localhost:3000/_next/static/chunks/node_modules_next_dist_client_cf1d9188._.js:5816
[  595551ms] [INFO] %cDownload the React DevTools for a better development experience: https://react.dev/link/react-devtools font-weight:bold @ http://localhost:3000/_next/static/chunks/node_modules_next_dist_compiled_react-dom_1e674e59._.js:14537
[  595579ms] [LOG] %c%s%c [API] GET /dashboard/admin - 200 (594ms) background: #e6e6e6;background: light-dark(rgba(0,0,0,0.1), rgba(255,255,255,0.25));color: #000000;color: light-dark(#000000, #ffffff);border-radius: 2px  Server   @ about://React/Server/D:%5Challa%5Clabbe%5C.next%5Cserver%5Cchunks%5Cssr%5C%5Broot-of-the-server%5D__10554727._.js?7:774
[  595640ms] [INFO] 🌐 i18next is made possible by our own product, Locize — consider powering your project with managed localization (AI, CDN, integrations): https://locize.com 💙 @ http://localhost:3000/_next/static/chunks/node_modules_5dfc3838._.js:3250
[  595962ms] [ERROR] Failed to load resource: the server responded with a status of 500 (Internal Server Error) @ http://localhost:3000/favicon.ico:0
[  596195ms] [LOG] [API] GET /notifications/unread-count - 200 (248ms) @ http://localhost:3000/_next/static/chunks/_d74edac0._.js:2258
[  599203ms] [WARNING] The resource http://localhost:3000/_next/static/chunks/%5Broot-of-the-server%5D__ad960bb7._.css was preloaded using link preload but not used within a few seconds from the window's load event. Please make sure it has an appropriate `as` value and it is preloaded intentionally. @ http://localhost:3000/en/admin-dash:0
[  606412ms] [ERROR] Failed to load resource: the server responded with a status of 400 (Bad Request) @ http://localhost:3000/api/v2/events:0
[  609418ms] [WARNING] The resource http://localhost:3000/_next/static/chunks/%5Broot-of-the-server%5D__ad960bb7._.css was preloaded using link preload but not used within a few seconds from the window's load event. Please make sure it has an appropriate `as` value and it is preloaded intentionally. @ http://localhost:3000/en/admin-dash:0
[  626929ms] [LOG] [API] GET /notifications/unread-count - 200 (729ms) @ http://localhost:3000/_next/static/chunks/_d74edac0._.js:2258
[  629933ms] [WARNING] The resource http://localhost:3000/_next/static/chunks/%5Broot-of-the-server%5D__ad960bb7._.css was preloaded using link preload but not used within a few seconds from the window's load event. Please make sure it has an appropriate `as` value and it is preloaded intentionally. @ http://localhost:3000/en/admin-dash:0
[  655064ms] [ERROR] Failed to load resource: the server responded with a status of 400 (Bad Request) @ http://localhost:3000/api/v2/events:0
[  657158ms] [LOG] [API] GET /notifications/unread-count - 200 (227ms) @ http://localhost:3000/_next/static/chunks/_d74edac0._.js:2258
[  660163ms] [WARNING] The resource http://localhost:3000/_next/static/chunks/%5Broot-of-the-server%5D__ad960bb7._.css was preloaded using link preload but not used within a few seconds from the window's load event. Please make sure it has an appropriate `as` value and it is preloaded intentionally. @ http://localhost:3000/en/admin-dash:0
[  668765ms] [ERROR] Failed to load resource: the server responded with a status of 400 (Bad Request) @ http://localhost:3000/api/v2/events:0
[  671779ms] [WARNING] The resource http://localhost:3000/_next/static/chunks/%5Broot-of-the-server%5D__ad960bb7._.css was preloaded using link preload but not used within a few seconds from the window's load event. Please make sure it has an appropriate `as` value and it is preloaded intentionally. @ http://localhost:3000/en/admin-dash:0
[  679910ms] [ERROR] Failed to load resource: the server responded with a status of 400 (Bad Request) @ http://localhost:3000/api/v2/events:0
[  682922ms] [WARNING] The resource http://localhost:3000/_next/static/chunks/%5Broot-of-the-server%5D__ad960bb7._.css was preloaded using link preload but not used within a few seconds from the window's load event. Please make sure it has an appropriate `as` value and it is preloaded intentionally. @ http://localhost:3000/en/admin-dash:0
[  687364ms] [LOG] [API] GET /notifications/unread-count - 200 (204ms) @ http://localhost:3000/_next/static/chunks/_d74edac0._.js:2258
[  688171ms] [ERROR] Failed to load resource: the server responded with a status of 400 (Bad Request) @ http://localhost:3000/api/v2/events:0
[  691177ms] [WARNING] The resource http://localhost:3000/_next/static/chunks/%5Broot-of-the-server%5D__ad960bb7._.css was preloaded using link preload but not used within a few seconds from the window's load event. Please make sure it has an appropriate `as` value and it is preloaded intentionally. @ http://localhost:3000/en/admin-dash:0
[  702108ms] [WARNING] The resource http://localhost:3000/_next/static/chunks/%5Broot-of-the-server%5D__ad960bb7._.css was preloaded using link preload but not used within a few seconds from the window's load event. Please make sure it has an appropriate `as` value and it is preloaded intentionally. @ http://localhost:3000/en/admin-dash:0
