[     127ms] [LOG] [Fast Refresh] rebuilding @ http://localhost:3000/_next/static/chunks/node_modules_next_dist_client_cf1d9188._.js:5949
[     132ms] [LOG] [Fast Refresh] done in 115ms @ http://localhost:3000/_next/static/chunks/node_modules_next_dist_client_cf1d9188._.js:5809
[     280ms] [INFO] %cDownload the React DevTools for a better development experience: https://react.dev/link/react-devtools font-weight:bold @ http://localhost:3000/_next/static/chunks/node_modules_next_dist_compiled_react-dom_1e674e59._.js:14537
[     324ms] [INFO] 🌐 i18next is made possible by our own product, Locize — consider powering your project with managed localization (AI, CDN, integrations): https://locize.com 💙 @ http://localhost:3000/_next/static/chunks/node_modules_5dfc3838._.js:3250
[     327ms] [LOG] Current Pathname: /ar/login @ http://localhost:3000/_next/static/chunks/%5Broot-of-the-server%5D__cf9c1c4e._.js:285
[     327ms] [LOG] Should Show Slider: true @ http://localhost:3000/_next/static/chunks/%5Broot-of-the-server%5D__cf9c1c4e._.js:286
[     328ms] [LOG] Current Pathname: /ar/login @ http://localhost:3000/_next/static/chunks/%5Broot-of-the-server%5D__cf9c1c4e._.js:285
[     328ms] [LOG] Should Show Slider: true @ http://localhost:3000/_next/static/chunks/%5Broot-of-the-server%5D__cf9c1c4e._.js:286
[     347ms] [LOG] Current Pathname: /ar/login @ http://localhost:3000/_next/static/chunks/%5Broot-of-the-server%5D__cf9c1c4e._.js:285
[     347ms] [LOG] Should Show Slider: true @ http://localhost:3000/_next/static/chunks/%5Broot-of-the-server%5D__cf9c1c4e._.js:286
[     348ms] [LOG] Current Pathname: /ar/login @ http://localhost:3000/_next/static/chunks/%5Broot-of-the-server%5D__cf9c1c4e._.js:285
[     348ms] [LOG] Should Show Slider: true @ http://localhost:3000/_next/static/chunks/%5Broot-of-the-server%5D__cf9c1c4e._.js:286
[     364ms] [WARNING] Image with src "/login/1.png" was detected as the Largest Contentful Paint (LCP). Please add the "priority" property if this image is above the fold.
Read more: https://nextjs.org/docs/api-reference/next/image#priority @ http://localhost:3000/_next/static/chunks/node_modules_next_dist_b0daae9a._.js:968
[     391ms] [LOG] [API] POST /auth/logout - 200 (12ms) @ http://localhost:3000/_next/static/chunks/labbe_4d7eb481._.js:2150
[     561ms] [ERROR] Failed to load resource: the server responded with a status of 500 (Internal Server Error) @ http://localhost:3000/favicon.ico:0
[    3426ms] [WARNING] Image with src "/login/2.png" was detected as the Largest Contentful Paint (LCP). Please add the "priority" property if this image is above the fold.
Read more: https://nextjs.org/docs/api-reference/next/image#priority @ http://localhost:3000/_next/static/chunks/node_modules_next_dist_b0daae9a._.js:968
[    5643ms] [WARNING] Form submission canceled because the form is not connected @ http://localhost:3000/ar/login:0
[    5742ms] [VERBOSE] [DOM] Input elements should have autocomplete attributes (suggested: "current-password"): (More info: https://goo.gl/9p2vKq) %o @ http://localhost:3000/ar/login:0
[   15373ms] [WARNING] The resource http://localhost:3000/_next/static/chunks/%5Broot-of-the-server%5D__ad960bb7._.css was preloaded using link preload but not used within a few seconds from the window's load event. Please make sure it has an appropriate `as` value and it is preloaded intentionally. @ http://localhost:3000/ar/login:0
[   17774ms] [LOG] [Fast Refresh] rebuilding @ http://localhost:3000/_next/static/chunks/node_modules_next_dist_client_cf1d9188._.js:5949
[   17780ms] [LOG] [Fast Refresh] done in 120ms @ http://localhost:3000/_next/static/chunks/node_modules_next_dist_client_cf1d9188._.js:5809
[   19576ms] [LOG] [API] POST /auth/login - 200 (585ms) @ http://localhost:3000/_next/static/chunks/labbe_4d7eb481._.js:2150
[   19708ms] [LOG] [Fast Refresh] rebuilding @ http://localhost:3000/_next/static/chunks/node_modules_next_dist_client_cf1d9188._.js:5949
[   19780ms] [LOG] [Fast Refresh] done in 171ms @ http://localhost:3000/_next/static/chunks/node_modules_next_dist_client_cf1d9188._.js:5809
[   19986ms] [LOG] [Fast Refresh] rebuilding @ http://localhost:3000/_next/static/chunks/node_modules_next_dist_client_cf1d9188._.js:5949
[   19987ms] [LOG] [Fast Refresh] done in 112ms @ http://localhost:3000/_next/static/chunks/node_modules_next_dist_client_cf1d9188._.js:5809
[   20259ms] [ERROR] Failed to load resource: the server responded with a status of 500 (Internal Server Error) @ http://localhost:3000/ar/admin-dash:0
[   20387ms] [INFO] %cDownload the React DevTools for a better development experience: https://react.dev/link/react-devtools font-weight:bold @ http://localhost:3000/_next/static/chunks/node_modules_next_dist_compiled_react-dom_1e674e59._.js:14537
[   20416ms] [LOG] %c%s%c [API] GET /dashboard/admin - 200 (430ms) background: #e6e6e6;background: light-dark(rgba(0,0,0,0.1), rgba(255,255,255,0.25));color: #000000;color: light-dark(#000000, #ffffff);border-radius: 2px  Server   @ about://React/Server/D:%5Challa%5Clabbe%5C.next%5Cserver%5Cchunks%5Cssr%5C%5Broot-of-the-server%5D__95a5c31f._.js?7:495
[   20476ms] [INFO] 🌐 i18next is made possible by our own product, Locize — consider powering your project with managed localization (AI, CDN, integrations): https://locize.com 💙 @ http://localhost:3000/_next/static/chunks/node_modules_5dfc3838._.js:3250
[   21202ms] [ERROR] Failed to load resource: the server responded with a status of 500 (Internal Server Error) @ http://localhost:3000/favicon.ico:0
