[    8300ms] [INFO] %cDownload the React DevTools for a better development experience: https://react.dev/link/react-devtools font-weight:bold @ http://localhost:3001/_next/static/chunks/node_modules_next_dist_compiled_react-dom_1e674e59._.js:14537
[    8372ms] [INFO] %c%s%c 🌐 i18next is made possible by our own product, Locize — consider powering your project with managed localization (AI, CDN, integrations): https://locize.com 💙 background: #e6e6e6;background: light-dark(rgba(0,0,0,0.1), rgba(255,255,255,0.25));color: #000000;color: light-dark(#000000, #ffffff);border-radius: 2px  Server   @ about://React/Server/D:%5Challa%5Clabbe%5C.next%5Cserver%5Cchunks%5Cssr%5C%5Broot-of-the-server%5D__852da727._.js?2:798
[    8524ms] [INFO] 🌐 i18next is made possible by our own product, Locize — consider powering your project with managed localization (AI, CDN, integrations): https://locize.com 💙 @ http://localhost:3001/_next/static/chunks/node_modules_5dfc3838._.js:3250
[    8619ms] [WARNING] Image with src "/template-cards/1.png" is using quality "80" which is not configured in images.qualities. This config will be required starting in Next.js 16.
Read more: https://nextjs.org/docs/messages/next-image-unconfigured-qualities @ http://localhost:3001/_next/static/chunks/node_modules_next_dist_b0daae9a._.js:1014
[    8621ms] [WARNING] Image with src "/template-cards/2.png" is using quality "80" which is not configured in images.qualities. This config will be required starting in Next.js 16.
Read more: https://nextjs.org/docs/messages/next-image-unconfigured-qualities @ http://localhost:3001/_next/static/chunks/node_modules_next_dist_b0daae9a._.js:1014
[    8622ms] [WARNING] Image with src "/template-cards/3.png" is using quality "80" which is not configured in images.qualities. This config will be required starting in Next.js 16.
Read more: https://nextjs.org/docs/messages/next-image-unconfigured-qualities @ http://localhost:3001/_next/static/chunks/node_modules_next_dist_b0daae9a._.js:1014
[    8623ms] [WARNING] Image with src "/template-cards/4.png" is using quality "80" which is not configured in images.qualities. This config will be required starting in Next.js 16.
Read more: https://nextjs.org/docs/messages/next-image-unconfigured-qualities @ http://localhost:3001/_next/static/chunks/node_modules_next_dist_b0daae9a._.js:1014
[    8625ms] [WARNING] Image with src "/template-cards/5.png" is using quality "80" which is not configured in images.qualities. This config will be required starting in Next.js 16.
Read more: https://nextjs.org/docs/messages/next-image-unconfigured-qualities @ http://localhost:3001/_next/static/chunks/node_modules_next_dist_b0daae9a._.js:1014
[    8626ms] [WARNING] Image with src "/template-cards/6.png" is using quality "80" which is not configured in images.qualities. This config will be required starting in Next.js 16.
Read more: https://nextjs.org/docs/messages/next-image-unconfigured-qualities @ http://localhost:3001/_next/static/chunks/node_modules_next_dist_b0daae9a._.js:1014
[    8627ms] [WARNING] Image with src "/template-cards/7.png" is using quality "80" which is not configured in images.qualities. This config will be required starting in Next.js 16.
Read more: https://nextjs.org/docs/messages/next-image-unconfigured-qualities @ http://localhost:3001/_next/static/chunks/node_modules_next_dist_b0daae9a._.js:1014
[    8627ms] [WARNING] Image with src "/template-cards/8.png" is using quality "80" which is not configured in images.qualities. This config will be required starting in Next.js 16.
Read more: https://nextjs.org/docs/messages/next-image-unconfigured-qualities @ http://localhost:3001/_next/static/chunks/node_modules_next_dist_b0daae9a._.js:1014
[    8628ms] [WARNING] Image with src "/template-cards/9.png" is using quality "80" which is not configured in images.qualities. This config will be required starting in Next.js 16.
Read more: https://nextjs.org/docs/messages/next-image-unconfigured-qualities @ http://localhost:3001/_next/static/chunks/node_modules_next_dist_b0daae9a._.js:1014
[    8630ms] [WARNING] Image with src "/template-cards/10.png" is using quality "80" which is not configured in images.qualities. This config will be required starting in Next.js 16.
Read more: https://nextjs.org/docs/messages/next-image-unconfigured-qualities @ http://localhost:3001/_next/static/chunks/node_modules_next_dist_b0daae9a._.js:1014
[    8631ms] [WARNING] Image with src "/template-cards/11.png" is using quality "80" which is not configured in images.qualities. This config will be required starting in Next.js 16.
Read more: https://nextjs.org/docs/messages/next-image-unconfigured-qualities @ http://localhost:3001/_next/static/chunks/node_modules_next_dist_b0daae9a._.js:1014
[    8632ms] [WARNING] Image with src "/template-cards/12.png" is using quality "80" which is not configured in images.qualities. This config will be required starting in Next.js 16.
Read more: https://nextjs.org/docs/messages/next-image-unconfigured-qualities @ http://localhost:3001/_next/static/chunks/node_modules_next_dist_b0daae9a._.js:1014
[    8633ms] [WARNING] Image with src "/template-cards/13.png" is using quality "80" which is not configured in images.qualities. This config will be required starting in Next.js 16.
Read more: https://nextjs.org/docs/messages/next-image-unconfigured-qualities @ http://localhost:3001/_next/static/chunks/node_modules_next_dist_b0daae9a._.js:1014
[    8634ms] [WARNING] Image with src "/template-cards/14.jpg" is using quality "80" which is not configured in images.qualities. This config will be required starting in Next.js 16.
Read more: https://nextjs.org/docs/messages/next-image-unconfigured-qualities @ http://localhost:3001/_next/static/chunks/node_modules_next_dist_b0daae9a._.js:1014
[    8635ms] [WARNING] Image with src "/template-cards/15.png" is using quality "80" which is not configured in images.qualities. This config will be required starting in Next.js 16.
Read more: https://nextjs.org/docs/messages/next-image-unconfigured-qualities @ http://localhost:3001/_next/static/chunks/node_modules_next_dist_b0daae9a._.js:1014
[    8636ms] [WARNING] Image with src "/template-cards/16.png" is using quality "80" which is not configured in images.qualities. This config will be required starting in Next.js 16.
Read more: https://nextjs.org/docs/messages/next-image-unconfigured-qualities @ http://localhost:3001/_next/static/chunks/node_modules_next_dist_b0daae9a._.js:1014
[    8874ms] [ERROR] Failed to load resource: the server responded with a status of 500 (Internal Server Error) @ http://localhost:3001/favicon.ico:0
[   10052ms] [LOG] [API] GET /plans/landing - 200 (1307ms) @ http://localhost:3001/_next/static/chunks/_a37f5ea3._.js:2596
[   13160ms] [WARNING] The resource http://localhost:3001/_next/static/chunks/%5Broot-of-the-server%5D__ad960bb7._.css was preloaded using link preload but not used within a few seconds from the window's load event. Please make sure it has an appropriate `as` value and it is preloaded intentionally. @ http://localhost:3001/ar:0
[   28405ms] [WARNING] The resource http://localhost:3001/_next/static/chunks/%5Broot-of-the-server%5D__ad960bb7._.css was preloaded using link preload but not used within a few seconds from the window's load event. Please make sure it has an appropriate `as` value and it is preloaded intentionally. @ http://localhost:3001/ar:0
[  142157ms] [LOG] [Fast Refresh] rebuilding @ http://localhost:3001/_next/static/chunks/node_modules_next_dist_client_cf1d9188._.js:5956
[  142246ms] [LOG] [Fast Refresh] done in 30ms @ http://localhost:3001/_next/static/chunks/node_modules_next_dist_client_cf1d9188._.js:5816
[  147337ms] [WARNING] The resource http://localhost:3001/_next/static/chunks/%5Broot-of-the-server%5D__ad960bb7._.css was preloaded using link preload but not used within a few seconds from the window's load event. Please make sure it has an appropriate `as` value and it is preloaded intentionally. @ http://localhost:3001/ar:0
[  150811ms] [LOG] [Fast Refresh] rebuilding @ http://localhost:3001/_next/static/chunks/node_modules_next_dist_client_cf1d9188._.js:5956
[  151663ms] [LOG] [Fast Refresh] done in 258ms @ http://localhost:3001/_next/static/chunks/node_modules_next_dist_client_cf1d9188._.js:5816
[  154076ms] [LOG] [Fast Refresh] rebuilding @ http://localhost:3001/_next/static/chunks/node_modules_next_dist_client_cf1d9188._.js:5956
[  154081ms] [ERROR] The final argument passed to %s changed size between renders. The order and size of this array must remain constant.

Previous: %s
Incoming: %s useEffect [0, (i)=>{
            const el = trackRef.current;
            const m = getMetrics();
            if (!el || !m) return;
            const clamped = Math.min(Math.max(0, i), m.maxIdx);
            const target = clamped * m.step;
            programmaticRef.current = true;
            el.scrollTo({
                left: m.isRTL ? -target : target,
                behavior: "smooth"
            });
            idxRef.current = clamped;
            setIdx(clamped);
            clearTimeout(programmaticTimerRef.current);
            programmaticTimerRef.current = setTimeout({
                "useCarouselSnap.useCallback[scrollToIdx]": ()=>{
                    programmaticRef.current = false;
                }
            }["useCarouselSnap.useCallback[scrollToIdx]"], SCROLL_GUARD_MS);
        }] [(i)=>{
            const el = trackRef.current;
            const m = getMetrics();
            if (!el || !m) return;
            const clamped = Math.min(Math.max(0, i), m.maxIdx);
            const target = clamped * m.step;
            programmaticRef.current = true;
            el.scrollTo({
                left: m.isRTL ? -target : target,
                behavior: "smooth"
            });
            idxRef.current = clamped;
            setIdx(clamped);
            clearTimeout(programmaticTimerRef.current);
            programmaticTimerRef.current = setTimeout({
                "useCarouselSnap.useCallback[scrollToIdx]": ()=>{
                    programmaticRef.current = false;
                }
            }["useCarouselSnap.useCallback[scrollToIdx]"], SCROLL_GUARD_MS);
        }] @ http://localhost:3001/_next/static/chunks/node_modules_next_dist_b0daae9a._.js:2405
[  154092ms] [ERROR] The final argument passed to %s changed size between renders. The order and size of this array must remain constant.

Previous: %s
Incoming: %s useEffect [0, (i)=>{
            const el = trackRef.current;
            const m = getMetrics();
            if (!el || !m) return;
            const clamped = Math.min(Math.max(0, i), m.maxIdx);
            const target = clamped * m.step;
            programmaticRef.current = true;
            el.scrollTo({
                left: m.isRTL ? -target : target,
                behavior: "smooth"
            });
            idxRef.current = clamped;
            setIdx(clamped);
            clearTimeout(programmaticTimerRef.current);
            programmaticTimerRef.current = setTimeout({
                "useCarouselSnap.useCallback[scrollToIdx]": ()=>{
                    programmaticRef.current = false;
                }
            }["useCarouselSnap.useCallback[scrollToIdx]"], SCROLL_GUARD_MS);
        }] [(i)=>{
            const el = trackRef.current;
            const m = getMetrics();
            if (!el || !m) return;
            const clamped = Math.min(Math.max(0, i), m.maxIdx);
            const target = clamped * m.step;
            programmaticRef.current = true;
            el.scrollTo({
                left: m.isRTL ? -target : target,
                behavior: "smooth"
            });
            idxRef.current = clamped;
            setIdx(clamped);
            clearTimeout(programmaticTimerRef.current);
            programmaticTimerRef.current = setTimeout({
                "useCarouselSnap.useCallback[scrollToIdx]": ()=>{
                    programmaticRef.current = false;
                }
            }["useCarouselSnap.useCallback[scrollToIdx]"], SCROLL_GUARD_MS);
        }] @ http://localhost:3001/_next/static/chunks/node_modules_next_dist_b0daae9a._.js:2405
[  154098ms] [ERROR] The final argument passed to %s changed size between renders. The order and size of this array must remain constant.

Previous: %s
Incoming: %s useEffect [0, (i)=>{
            const el = trackRef.current;
            const m = getMetrics();
            if (!el || !m) return;
            const clamped = Math.min(Math.max(0, i), m.maxIdx);
            const target = clamped * m.step;
            programmaticRef.current = true;
            el.scrollTo({
                left: m.isRTL ? -target : target,
                behavior: "smooth"
            });
            idxRef.current = clamped;
            setIdx(clamped);
            clearTimeout(programmaticTimerRef.current);
            programmaticTimerRef.current = setTimeout({
                "useCarouselSnap.useCallback[scrollToIdx]": ()=>{
                    programmaticRef.current = false;
                }
            }["useCarouselSnap.useCallback[scrollToIdx]"], SCROLL_GUARD_MS);
        }] [(i)=>{
            const el = trackRef.current;
            const m = getMetrics();
            if (!el || !m) return;
            const clamped = Math.min(Math.max(0, i), m.maxIdx);
            const target = clamped * m.step;
            programmaticRef.current = true;
            el.scrollTo({
                left: m.isRTL ? -target : target,
                behavior: "smooth"
            });
            idxRef.current = clamped;
            setIdx(clamped);
            clearTimeout(programmaticTimerRef.current);
            programmaticTimerRef.current = setTimeout({
                "useCarouselSnap.useCallback[scrollToIdx]": ()=>{
                    programmaticRef.current = false;
                }
            }["useCarouselSnap.useCallback[scrollToIdx]"], SCROLL_GUARD_MS);
        }] @ http://localhost:3001/_next/static/chunks/node_modules_next_dist_b0daae9a._.js:2405
[  154109ms] [ERROR] The final argument passed to %s changed size between renders. The order and size of this array must remain constant.

Previous: %s
Incoming: %s useEffect [0, (i)=>{
            const el = trackRef.current;
            const m = getMetrics();
            if (!el || !m) return;
            const clamped = Math.min(Math.max(0, i), m.maxIdx);
            const target = clamped * m.step;
            programmaticRef.current = true;
            el.scrollTo({
                left: m.isRTL ? -target : target,
                behavior: "smooth"
            });
            idxRef.current = clamped;
            setIdx(clamped);
            clearTimeout(programmaticTimerRef.current);
            programmaticTimerRef.current = setTimeout({
                "useCarouselSnap.useCallback[scrollToIdx]": ()=>{
                    programmaticRef.current = false;
                }
            }["useCarouselSnap.useCallback[scrollToIdx]"], SCROLL_GUARD_MS);
        }] [(i)=>{
            const el = trackRef.current;
            const m = getMetrics();
            if (!el || !m) return;
            const clamped = Math.min(Math.max(0, i), m.maxIdx);
            const target = clamped * m.step;
            programmaticRef.current = true;
            el.scrollTo({
                left: m.isRTL ? -target : target,
                behavior: "smooth"
            });
            idxRef.current = clamped;
            setIdx(clamped);
            clearTimeout(programmaticTimerRef.current);
            programmaticTimerRef.current = setTimeout({
                "useCarouselSnap.useCallback[scrollToIdx]": ()=>{
                    programmaticRef.current = false;
                }
            }["useCarouselSnap.useCallback[scrollToIdx]"], SCROLL_GUARD_MS);
        }] @ http://localhost:3001/_next/static/chunks/node_modules_next_dist_b0daae9a._.js:2405
[  154136ms] [LOG] [Fast Refresh] done in 20ms @ http://localhost:3001/_next/static/chunks/node_modules_next_dist_client_cf1d9188._.js:5816
[  154282ms] [LOG] [Fast Refresh] rebuilding @ http://localhost:3001/_next/static/chunks/node_modules_next_dist_client_cf1d9188._.js:5956
[  154283ms] [LOG] [Fast Refresh] done in 108ms @ http://localhost:3001/_next/static/chunks/node_modules_next_dist_client_cf1d9188._.js:5816
[  157262ms] [WARNING] The resource http://localhost:3001/_next/static/chunks/%5Broot-of-the-server%5D__ad960bb7._.css was preloaded using link preload but not used within a few seconds from the window's load event. Please make sure it has an appropriate `as` value and it is preloaded intentionally. @ http://localhost:3001/ar:0
[  162471ms] [LOG] [Fast Refresh] rebuilding @ http://localhost:3001/_next/static/chunks/node_modules_next_dist_client_cf1d9188._.js:5956
[  162505ms] [LOG] [Fast Refresh] done in 31ms @ http://localhost:3001/_next/static/chunks/node_modules_next_dist_client_cf1d9188._.js:5816
[  165532ms] [LOG] [Fast Refresh] rebuilding @ http://localhost:3001/_next/static/chunks/node_modules_next_dist_client_cf1d9188._.js:5956
[  165665ms] [LOG] [Fast Refresh] done in 187ms @ http://localhost:3001/_next/static/chunks/node_modules_next_dist_client_cf1d9188._.js:5816
[  167870ms] [LOG] [Fast Refresh] rebuilding @ http://localhost:3001/_next/static/chunks/node_modules_next_dist_client_cf1d9188._.js:5956
[  168040ms] [LOG] [Fast Refresh] done in 225ms @ http://localhost:3001/_next/static/chunks/node_modules_next_dist_client_cf1d9188._.js:5816
[  176821ms] [LOG] [Fast Refresh] rebuilding @ http://localhost:3001/_next/static/chunks/node_modules_next_dist_client_cf1d9188._.js:5956
[  176843ms] [LOG] [Fast Refresh] done in 46ms @ http://localhost:3001/_next/static/chunks/node_modules_next_dist_client_cf1d9188._.js:5816
[  179850ms] [WARNING] The resource http://localhost:3001/_next/static/chunks/%5Broot-of-the-server%5D__ad960bb7._.css was preloaded using link preload but not used within a few seconds from the window's load event. Please make sure it has an appropriate `as` value and it is preloaded intentionally. @ http://localhost:3001/ar:0
[  180358ms] [LOG] [Fast Refresh] rebuilding @ http://localhost:3001/_next/static/chunks/node_modules_next_dist_client_cf1d9188._.js:5956
[  180761ms] [LOG] [Fast Refresh] done in 356ms @ http://localhost:3001/_next/static/chunks/node_modules_next_dist_client_cf1d9188._.js:5816
[  181899ms] [LOG] [Fast Refresh] rebuilding @ http://localhost:3001/_next/static/chunks/node_modules_next_dist_client_cf1d9188._.js:5956
[  181925ms] [LOG] [Fast Refresh] done in 22ms @ http://localhost:3001/_next/static/chunks/node_modules_next_dist_client_cf1d9188._.js:5816
[  183804ms] [LOG] [Fast Refresh] rebuilding @ http://localhost:3001/_next/static/chunks/node_modules_next_dist_client_cf1d9188._.js:5956
[  183836ms] [LOG] [Fast Refresh] done in 35ms @ http://localhost:3001/_next/static/chunks/node_modules_next_dist_client_cf1d9188._.js:5816
[  184937ms] [WARNING] The resource http://localhost:3001/_next/static/chunks/%5Broot-of-the-server%5D__ad960bb7._.css was preloaded using link preload but not used within a few seconds from the window's load event. Please make sure it has an appropriate `as` value and it is preloaded intentionally. @ http://localhost:3001/ar:0
[  185753ms] [LOG] [Fast Refresh] rebuilding @ http://localhost:3001/_next/static/chunks/node_modules_next_dist_client_cf1d9188._.js:5956
[  185783ms] [LOG] [Fast Refresh] done in 24ms @ http://localhost:3001/_next/static/chunks/node_modules_next_dist_client_cf1d9188._.js:5816
[  188784ms] [LOG] [Fast Refresh] rebuilding @ http://localhost:3001/_next/static/chunks/node_modules_next_dist_client_cf1d9188._.js:5956
[  189059ms] [LOG] [Fast Refresh] done in 240ms @ http://localhost:3001/_next/static/chunks/node_modules_next_dist_client_cf1d9188._.js:5816
[  190836ms] [LOG] [Fast Refresh] rebuilding @ http://localhost:3001/_next/static/chunks/node_modules_next_dist_client_cf1d9188._.js:5956
[  190866ms] [LOG] [Fast Refresh] done in 38ms @ http://localhost:3001/_next/static/chunks/node_modules_next_dist_client_cf1d9188._.js:5816
[  192268ms] [LOG] [Fast Refresh] rebuilding @ http://localhost:3001/_next/static/chunks/node_modules_next_dist_client_cf1d9188._.js:5956
[  192301ms] [LOG] [Fast Refresh] done in 32ms @ http://localhost:3001/_next/static/chunks/node_modules_next_dist_client_cf1d9188._.js:5816
