[     435ms] [INFO] %cDownload the React DevTools for a better development experience: https://react.dev/link/react-devtools font-weight:bold @ http://localhost:3100/_next/static/chunks/node_modules_next_dist_compiled_react-dom_1e674e59._.js:14537
[     499ms] [INFO] 🌐 i18next is made possible by our own product, Locize — consider powering your project with managed localization (AI, CDN, integrations): https://locize.com 💙 @ http://localhost:3100/_next/static/chunks/node_modules_5dfc3838._.js:3250
[     581ms] [LOG] [API] GET /vendors/categories - 200 (28ms) @ http://localhost:3100/_next/static/chunks/_15479c69._.js:719
[     582ms] [LOG] [API] GET /locations/regions - 200 (27ms) @ http://localhost:3100/_next/static/chunks/_15479c69._.js:719
[     871ms] [LOG] [API] GET /vendors/public - 200 (317ms) @ http://localhost:3100/_next/static/chunks/_15479c69._.js:719
[     960ms] [ERROR] Failed to load resource: the server responded with a status of 500 (Internal Server Error) @ http://localhost:3100/favicon.ico:0
[    1488ms] [ERROR] Failed to load resource: the server responded with a status of 404 (Not Found) @ http://localhost:3100/_next/image?url=https%3A%2F%2Fexample.com%2Fportfolio1.jpg&w=384&q=75:0
[    4542ms] [WARNING] The resource http://localhost:3100/_next/static/chunks/%5Broot-of-the-server%5D__ad960bb7._.css was preloaded using link preload but not used within a few seconds from the window's load event. Please make sure it has an appropriate `as` value and it is preloaded intentionally. @ http://localhost:3100/ar/market-place:0
[   26248ms] [LOG] [Fast Refresh] rebuilding @ http://localhost:3100/_next/static/chunks/node_modules_next_dist_client_cf1d9188._.js:5956
[   26569ms] [LOG] [Fast Refresh] done in 429ms @ http://localhost:3100/_next/static/chunks/node_modules_next_dist_client_cf1d9188._.js:5816
[   27018ms] [WARNING] Detected `scroll-behavior: smooth` on the `<html>` element. In a future version, Next.js will no longer automatically disable smooth scrolling during route transitions. To prepare for this change, add `data-scroll-behavior="smooth"` to your <html> element. Learn more: https://nextjs.org/docs/messages/missing-data-scroll-behavior @ http://localhost:3100/_next/static/chunks/node_modules_next_dist_b0daae9a._.js:1014
[   27115ms] [LOG] [Fast Refresh] rebuilding @ http://localhost:3100/_next/static/chunks/node_modules_next_dist_client_cf1d9188._.js:5956
[   27163ms] [LOG] [Fast Refresh] done in 150ms @ http://localhost:3100/_next/static/chunks/node_modules_next_dist_client_cf1d9188._.js:5816
[   27229ms] [ERROR] Failed to load resource: the server responded with a status of 500 (Internal Server Error) @ http://localhost:3100/favicon.ico:0
[   27444ms] [ERROR] Failed to load resource: the server responded with a status of 404 (Not Found) @ http://localhost:3100/_next/image?url=https%3A%2F%2Fexample.com%2Fportfolio1.jpg&w=1920&q=75:0
[   27513ms] [ERROR] Failed to load resource: the server responded with a status of 404 (Not Found) @ http://localhost:3100/_next/image?url=https%3A%2F%2Fexample.com%2Fportfolio2.jpg&w=384&q=75:0
[   27518ms] [ERROR] Failed to load resource: the server responded with a status of 404 (Not Found) @ http://localhost:3100/_next/image?url=https%3A%2F%2Fexample.com%2Fportfolio1.jpg&w=640&q=75:0
[   32388ms] [WARNING] The resource http://localhost:3100/_next/static/chunks/%5Broot-of-the-server%5D__ad960bb7._.css was preloaded using link preload but not used within a few seconds from the window's load event. Please make sure it has an appropriate `as` value and it is preloaded intentionally. @ http://localhost:3100/ar/market-place/vendors/6a242e4b3002caa95e9e5edb:0
[   33985ms] [ERROR] Failed to load resource: the server responded with a status of 404 (Not Found) @ http://localhost:3100/_next/image?url=https%3A%2F%2Fexample.com%2Fportfolio1.jpg&w=384&q=75:0
[   34094ms] [ERROR] Failed to load resource: the server responded with a status of 500 (Internal Server Error) @ http://localhost:3100/favicon.ico:0
[   37129ms] [WARNING] The resource http://localhost:3100/_next/static/chunks/%5Broot-of-the-server%5D__ad960bb7._.css was preloaded using link preload but not used within a few seconds from the window's load event. Please make sure it has an appropriate `as` value and it is preloaded intentionally. @ http://localhost:3100/ar/market-place:0
