[    1150ms] [INFO] %cDownload the React DevTools for a better development experience: https://react.dev/link/react-devtools font-weight:bold @ http://localhost:3001/_next/static/chunks/node_modules_next_dist_compiled_react-dom_1e674e59._.js:14537
[    1234ms] [INFO] 🌐 i18next is made possible by our own product, Locize — consider powering your project with managed localization (AI, CDN, integrations): https://locize.com 💙 @ http://localhost:3001/_next/static/chunks/node_modules_5dfc3838._.js:3250
[    1392ms] [WARNING] Image with src "/template-cards/1.png" is using quality "80" which is not configured in images.qualities. This config will be required starting in Next.js 16.
Read more: https://nextjs.org/docs/messages/next-image-unconfigured-qualities @ http://localhost:3001/_next/static/chunks/node_modules_next_dist_b0daae9a._.js:1014
[    1394ms] [WARNING] Image with src "/template-cards/2.png" is using quality "80" which is not configured in images.qualities. This config will be required starting in Next.js 16.
Read more: https://nextjs.org/docs/messages/next-image-unconfigured-qualities @ http://localhost:3001/_next/static/chunks/node_modules_next_dist_b0daae9a._.js:1014
[    1395ms] [WARNING] Image with src "/template-cards/3.png" is using quality "80" which is not configured in images.qualities. This config will be required starting in Next.js 16.
Read more: https://nextjs.org/docs/messages/next-image-unconfigured-qualities @ http://localhost:3001/_next/static/chunks/node_modules_next_dist_b0daae9a._.js:1014
[    1396ms] [WARNING] Image with src "/template-cards/4.png" is using quality "80" which is not configured in images.qualities. This config will be required starting in Next.js 16.
Read more: https://nextjs.org/docs/messages/next-image-unconfigured-qualities @ http://localhost:3001/_next/static/chunks/node_modules_next_dist_b0daae9a._.js:1014
[    1397ms] [WARNING] Image with src "/template-cards/5.png" is using quality "80" which is not configured in images.qualities. This config will be required starting in Next.js 16.
Read more: https://nextjs.org/docs/messages/next-image-unconfigured-qualities @ http://localhost:3001/_next/static/chunks/node_modules_next_dist_b0daae9a._.js:1014
[    1398ms] [WARNING] Image with src "/template-cards/6.png" is using quality "80" which is not configured in images.qualities. This config will be required starting in Next.js 16.
Read more: https://nextjs.org/docs/messages/next-image-unconfigured-qualities @ http://localhost:3001/_next/static/chunks/node_modules_next_dist_b0daae9a._.js:1014
[    1400ms] [WARNING] Image with src "/template-cards/7.png" is using quality "80" which is not configured in images.qualities. This config will be required starting in Next.js 16.
Read more: https://nextjs.org/docs/messages/next-image-unconfigured-qualities @ http://localhost:3001/_next/static/chunks/node_modules_next_dist_b0daae9a._.js:1014
[    1401ms] [WARNING] Image with src "/template-cards/8.png" is using quality "80" which is not configured in images.qualities. This config will be required starting in Next.js 16.
Read more: https://nextjs.org/docs/messages/next-image-unconfigured-qualities @ http://localhost:3001/_next/static/chunks/node_modules_next_dist_b0daae9a._.js:1014
[    1402ms] [WARNING] Image with src "/template-cards/9.png" is using quality "80" which is not configured in images.qualities. This config will be required starting in Next.js 16.
Read more: https://nextjs.org/docs/messages/next-image-unconfigured-qualities @ http://localhost:3001/_next/static/chunks/node_modules_next_dist_b0daae9a._.js:1014
[    1403ms] [WARNING] Image with src "/template-cards/10.png" is using quality "80" which is not configured in images.qualities. This config will be required starting in Next.js 16.
Read more: https://nextjs.org/docs/messages/next-image-unconfigured-qualities @ http://localhost:3001/_next/static/chunks/node_modules_next_dist_b0daae9a._.js:1014
[    1404ms] [WARNING] Image with src "/template-cards/11.png" is using quality "80" which is not configured in images.qualities. This config will be required starting in Next.js 16.
Read more: https://nextjs.org/docs/messages/next-image-unconfigured-qualities @ http://localhost:3001/_next/static/chunks/node_modules_next_dist_b0daae9a._.js:1014
[    1405ms] [WARNING] Image with src "/template-cards/12.png" is using quality "80" which is not configured in images.qualities. This config will be required starting in Next.js 16.
Read more: https://nextjs.org/docs/messages/next-image-unconfigured-qualities @ http://localhost:3001/_next/static/chunks/node_modules_next_dist_b0daae9a._.js:1014
[    1406ms] [WARNING] Image with src "/template-cards/13.png" is using quality "80" which is not configured in images.qualities. This config will be required starting in Next.js 16.
Read more: https://nextjs.org/docs/messages/next-image-unconfigured-qualities @ http://localhost:3001/_next/static/chunks/node_modules_next_dist_b0daae9a._.js:1014
[    1407ms] [WARNING] Image with src "/template-cards/14.jpg" is using quality "80" which is not configured in images.qualities. This config will be required starting in Next.js 16.
Read more: https://nextjs.org/docs/messages/next-image-unconfigured-qualities @ http://localhost:3001/_next/static/chunks/node_modules_next_dist_b0daae9a._.js:1014
[    1408ms] [WARNING] Image with src "/template-cards/15.png" is using quality "80" which is not configured in images.qualities. This config will be required starting in Next.js 16.
Read more: https://nextjs.org/docs/messages/next-image-unconfigured-qualities @ http://localhost:3001/_next/static/chunks/node_modules_next_dist_b0daae9a._.js:1014
[    1409ms] [WARNING] Image with src "/template-cards/16.png" is using quality "80" which is not configured in images.qualities. This config will be required starting in Next.js 16.
Read more: https://nextjs.org/docs/messages/next-image-unconfigured-qualities @ http://localhost:3001/_next/static/chunks/node_modules_next_dist_b0daae9a._.js:1014
[    1762ms] [ERROR] Failed to load resource: the server responded with a status of 500 (Internal Server Error) @ http://localhost:3001/favicon.ico:0
[    2210ms] [LOG] [API] GET /plans/landing - 200 (703ms) @ http://localhost:3001/_next/static/chunks/_a37f5ea3._.js:2626
[    5261ms] [WARNING] The resource http://localhost:3001/_next/static/chunks/%5Broot-of-the-server%5D__ad960bb7._.css was preloaded using link preload but not used within a few seconds from the window's load event. Please make sure it has an appropriate `as` value and it is preloaded intentionally. @ http://localhost:3001/ar:0
