[     152ms] [INFO] %cDownload the React DevTools for a better development experience: https://react.dev/link/react-devtools font-weight:bold @ http://localhost:3000/_next/static/chunks/node_modules_next_dist_compiled_react-dom_1e674e59._.js:14537
[     241ms] [LOG] %c%s%c [API] GET /events/stats - 200 (278ms) background: #e6e6e6;background: light-dark(rgba(0,0,0,0.1), rgba(255,255,255,0.25));color: #000000;color: light-dark(#000000, #ffffff);border-radius: 2px  Server   @ about://React/Server/D:%5Challa%5Clabbe%5C.next%5Cserver%5Cchunks%5Cssr%5C%5Broot-of-the-server%5D__7d3e9836._.js?7:764
[     241ms] [LOG] %c%s%c [API] GET /events/my-events - 200 (335ms) background: #e6e6e6;background: light-dark(rgba(0,0,0,0.1), rgba(255,255,255,0.25));color: #000000;color: light-dark(#000000, #ffffff);border-radius: 2px  Server   @ about://React/Server/D:%5Challa%5Clabbe%5C.next%5Cserver%5Cchunks%5Cssr%5C%5Broot-of-the-server%5D__7d3e9836._.js?7:764
[     310ms] [INFO] 🌐 i18next is made possible by our own product, Locize — consider powering your project with managed localization (AI, CDN, integrations): https://locize.com 💙 @ http://localhost:3000/_next/static/chunks/node_modules_5dfc3838._.js:3250
[     541ms] [ERROR] Failed to load resource: the server responded with a status of 500 (Internal Server Error) @ http://localhost:3000/favicon.ico:0
[     753ms] [LOG] [API] GET /notifications/unread-count - 200 (354ms) @ http://localhost:3000/_next/static/chunks/_4ce6cd05._.js:2132
[    3564ms] [LOG] [Fast Refresh] rebuilding @ http://localhost:3000/_next/static/chunks/node_modules_next_dist_client_cf1d9188._.js:5956
[    3762ms] [WARNING] The resource http://localhost:3000/_next/static/chunks/%5Broot-of-the-server%5D__ad960bb7._.css was preloaded using link preload but not used within a few seconds from the window's load event. Please make sure it has an appropriate `as` value and it is preloaded intentionally. @ http://localhost:3000/ar/host/events:0
[    4064ms] [LOG] [Fast Refresh] done in 614ms @ http://localhost:3000/_next/static/chunks/node_modules_next_dist_client_cf1d9188._.js:5816
[    4173ms] [LOG] [Fast Refresh] rebuilding @ http://localhost:3000/_next/static/chunks/node_modules_next_dist_client_cf1d9188._.js:5956
[    4212ms] [LOG] [Fast Refresh] done in 148ms @ http://localhost:3000/_next/static/chunks/node_modules_next_dist_client_cf1d9188._.js:5816
[    5259ms] [LOG] %c%s%c [API] GET /events/stats/6a144f75e2b0b6e2b1a1172c - 200 (405ms) background: #e6e6e6;background: light-dark(rgba(0,0,0,0.1), rgba(255,255,255,0.25));color: #000000;color: light-dark(#000000, #ffffff);border-radius: 2px  Server   @ about://React/Server/D:%5Challa%5Clabbe%5C.next%5Cserver%5Cchunks%5Cssr%5C%5Broot-of-the-server%5D__7d3e9836._.js?7:764
[    5259ms] [LOG] %c%s%c [API] GET /events/6a144f75e2b0b6e2b1a1172c - 200 (337ms) background: #e6e6e6;background: light-dark(rgba(0,0,0,0.1), rgba(255,255,255,0.25));color: #000000;color: light-dark(#000000, #ffffff);border-radius: 2px  Server   @ about://React/Server/D:%5Challa%5Clabbe%5C.next%5Cserver%5Cchunks%5Cssr%5C%5Broot-of-the-server%5D__7d3e9836._.js?7:764
[    5353ms] [WARNING] Detected `scroll-behavior: smooth` on the `<html>` element. In a future version, Next.js will no longer automatically disable smooth scrolling during route transitions. To prepare for this change, add `data-scroll-behavior="smooth"` to your <html> element. Learn more: https://nextjs.org/docs/messages/missing-data-scroll-behavior @ http://localhost:3000/_next/static/chunks/node_modules_next_dist_b0daae9a._.js:1014
[    5396ms] [LOG] [Fast Refresh] rebuilding @ http://localhost:3000/_next/static/chunks/node_modules_next_dist_client_cf1d9188._.js:5956
[    5505ms] [LOG] [Fast Refresh] done in 214ms @ http://localhost:3000/_next/static/chunks/node_modules_next_dist_client_cf1d9188._.js:5816
[    5574ms] [ERROR] Failed to load resource: the server responded with a status of 500 (Internal Server Error) @ http://localhost:3000/favicon.ico:0
[    5705ms] [LOG] [API] GET /guests/events/6a144f75e2b0b6e2b1a1172c - 200 (345ms) @ http://localhost:3000/_next/static/chunks/_4ce6cd05._.js:2132
[    5766ms] [LOG] [API] GET /events/6a144f75e2b0b6e2b1a1172c/scheduled-reminders - 200 (406ms) @ http://localhost:3000/_next/static/chunks/_4ce6cd05._.js:2132
[    8774ms] [WARNING] The resource http://localhost:3000/_next/static/chunks/%5Broot-of-the-server%5D__ad960bb7._.css was preloaded using link preload but not used within a few seconds from the window's load event. Please make sure it has an appropriate `as` value and it is preloaded intentionally. @ http://localhost:3000/ar/host/events/6a144f75e2b0b6e2b1a1172c:0
[   30963ms] [LOG] [API] GET /notifications/unread-count - 200 (208ms) @ http://localhost:3000/_next/static/chunks/_4ce6cd05._.js:2132
[   33969ms] [WARNING] The resource http://localhost:3000/_next/static/chunks/%5Broot-of-the-server%5D__ad960bb7._.css was preloaded using link preload but not used within a few seconds from the window's load event. Please make sure it has an appropriate `as` value and it is preloaded intentionally. @ http://localhost:3000/ar/host/events/6a144f75e2b0b6e2b1a1172c:0
[   38740ms] [LOG] [API] PATCH /events/6a144f75e2b0b6e2b1a1172c/test-message - 200 (2624ms) @ http://localhost:3000/_next/static/chunks/_4ce6cd05._.js:2132
[   39086ms] [LOG] [API] GET /events/6a144f75e2b0b6e2b1a1172c - 200 (345ms) @ http://localhost:3000/_next/static/chunks/_4ce6cd05._.js:2132
[   39179ms] [LOG] [API] GET /events/stats/6a144f75e2b0b6e2b1a1172c - 200 (437ms) @ http://localhost:3000/_next/static/chunks/_4ce6cd05._.js:2132
[   39752ms] [LOG] %c%s%c [API] GET /events/stats/6a144f75e2b0b6e2b1a1172c - 200 (506ms) background: #e6e6e6;background: light-dark(rgba(0,0,0,0.1), rgba(255,255,255,0.25));color: #000000;color: light-dark(#000000, #ffffff);border-radius: 2px  Server   @ about://React/Server/D:%5Challa%5Clabbe%5C.next%5Cserver%5Cchunks%5Cssr%5C%5Broot-of-the-server%5D__7d3e9836._.js?7:764
[   39753ms] [LOG] %c%s%c [API] GET /events/6a144f75e2b0b6e2b1a1172c - 200 (367ms) background: #e6e6e6;background: light-dark(rgba(0,0,0,0.1), rgba(255,255,255,0.25));color: #000000;color: light-dark(#000000, #ffffff);border-radius: 2px  Server   @ about://React/Server/D:%5Challa%5Clabbe%5C.next%5Cserver%5Cchunks%5Cssr%5C%5Broot-of-the-server%5D__7d3e9836._.js?7:764
[   42775ms] [WARNING] The resource http://localhost:3000/_next/static/chunks/%5Broot-of-the-server%5D__ad960bb7._.css was preloaded using link preload but not used within a few seconds from the window's load event. Please make sure it has an appropriate `as` value and it is preloaded intentionally. @ http://localhost:3000/ar/host/events/6a144f75e2b0b6e2b1a1172c:0
[   52495ms] [LOG] [Fast Refresh] rebuilding @ http://localhost:3000/_next/static/chunks/node_modules_next_dist_client_cf1d9188._.js:5956
[   52526ms] [LOG] [Fast Refresh] done in 88ms @ http://localhost:3000/_next/static/chunks/node_modules_next_dist_client_cf1d9188._.js:5816
[   55173ms] [LOG] [Fast Refresh] rebuilding @ http://localhost:3000/_next/static/chunks/node_modules_next_dist_client_cf1d9188._.js:5956
[   55178ms] [LOG] [Fast Refresh] done in 121ms @ http://localhost:3000/_next/static/chunks/node_modules_next_dist_client_cf1d9188._.js:5816
[   61180ms] [LOG] [API] GET /notifications/unread-count - 200 (210ms) @ http://localhost:3000/_next/static/chunks/_4ce6cd05._.js:2132
[   64191ms] [WARNING] The resource http://localhost:3000/_next/static/chunks/%5Broot-of-the-server%5D__ad960bb7._.css was preloaded using link preload but not used within a few seconds from the window's load event. Please make sure it has an appropriate `as` value and it is preloaded intentionally. @ http://localhost:3000/ar/host/events/6a144f75e2b0b6e2b1a1172c:0
[   70539ms] [LOG] [Fast Refresh] rebuilding @ http://localhost:3000/_next/static/chunks/node_modules_next_dist_client_cf1d9188._.js:5956
[   70557ms] [LOG] [Fast Refresh] done in 133ms @ http://localhost:3000/_next/static/chunks/node_modules_next_dist_client_cf1d9188._.js:5816
[   91405ms] [LOG] [API] GET /notifications/unread-count - 200 (207ms) @ http://localhost:3000/_next/static/chunks/_4ce6cd05._.js:2132
[   94418ms] [WARNING] The resource http://localhost:3000/_next/static/chunks/%5Broot-of-the-server%5D__ad960bb7._.css was preloaded using link preload but not used within a few seconds from the window's load event. Please make sure it has an appropriate `as` value and it is preloaded intentionally. @ http://localhost:3000/ar/host/events/6a144f75e2b0b6e2b1a1172c:0
[  120768ms] [LOG] [Fast Refresh] rebuilding @ http://localhost:3000/_next/static/chunks/node_modules_next_dist_client_cf1d9188._.js:5956
[  121111ms] [LOG] [Fast Refresh] done in 458ms @ http://localhost:3000/_next/static/chunks/node_modules_next_dist_client_cf1d9188._.js:5816
[  121624ms] [LOG] [API] GET /notifications/unread-count - 200 (206ms) @ http://localhost:3000/_next/static/chunks/_4ce6cd05._.js:2132
[  122153ms] [LOG] [Fast Refresh] rebuilding @ http://localhost:3000/_next/static/chunks/node_modules_next_dist_client_cf1d9188._.js:5956
[  122435ms] [LOG] [Fast Refresh] done in 394ms @ http://localhost:3000/_next/static/chunks/node_modules_next_dist_client_cf1d9188._.js:5816
[  124632ms] [WARNING] The resource http://localhost:3000/_next/static/chunks/%5Broot-of-the-server%5D__ad960bb7._.css was preloaded using link preload but not used within a few seconds from the window's load event. Please make sure it has an appropriate `as` value and it is preloaded intentionally. @ http://localhost:3000/ar/host/events/6a144f75e2b0b6e2b1a1172c:0
[  151838ms] [LOG] [API] GET /notifications/unread-count - 200 (206ms) @ http://localhost:3000/_next/static/chunks/_4ce6cd05._.js:2132
[  154847ms] [WARNING] The resource http://localhost:3000/_next/static/chunks/%5Broot-of-the-server%5D__ad960bb7._.css was preloaded using link preload but not used within a few seconds from the window's load event. Please make sure it has an appropriate `as` value and it is preloaded intentionally. @ http://localhost:3000/ar/host/events/6a144f75e2b0b6e2b1a1172c:0
[  159063ms] [LOG] [Fast Refresh] rebuilding @ http://localhost:3000/_next/static/chunks/node_modules_next_dist_client_cf1d9188._.js:5956
[  159124ms] [LOG] [Fast Refresh] done in 165ms @ http://localhost:3000/_next/static/chunks/node_modules_next_dist_client_cf1d9188._.js:5816
[  168446ms] [LOG] [Fast Refresh] rebuilding @ http://localhost:3000/_next/static/chunks/node_modules_next_dist_client_cf1d9188._.js:5956
[  168495ms] [LOG] [Fast Refresh] done in 151ms @ http://localhost:3000/_next/static/chunks/node_modules_next_dist_client_cf1d9188._.js:5816
[  168646ms] [LOG] [Fast Refresh] rebuilding @ http://localhost:3000/_next/static/chunks/node_modules_next_dist_client_cf1d9188._.js:5956
[  168718ms] [LOG] [Fast Refresh] done in 177ms @ http://localhost:3000/_next/static/chunks/node_modules_next_dist_client_cf1d9188._.js:5816
[  169214ms] [LOG] [Fast Refresh] rebuilding @ http://localhost:3000/_next/static/chunks/node_modules_next_dist_client_cf1d9188._.js:5956
[  169252ms] [LOG] [Fast Refresh] done in 139ms @ http://localhost:3000/_next/static/chunks/node_modules_next_dist_client_cf1d9188._.js:5816
[  174311ms] [LOG] [Fast Refresh] rebuilding @ http://localhost:3000/_next/static/chunks/node_modules_next_dist_client_cf1d9188._.js:5956
[  174338ms] [LOG] [Fast Refresh] done in 139ms @ http://localhost:3000/_next/static/chunks/node_modules_next_dist_client_cf1d9188._.js:5816
[  174553ms] [LOG] [Fast Refresh] rebuilding @ http://localhost:3000/_next/static/chunks/node_modules_next_dist_client_cf1d9188._.js:5956
[  174554ms] [LOG] [Fast Refresh] done in 103ms @ http://localhost:3000/_next/static/chunks/node_modules_next_dist_client_cf1d9188._.js:5816
[  176596ms] [LOG] [Fast Refresh] rebuilding @ http://localhost:3000/_next/static/chunks/node_modules_next_dist_client_cf1d9188._.js:5956
[  176622ms] [LOG] [Fast Refresh] done in 135ms @ http://localhost:3000/_next/static/chunks/node_modules_next_dist_client_cf1d9188._.js:5816
[  182165ms] [LOG] [API] GET /notifications/unread-count - 200 (321ms) @ http://localhost:3000/_next/static/chunks/_4ce6cd05._.js:2132
[  185178ms] [WARNING] The resource http://localhost:3000/_next/static/chunks/%5Broot-of-the-server%5D__ad960bb7._.css was preloaded using link preload but not used within a few seconds from the window's load event. Please make sure it has an appropriate `as` value and it is preloaded intentionally. @ http://localhost:3000/ar/host/events/6a144f75e2b0b6e2b1a1172c:0
[  212402ms] [LOG] [API] GET /notifications/unread-count - 200 (222ms) @ http://localhost:3000/_next/static/chunks/_4ce6cd05._.js:2132
[  215407ms] [WARNING] The resource http://localhost:3000/_next/static/chunks/%5Broot-of-the-server%5D__ad960bb7._.css was preloaded using link preload but not used within a few seconds from the window's load event. Please make sure it has an appropriate `as` value and it is preloaded intentionally. @ http://localhost:3000/ar/host/events/6a144f75e2b0b6e2b1a1172c:0
[  242624ms] [LOG] [API] GET /notifications/unread-count - 200 (205ms) @ http://localhost:3000/_next/static/chunks/_4ce6cd05._.js:2132
[  245631ms] [WARNING] The resource http://localhost:3000/_next/static/chunks/%5Broot-of-the-server%5D__ad960bb7._.css was preloaded using link preload but not used within a few seconds from the window's load event. Please make sure it has an appropriate `as` value and it is preloaded intentionally. @ http://localhost:3000/ar/host/events/6a144f75e2b0b6e2b1a1172c:0
[  265302ms] [LOG] [Fast Refresh] rebuilding @ http://localhost:3000/_next/static/chunks/node_modules_next_dist_client_cf1d9188._.js:5956
[  265303ms] [LOG] [Fast Refresh] done in 112ms @ http://localhost:3000/_next/static/chunks/node_modules_next_dist_client_cf1d9188._.js:5816
[  268436ms] [LOG] [Fast Refresh] rebuilding @ http://localhost:3000/_next/static/chunks/node_modules_next_dist_client_cf1d9188._.js:5956
[  268456ms] [LOG] [Fast Refresh] done in 131ms @ http://localhost:3000/_next/static/chunks/node_modules_next_dist_client_cf1d9188._.js:5816
[  272830ms] [LOG] [API] GET /notifications/unread-count - 200 (203ms) @ http://localhost:3000/_next/static/chunks/_4ce6cd05._.js:2132
[  275844ms] [WARNING] The resource http://localhost:3000/_next/static/chunks/%5Broot-of-the-server%5D__ad960bb7._.css was preloaded using link preload but not used within a few seconds from the window's load event. Please make sure it has an appropriate `as` value and it is preloaded intentionally. @ http://localhost:3000/ar/host/events/6a144f75e2b0b6e2b1a1172c:0
[  303037ms] [LOG] [API] GET /notifications/unread-count - 200 (205ms) @ http://localhost:3000/_next/static/chunks/_4ce6cd05._.js:2132
[  306045ms] [WARNING] The resource http://localhost:3000/_next/static/chunks/%5Broot-of-the-server%5D__ad960bb7._.css was preloaded using link preload but not used within a few seconds from the window's load event. Please make sure it has an appropriate `as` value and it is preloaded intentionally. @ http://localhost:3000/ar/host/events/6a144f75e2b0b6e2b1a1172c:0
[  334985ms] [LOG] [API] GET /notifications/unread-count - 200 (1945ms) @ http://localhost:3000/_next/static/chunks/_4ce6cd05._.js:2132
[  337988ms] [WARNING] The resource http://localhost:3000/_next/static/chunks/%5Broot-of-the-server%5D__ad960bb7._.css was preloaded using link preload but not used within a few seconds from the window's load event. Please make sure it has an appropriate `as` value and it is preloaded intentionally. @ http://localhost:3000/ar/host/events/6a144f75e2b0b6e2b1a1172c:0
[  365208ms] [LOG] [API] GET /notifications/unread-count - 200 (205ms) @ http://localhost:3000/_next/static/chunks/_4ce6cd05._.js:2132
[  368213ms] [WARNING] The resource http://localhost:3000/_next/static/chunks/%5Broot-of-the-server%5D__ad960bb7._.css was preloaded using link preload but not used within a few seconds from the window's load event. Please make sure it has an appropriate `as` value and it is preloaded intentionally. @ http://localhost:3000/ar/host/events/6a144f75e2b0b6e2b1a1172c:0
[  395432ms] [LOG] [API] GET /notifications/unread-count - 200 (211ms) @ http://localhost:3000/_next/static/chunks/_4ce6cd05._.js:2132
[  398437ms] [WARNING] The resource http://localhost:3000/_next/static/chunks/%5Broot-of-the-server%5D__ad960bb7._.css was preloaded using link preload but not used within a few seconds from the window's load event. Please make sure it has an appropriate `as` value and it is preloaded intentionally. @ http://localhost:3000/ar/host/events/6a144f75e2b0b6e2b1a1172c:0
[  425642ms] [LOG] [API] GET /notifications/unread-count - 200 (204ms) @ http://localhost:3000/_next/static/chunks/_4ce6cd05._.js:2132
[  428652ms] [WARNING] The resource http://localhost:3000/_next/static/chunks/%5Broot-of-the-server%5D__ad960bb7._.css was preloaded using link preload but not used within a few seconds from the window's load event. Please make sure it has an appropriate `as` value and it is preloaded intentionally. @ http://localhost:3000/ar/host/events/6a144f75e2b0b6e2b1a1172c:0
[  455851ms] [LOG] [API] GET /notifications/unread-count - 200 (205ms) @ http://localhost:3000/_next/static/chunks/_4ce6cd05._.js:2132
[  458863ms] [WARNING] The resource http://localhost:3000/_next/static/chunks/%5Broot-of-the-server%5D__ad960bb7._.css was preloaded using link preload but not used within a few seconds from the window's load event. Please make sure it has an appropriate `as` value and it is preloaded intentionally. @ http://localhost:3000/ar/host/events/6a144f75e2b0b6e2b1a1172c:0
[  486072ms] [LOG] [API] GET /notifications/unread-count - 200 (212ms) @ http://localhost:3000/_next/static/chunks/_4ce6cd05._.js:2132
[  489083ms] [WARNING] The resource http://localhost:3000/_next/static/chunks/%5Broot-of-the-server%5D__ad960bb7._.css was preloaded using link preload but not used within a few seconds from the window's load event. Please make sure it has an appropriate `as` value and it is preloaded intentionally. @ http://localhost:3000/ar/host/events/6a144f75e2b0b6e2b1a1172c:0
[  516086ms] [ERROR] Failed to load resource: the server responded with a status of 401 (Unauthorized) @ http://localhost:3000/api/v2/notifications/unread-count:0
[  516639ms] [LOG] [API] GET /notifications/unread-count - 200 (223ms) @ http://localhost:3000/_next/static/chunks/_4ce6cd05._.js:2132
[  519652ms] [WARNING] The resource http://localhost:3000/_next/static/chunks/%5Broot-of-the-server%5D__ad960bb7._.css was preloaded using link preload but not used within a few seconds from the window's load event. Please make sure it has an appropriate `as` value and it is preloaded intentionally. @ http://localhost:3000/ar/host/events/6a144f75e2b0b6e2b1a1172c:0
[  546893ms] [LOG] [API] GET /notifications/unread-count - 200 (237ms) @ http://localhost:3000/_next/static/chunks/_4ce6cd05._.js:2132
[  549905ms] [WARNING] The resource http://localhost:3000/_next/static/chunks/%5Broot-of-the-server%5D__ad960bb7._.css was preloaded using link preload but not used within a few seconds from the window's load event. Please make sure it has an appropriate `as` value and it is preloaded intentionally. @ http://localhost:3000/ar/host/events/6a144f75e2b0b6e2b1a1172c:0
[  577096ms] [LOG] [API] GET /notifications/unread-count - 200 (199ms) @ http://localhost:3000/_next/static/chunks/_4ce6cd05._.js:2132
[  580099ms] [WARNING] The resource http://localhost:3000/_next/static/chunks/%5Broot-of-the-server%5D__ad960bb7._.css was preloaded using link preload but not used within a few seconds from the window's load event. Please make sure it has an appropriate `as` value and it is preloaded intentionally. @ http://localhost:3000/ar/host/events/6a144f75e2b0b6e2b1a1172c:0
[  607310ms] [LOG] [API] GET /notifications/unread-count - 200 (205ms) @ http://localhost:3000/_next/static/chunks/_4ce6cd05._.js:2132
[  610315ms] [WARNING] The resource http://localhost:3000/_next/static/chunks/%5Broot-of-the-server%5D__ad960bb7._.css was preloaded using link preload but not used within a few seconds from the window's load event. Please make sure it has an appropriate `as` value and it is preloaded intentionally. @ http://localhost:3000/ar/host/events/6a144f75e2b0b6e2b1a1172c:0
[  637519ms] [LOG] [API] GET /notifications/unread-count - 200 (205ms) @ http://localhost:3000/_next/static/chunks/_4ce6cd05._.js:2132
[  640525ms] [WARNING] The resource http://localhost:3000/_next/static/chunks/%5Broot-of-the-server%5D__ad960bb7._.css was preloaded using link preload but not used within a few seconds from the window's load event. Please make sure it has an appropriate `as` value and it is preloaded intentionally. @ http://localhost:3000/ar/host/events/6a144f75e2b0b6e2b1a1172c:0
[  667743ms] [LOG] [API] GET /notifications/unread-count - 200 (211ms) @ http://localhost:3000/_next/static/chunks/_4ce6cd05._.js:2132
[  670751ms] [WARNING] The resource http://localhost:3000/_next/static/chunks/%5Broot-of-the-server%5D__ad960bb7._.css was preloaded using link preload but not used within a few seconds from the window's load event. Please make sure it has an appropriate `as` value and it is preloaded intentionally. @ http://localhost:3000/ar/host/events/6a144f75e2b0b6e2b1a1172c:0
[  697958ms] [LOG] [API] GET /notifications/unread-count - 200 (208ms) @ http://localhost:3000/_next/static/chunks/_4ce6cd05._.js:2132
[  700964ms] [WARNING] The resource http://localhost:3000/_next/static/chunks/%5Broot-of-the-server%5D__ad960bb7._.css was preloaded using link preload but not used within a few seconds from the window's load event. Please make sure it has an appropriate `as` value and it is preloaded intentionally. @ http://localhost:3000/ar/host/events/6a144f75e2b0b6e2b1a1172c:0
[  728168ms] [LOG] [API] GET /notifications/unread-count - 200 (207ms) @ http://localhost:3000/_next/static/chunks/_4ce6cd05._.js:2132
[  731184ms] [WARNING] The resource http://localhost:3000/_next/static/chunks/%5Broot-of-the-server%5D__ad960bb7._.css was preloaded using link preload but not used within a few seconds from the window's load event. Please make sure it has an appropriate `as` value and it is preloaded intentionally. @ http://localhost:3000/ar/host/events/6a144f75e2b0b6e2b1a1172c:0
[  758391ms] [LOG] [API] GET /notifications/unread-count - 200 (208ms) @ http://localhost:3000/_next/static/chunks/_4ce6cd05._.js:2132
[  761392ms] [WARNING] The resource http://localhost:3000/_next/static/chunks/%5Broot-of-the-server%5D__ad960bb7._.css was preloaded using link preload but not used within a few seconds from the window's load event. Please make sure it has an appropriate `as` value and it is preloaded intentionally. @ http://localhost:3000/ar/host/events/6a144f75e2b0b6e2b1a1172c:0
[  788611ms] [LOG] [API] GET /notifications/unread-count - 200 (209ms) @ http://localhost:3000/_next/static/chunks/_4ce6cd05._.js:2132
[  791618ms] [WARNING] The resource http://localhost:3000/_next/static/chunks/%5Broot-of-the-server%5D__ad960bb7._.css was preloaded using link preload but not used within a few seconds from the window's load event. Please make sure it has an appropriate `as` value and it is preloaded intentionally. @ http://localhost:3000/ar/host/events/6a144f75e2b0b6e2b1a1172c:0
[  818822ms] [LOG] [API] GET /notifications/unread-count - 200 (206ms) @ http://localhost:3000/_next/static/chunks/_4ce6cd05._.js:2132
[  821831ms] [WARNING] The resource http://localhost:3000/_next/static/chunks/%5Broot-of-the-server%5D__ad960bb7._.css was preloaded using link preload but not used within a few seconds from the window's load event. Please make sure it has an appropriate `as` value and it is preloaded intentionally. @ http://localhost:3000/ar/host/events/6a144f75e2b0b6e2b1a1172c:0
[  849046ms] [LOG] [API] GET /notifications/unread-count - 200 (214ms) @ http://localhost:3000/_next/static/chunks/_4ce6cd05._.js:2132
[  852054ms] [WARNING] The resource http://localhost:3000/_next/static/chunks/%5Broot-of-the-server%5D__ad960bb7._.css was preloaded using link preload but not used within a few seconds from the window's load event. Please make sure it has an appropriate `as` value and it is preloaded intentionally. @ http://localhost:3000/ar/host/events/6a144f75e2b0b6e2b1a1172c:0
[  879257ms] [LOG] [API] GET /notifications/unread-count - 200 (206ms) @ http://localhost:3000/_next/static/chunks/_4ce6cd05._.js:2132
[  882267ms] [WARNING] The resource http://localhost:3000/_next/static/chunks/%5Broot-of-the-server%5D__ad960bb7._.css was preloaded using link preload but not used within a few seconds from the window's load event. Please make sure it has an appropriate `as` value and it is preloaded intentionally. @ http://localhost:3000/ar/host/events/6a144f75e2b0b6e2b1a1172c:0
[  909551ms] [LOG] [API] GET /notifications/unread-count - 200 (284ms) @ http://localhost:3000/_next/static/chunks/_4ce6cd05._.js:2132
[  912555ms] [WARNING] The resource http://localhost:3000/_next/static/chunks/%5Broot-of-the-server%5D__ad960bb7._.css was preloaded using link preload but not used within a few seconds from the window's load event. Please make sure it has an appropriate `as` value and it is preloaded intentionally. @ http://localhost:3000/ar/host/events/6a144f75e2b0b6e2b1a1172c:0
[  939764ms] [LOG] [API] GET /notifications/unread-count - 200 (208ms) @ http://localhost:3000/_next/static/chunks/_4ce6cd05._.js:2132
[  942769ms] [WARNING] The resource http://localhost:3000/_next/static/chunks/%5Broot-of-the-server%5D__ad960bb7._.css was preloaded using link preload but not used within a few seconds from the window's load event. Please make sure it has an appropriate `as` value and it is preloaded intentionally. @ http://localhost:3000/ar/host/events/6a144f75e2b0b6e2b1a1172c:0
[  969995ms] [LOG] [API] GET /notifications/unread-count - 200 (224ms) @ http://localhost:3000/_next/static/chunks/_4ce6cd05._.js:2132
[  973003ms] [WARNING] The resource http://localhost:3000/_next/static/chunks/%5Broot-of-the-server%5D__ad960bb7._.css was preloaded using link preload but not used within a few seconds from the window's load event. Please make sure it has an appropriate `as` value and it is preloaded intentionally. @ http://localhost:3000/ar/host/events/6a144f75e2b0b6e2b1a1172c:0
[ 1000222ms] [LOG] [API] GET /notifications/unread-count - 200 (212ms) @ http://localhost:3000/_next/static/chunks/_4ce6cd05._.js:2132
[ 1003235ms] [WARNING] The resource http://localhost:3000/_next/static/chunks/%5Broot-of-the-server%5D__ad960bb7._.css was preloaded using link preload but not used within a few seconds from the window's load event. Please make sure it has an appropriate `as` value and it is preloaded intentionally. @ http://localhost:3000/ar/host/events/6a144f75e2b0b6e2b1a1172c:0
[ 1030445ms] [LOG] [API] GET /notifications/unread-count - 200 (210ms) @ http://localhost:3000/_next/static/chunks/_4ce6cd05._.js:2132
[ 1033449ms] [WARNING] The resource http://localhost:3000/_next/static/chunks/%5Broot-of-the-server%5D__ad960bb7._.css was preloaded using link preload but not used within a few seconds from the window's load event. Please make sure it has an appropriate `as` value and it is preloaded intentionally. @ http://localhost:3000/ar/host/events/6a144f75e2b0b6e2b1a1172c:0
[ 1060670ms] [LOG] [API] GET /notifications/unread-count - 200 (212ms) @ http://localhost:3000/_next/static/chunks/_4ce6cd05._.js:2132
[ 1063680ms] [WARNING] The resource http://localhost:3000/_next/static/chunks/%5Broot-of-the-server%5D__ad960bb7._.css was preloaded using link preload but not used within a few seconds from the window's load event. Please make sure it has an appropriate `as` value and it is preloaded intentionally. @ http://localhost:3000/ar/host/events/6a144f75e2b0b6e2b1a1172c:0
[ 1090888ms] [LOG] [API] GET /notifications/unread-count - 200 (210ms) @ http://localhost:3000/_next/static/chunks/_4ce6cd05._.js:2132
[ 1093895ms] [WARNING] The resource http://localhost:3000/_next/static/chunks/%5Broot-of-the-server%5D__ad960bb7._.css was preloaded using link preload but not used within a few seconds from the window's load event. Please make sure it has an appropriate `as` value and it is preloaded intentionally. @ http://localhost:3000/ar/host/events/6a144f75e2b0b6e2b1a1172c:0
[ 1121272ms] [LOG] [API] GET /notifications/unread-count - 200 (368ms) @ http://localhost:3000/_next/static/chunks/_4ce6cd05._.js:2132
[ 1124276ms] [WARNING] The resource http://localhost:3000/_next/static/chunks/%5Broot-of-the-server%5D__ad960bb7._.css was preloaded using link preload but not used within a few seconds from the window's load event. Please make sure it has an appropriate `as` value and it is preloaded intentionally. @ http://localhost:3000/ar/host/events/6a144f75e2b0b6e2b1a1172c:0
[ 1151492ms] [LOG] [API] GET /notifications/unread-count - 200 (211ms) @ http://localhost:3000/_next/static/chunks/_4ce6cd05._.js:2132
[ 1154496ms] [WARNING] The resource http://localhost:3000/_next/static/chunks/%5Broot-of-the-server%5D__ad960bb7._.css was preloaded using link preload but not used within a few seconds from the window's load event. Please make sure it has an appropriate `as` value and it is preloaded intentionally. @ http://localhost:3000/ar/host/events/6a144f75e2b0b6e2b1a1172c:0
[ 1181826ms] [LOG] [API] GET /notifications/unread-count - 200 (331ms) @ http://localhost:3000/_next/static/chunks/_4ce6cd05._.js:2132
[ 1184832ms] [WARNING] The resource http://localhost:3000/_next/static/chunks/%5Broot-of-the-server%5D__ad960bb7._.css was preloaded using link preload but not used within a few seconds from the window's load event. Please make sure it has an appropriate `as` value and it is preloaded intentionally. @ http://localhost:3000/ar/host/events/6a144f75e2b0b6e2b1a1172c:0
[ 1212088ms] [LOG] [API] GET /notifications/unread-count - 200 (255ms) @ http://localhost:3000/_next/static/chunks/_4ce6cd05._.js:2132
[ 1215097ms] [WARNING] The resource http://localhost:3000/_next/static/chunks/%5Broot-of-the-server%5D__ad960bb7._.css was preloaded using link preload but not used within a few seconds from the window's load event. Please make sure it has an appropriate `as` value and it is preloaded intentionally. @ http://localhost:3000/ar/host/events/6a144f75e2b0b6e2b1a1172c:0
[ 1242312ms] [LOG] [API] GET /notifications/unread-count - 200 (209ms) @ http://localhost:3000/_next/static/chunks/_4ce6cd05._.js:2132
[ 1245316ms] [WARNING] The resource http://localhost:3000/_next/static/chunks/%5Broot-of-the-server%5D__ad960bb7._.css was preloaded using link preload but not used within a few seconds from the window's load event. Please make sure it has an appropriate `as` value and it is preloaded intentionally. @ http://localhost:3000/ar/host/events/6a144f75e2b0b6e2b1a1172c:0
[ 1272539ms] [LOG] [API] GET /notifications/unread-count - 200 (213ms) @ http://localhost:3000/_next/static/chunks/_4ce6cd05._.js:2132
[ 1275547ms] [WARNING] The resource http://localhost:3000/_next/static/chunks/%5Broot-of-the-server%5D__ad960bb7._.css was preloaded using link preload but not used within a few seconds from the window's load event. Please make sure it has an appropriate `as` value and it is preloaded intentionally. @ http://localhost:3000/ar/host/events/6a144f75e2b0b6e2b1a1172c:0
[ 1302756ms] [LOG] [API] GET /notifications/unread-count - 200 (208ms) @ http://localhost:3000/_next/static/chunks/_4ce6cd05._.js:2132
[ 1305757ms] [WARNING] The resource http://localhost:3000/_next/static/chunks/%5Broot-of-the-server%5D__ad960bb7._.css was preloaded using link preload but not used within a few seconds from the window's load event. Please make sure it has an appropriate `as` value and it is preloaded intentionally. @ http://localhost:3000/ar/host/events/6a144f75e2b0b6e2b1a1172c:0
[ 1332965ms] [LOG] [API] GET /notifications/unread-count - 200 (206ms) @ http://localhost:3000/_next/static/chunks/_4ce6cd05._.js:2132
[ 1335971ms] [WARNING] The resource http://localhost:3000/_next/static/chunks/%5Broot-of-the-server%5D__ad960bb7._.css was preloaded using link preload but not used within a few seconds from the window's load event. Please make sure it has an appropriate `as` value and it is preloaded intentionally. @ http://localhost:3000/ar/host/events/6a144f75e2b0b6e2b1a1172c:0
[ 1363184ms] [LOG] [API] GET /notifications/unread-count - 200 (208ms) @ http://localhost:3000/_next/static/chunks/_4ce6cd05._.js:2132
[ 1366194ms] [WARNING] The resource http://localhost:3000/_next/static/chunks/%5Broot-of-the-server%5D__ad960bb7._.css was preloaded using link preload but not used within a few seconds from the window's load event. Please make sure it has an appropriate `as` value and it is preloaded intentionally. @ http://localhost:3000/ar/host/events/6a144f75e2b0b6e2b1a1172c:0
[ 1393404ms] [LOG] [API] GET /notifications/unread-count - 200 (208ms) @ http://localhost:3000/_next/static/chunks/_4ce6cd05._.js:2132
[ 1396411ms] [WARNING] The resource http://localhost:3000/_next/static/chunks/%5Broot-of-the-server%5D__ad960bb7._.css was preloaded using link preload but not used within a few seconds from the window's load event. Please make sure it has an appropriate `as` value and it is preloaded intentionally. @ http://localhost:3000/ar/host/events/6a144f75e2b0b6e2b1a1172c:0
[ 1423418ms] [ERROR] Failed to load resource: the server responded with a status of 401 (Unauthorized) @ http://localhost:3000/api/v2/notifications/unread-count:0
[ 1424090ms] [LOG] [API] GET /notifications/unread-count - 200 (270ms) @ http://localhost:3000/_next/static/chunks/_4ce6cd05._.js:2132
[ 1427097ms] [WARNING] The resource http://localhost:3000/_next/static/chunks/%5Broot-of-the-server%5D__ad960bb7._.css was preloaded using link preload but not used within a few seconds from the window's load event. Please make sure it has an appropriate `as` value and it is preloaded intentionally. @ http://localhost:3000/ar/host/events/6a144f75e2b0b6e2b1a1172c:0
[ 1454339ms] [LOG] [API] GET /notifications/unread-count - 200 (242ms) @ http://localhost:3000/_next/static/chunks/_4ce6cd05._.js:2132
[ 1457355ms] [WARNING] The resource http://localhost:3000/_next/static/chunks/%5Broot-of-the-server%5D__ad960bb7._.css was preloaded using link preload but not used within a few seconds from the window's load event. Please make sure it has an appropriate `as` value and it is preloaded intentionally. @ http://localhost:3000/ar/host/events/6a144f75e2b0b6e2b1a1172c:0
[ 1484558ms] [LOG] [API] GET /notifications/unread-count - 200 (207ms) @ http://localhost:3000/_next/static/chunks/_4ce6cd05._.js:2132
[ 1487561ms] [WARNING] The resource http://localhost:3000/_next/static/chunks/%5Broot-of-the-server%5D__ad960bb7._.css was preloaded using link preload but not used within a few seconds from the window's load event. Please make sure it has an appropriate `as` value and it is preloaded intentionally. @ http://localhost:3000/ar/host/events/6a144f75e2b0b6e2b1a1172c:0
[ 1514810ms] [LOG] [API] GET /notifications/unread-count - 200 (239ms) @ http://localhost:3000/_next/static/chunks/_4ce6cd05._.js:2132
[ 1517824ms] [WARNING] The resource http://localhost:3000/_next/static/chunks/%5Broot-of-the-server%5D__ad960bb7._.css was preloaded using link preload but not used within a few seconds from the window's load event. Please make sure it has an appropriate `as` value and it is preloaded intentionally. @ http://localhost:3000/ar/host/events/6a144f75e2b0b6e2b1a1172c:0
[ 1545024ms] [LOG] [API] GET /notifications/unread-count - 200 (212ms) @ http://localhost:3000/_next/static/chunks/_4ce6cd05._.js:2132
[ 1548025ms] [WARNING] The resource http://localhost:3000/_next/static/chunks/%5Broot-of-the-server%5D__ad960bb7._.css was preloaded using link preload but not used within a few seconds from the window's load event. Please make sure it has an appropriate `as` value and it is preloaded intentionally. @ http://localhost:3000/ar/host/events/6a144f75e2b0b6e2b1a1172c:0
[ 1575250ms] [LOG] [API] GET /notifications/unread-count - 200 (211ms) @ http://localhost:3000/_next/static/chunks/_4ce6cd05._.js:2132
[ 1578256ms] [WARNING] The resource http://localhost:3000/_next/static/chunks/%5Broot-of-the-server%5D__ad960bb7._.css was preloaded using link preload but not used within a few seconds from the window's load event. Please make sure it has an appropriate `as` value and it is preloaded intentionally. @ http://localhost:3000/ar/host/events/6a144f75e2b0b6e2b1a1172c:0
[ 1605480ms] [LOG] [API] GET /notifications/unread-count - 200 (218ms) @ http://localhost:3000/_next/static/chunks/_4ce6cd05._.js:2132
[ 1608491ms] [WARNING] The resource http://localhost:3000/_next/static/chunks/%5Broot-of-the-server%5D__ad960bb7._.css was preloaded using link preload but not used within a few seconds from the window's load event. Please make sure it has an appropriate `as` value and it is preloaded intentionally. @ http://localhost:3000/ar/host/events/6a144f75e2b0b6e2b1a1172c:0
[ 1635705ms] [LOG] [API] GET /notifications/unread-count - 200 (211ms) @ http://localhost:3000/_next/static/chunks/_4ce6cd05._.js:2132
[ 1638718ms] [WARNING] The resource http://localhost:3000/_next/static/chunks/%5Broot-of-the-server%5D__ad960bb7._.css was preloaded using link preload but not used within a few seconds from the window's load event. Please make sure it has an appropriate `as` value and it is preloaded intentionally. @ http://localhost:3000/ar/host/events/6a144f75e2b0b6e2b1a1172c:0
[ 1665924ms] [LOG] [API] GET /notifications/unread-count - 200 (210ms) @ http://localhost:3000/_next/static/chunks/_4ce6cd05._.js:2132
[ 1668937ms] [WARNING] The resource http://localhost:3000/_next/static/chunks/%5Broot-of-the-server%5D__ad960bb7._.css was preloaded using link preload but not used within a few seconds from the window's load event. Please make sure it has an appropriate `as` value and it is preloaded intentionally. @ http://localhost:3000/ar/host/events/6a144f75e2b0b6e2b1a1172c:0
[ 1696138ms] [LOG] [API] GET /notifications/unread-count - 200 (208ms) @ http://localhost:3000/_next/static/chunks/_4ce6cd05._.js:2132
[ 1699138ms] [WARNING] The resource http://localhost:3000/_next/static/chunks/%5Broot-of-the-server%5D__ad960bb7._.css was preloaded using link preload but not used within a few seconds from the window's load event. Please make sure it has an appropriate `as` value and it is preloaded intentionally. @ http://localhost:3000/ar/host/events/6a144f75e2b0b6e2b1a1172c:0
[ 1726350ms] [LOG] [API] GET /notifications/unread-count - 200 (205ms) @ http://localhost:3000/_next/static/chunks/_4ce6cd05._.js:2132
[ 1729352ms] [WARNING] The resource http://localhost:3000/_next/static/chunks/%5Broot-of-the-server%5D__ad960bb7._.css was preloaded using link preload but not used within a few seconds from the window's load event. Please make sure it has an appropriate `as` value and it is preloaded intentionally. @ http://localhost:3000/ar/host/events/6a144f75e2b0b6e2b1a1172c:0
[ 1756615ms] [LOG] [API] GET /notifications/unread-count - 200 (262ms) @ http://localhost:3000/_next/static/chunks/_4ce6cd05._.js:2132
[ 1759624ms] [WARNING] The resource http://localhost:3000/_next/static/chunks/%5Broot-of-the-server%5D__ad960bb7._.css was preloaded using link preload but not used within a few seconds from the window's load event. Please make sure it has an appropriate `as` value and it is preloaded intentionally. @ http://localhost:3000/ar/host/events/6a144f75e2b0b6e2b1a1172c:0
[ 1786829ms] [LOG] [API] GET /notifications/unread-count - 200 (203ms) @ http://localhost:3000/_next/static/chunks/_4ce6cd05._.js:2132
[ 1789833ms] [WARNING] The resource http://localhost:3000/_next/static/chunks/%5Broot-of-the-server%5D__ad960bb7._.css was preloaded using link preload but not used within a few seconds from the window's load event. Please make sure it has an appropriate `as` value and it is preloaded intentionally. @ http://localhost:3000/ar/host/events/6a144f75e2b0b6e2b1a1172c:0
[ 1817051ms] [LOG] [API] GET /notifications/unread-count - 200 (206ms) @ http://localhost:3000/_next/static/chunks/_4ce6cd05._.js:2132
[ 1820055ms] [WARNING] The resource http://localhost:3000/_next/static/chunks/%5Broot-of-the-server%5D__ad960bb7._.css was preloaded using link preload but not used within a few seconds from the window's load event. Please make sure it has an appropriate `as` value and it is preloaded intentionally. @ http://localhost:3000/ar/host/events/6a144f75e2b0b6e2b1a1172c:0
[ 1847280ms] [LOG] [API] GET /notifications/unread-count - 200 (215ms) @ http://localhost:3000/_next/static/chunks/_4ce6cd05._.js:2132
[ 1850290ms] [WARNING] The resource http://localhost:3000/_next/static/chunks/%5Broot-of-the-server%5D__ad960bb7._.css was preloaded using link preload but not used within a few seconds from the window's load event. Please make sure it has an appropriate `as` value and it is preloaded intentionally. @ http://localhost:3000/ar/host/events/6a144f75e2b0b6e2b1a1172c:0
[ 1877502ms] [LOG] [API] GET /notifications/unread-count - 200 (207ms) @ http://localhost:3000/_next/static/chunks/_4ce6cd05._.js:2132
[ 1880504ms] [WARNING] The resource http://localhost:3000/_next/static/chunks/%5Broot-of-the-server%5D__ad960bb7._.css was preloaded using link preload but not used within a few seconds from the window's load event. Please make sure it has an appropriate `as` value and it is preloaded intentionally. @ http://localhost:3000/ar/host/events/6a144f75e2b0b6e2b1a1172c:0
[ 1908057ms] [LOG] [API] GET /notifications/unread-count - 200 (551ms) @ http://localhost:3000/_next/static/chunks/_4ce6cd05._.js:2132
[ 1911059ms] [WARNING] The resource http://localhost:3000/_next/static/chunks/%5Broot-of-the-server%5D__ad960bb7._.css was preloaded using link preload but not used within a few seconds from the window's load event. Please make sure it has an appropriate `as` value and it is preloaded intentionally. @ http://localhost:3000/ar/host/events/6a144f75e2b0b6e2b1a1172c:0
[ 1938263ms] [LOG] [API] GET /notifications/unread-count - 200 (204ms) @ http://localhost:3000/_next/static/chunks/_4ce6cd05._.js:2132
[ 1941267ms] [WARNING] The resource http://localhost:3000/_next/static/chunks/%5Broot-of-the-server%5D__ad960bb7._.css was preloaded using link preload but not used within a few seconds from the window's load event. Please make sure it has an appropriate `as` value and it is preloaded intentionally. @ http://localhost:3000/ar/host/events/6a144f75e2b0b6e2b1a1172c:0
[ 1968474ms] [LOG] [API] GET /notifications/unread-count - 200 (208ms) @ http://localhost:3000/_next/static/chunks/_4ce6cd05._.js:2132
[ 1971476ms] [WARNING] The resource http://localhost:3000/_next/static/chunks/%5Broot-of-the-server%5D__ad960bb7._.css was preloaded using link preload but not used within a few seconds from the window's load event. Please make sure it has an appropriate `as` value and it is preloaded intentionally. @ http://localhost:3000/ar/host/events/6a144f75e2b0b6e2b1a1172c:0
[ 1976571ms] [LOG] [Fast Refresh] rebuilding @ http://localhost:3000/_next/static/chunks/node_modules_next_dist_client_cf1d9188._.js:5956
[ 1976571ms] [LOG] [Fast Refresh] done in 110ms @ http://localhost:3000/_next/static/chunks/node_modules_next_dist_client_cf1d9188._.js:5816
[ 1997791ms] [LOG] [Fast Refresh] rebuilding @ http://localhost:3000/_next/static/chunks/node_modules_next_dist_client_cf1d9188._.js:5956
[ 1998699ms] [LOG] [API] GET /notifications/unread-count - 200 (212ms) @ http://localhost:3000/_next/static/chunks/_4ce6cd05._.js:2132
[ 1999172ms] [LOG] [Fast Refresh] done in 1483ms @ http://localhost:3000/_next/static/chunks/node_modules_next_dist_client_cf1d9188._.js:5816
[ 1999286ms] [LOG] [Fast Refresh] rebuilding @ http://localhost:3000/_next/static/chunks/node_modules_next_dist_client_cf1d9188._.js:5956
[ 1999320ms] [LOG] [Fast Refresh] done in 149ms @ http://localhost:3000/_next/static/chunks/node_modules_next_dist_client_cf1d9188._.js:5816
[ 1999718ms] [LOG] [Fast Refresh] rebuilding @ http://localhost:3000/_next/static/chunks/node_modules_next_dist_client_cf1d9188._.js:5956
[ 1999901ms] [LOG] [Fast Refresh] done in 285ms @ http://localhost:3000/_next/static/chunks/node_modules_next_dist_client_cf1d9188._.js:5816
[ 2001700ms] [WARNING] The resource http://localhost:3000/_next/static/chunks/%5Broot-of-the-server%5D__ad960bb7._.css was preloaded using link preload but not used within a few seconds from the window's load event. Please make sure it has an appropriate `as` value and it is preloaded intentionally. @ http://localhost:3000/ar/host/events/6a144f75e2b0b6e2b1a1172c:0
[ 2028908ms] [LOG] [API] GET /notifications/unread-count - 200 (204ms) @ http://localhost:3000/_next/static/chunks/_4ce6cd05._.js:2132
[ 2031918ms] [WARNING] The resource http://localhost:3000/_next/static/chunks/%5Broot-of-the-server%5D__ad960bb7._.css was preloaded using link preload but not used within a few seconds from the window's load event. Please make sure it has an appropriate `as` value and it is preloaded intentionally. @ http://localhost:3000/ar/host/events/6a144f75e2b0b6e2b1a1172c:0
[ 2059119ms] [LOG] [API] GET /notifications/unread-count - 200 (204ms) @ http://localhost:3000/_next/static/chunks/_4ce6cd05._.js:2132
[ 2062126ms] [WARNING] The resource http://localhost:3000/_next/static/chunks/%5Broot-of-the-server%5D__ad960bb7._.css was preloaded using link preload but not used within a few seconds from the window's load event. Please make sure it has an appropriate `as` value and it is preloaded intentionally. @ http://localhost:3000/ar/host/events/6a144f75e2b0b6e2b1a1172c:0
[ 2089335ms] [LOG] [API] GET /notifications/unread-count - 200 (206ms) @ http://localhost:3000/_next/static/chunks/_4ce6cd05._.js:2132
[ 2091704ms] [LOG] [Fast Refresh] rebuilding @ http://localhost:3000/_next/static/chunks/node_modules_next_dist_client_cf1d9188._.js:5956
[ 2091704ms] [LOG] [Fast Refresh] done in 105ms @ http://localhost:3000/_next/static/chunks/node_modules_next_dist_client_cf1d9188._.js:5816
[ 2092160ms] [LOG] [Fast Refresh] rebuilding @ http://localhost:3000/_next/static/chunks/node_modules_next_dist_client_cf1d9188._.js:5956
[ 2092164ms] [LOG] [Fast Refresh] done in 113ms @ http://localhost:3000/_next/static/chunks/node_modules_next_dist_client_cf1d9188._.js:5816
[ 2092346ms] [WARNING] The resource http://localhost:3000/_next/static/chunks/%5Broot-of-the-server%5D__ad960bb7._.css was preloaded using link preload but not used within a few seconds from the window's load event. Please make sure it has an appropriate `as` value and it is preloaded intentionally. @ http://localhost:3000/ar/host/events/6a144f75e2b0b6e2b1a1172c:0
[ 2119348ms] [ERROR] Failed to load resource: the server responded with a status of 401 (Unauthorized) @ http://localhost:3000/api/v2/notifications/unread-count:0
[ 2119356ms] [ERROR] Failed to load resource: the server responded with a status of 401 (Unauthorized) @ http://localhost:3000/api/v2/auth/refresh:0
[ 2120377ms] [ERROR] Failed to load resource: the server responded with a status of 401 (Unauthorized) @ http://localhost:3000/api/v2/notifications/unread-count:0
[ 2120384ms] [ERROR] Failed to load resource: the server responded with a status of 401 (Unauthorized) @ http://localhost:3000/api/v2/auth/refresh:0
[ 2122396ms] [ERROR] Failed to load resource: the server responded with a status of 401 (Unauthorized) @ http://localhost:3000/api/v2/notifications/unread-count:0
[ 2122404ms] [ERROR] Failed to load resource: the server responded with a status of 401 (Unauthorized) @ http://localhost:3000/api/v2/auth/refresh:0
[ 2125407ms] [WARNING] The resource http://localhost:3000/_next/static/chunks/%5Broot-of-the-server%5D__ad960bb7._.css was preloaded using link preload but not used within a few seconds from the window's load event. Please make sure it has an appropriate `as` value and it is preloaded intentionally. @ http://localhost:3000/ar/host/events/6a144f75e2b0b6e2b1a1172c:0
[ 2126413ms] [ERROR] Failed to load resource: the server responded with a status of 401 (Unauthorized) @ http://localhost:3000/api/v2/notifications/unread-count:0
[ 2126420ms] [ERROR] Failed to load resource: the server responded with a status of 401 (Unauthorized) @ http://localhost:3000/api/v2/auth/refresh:0
[ 2129437ms] [WARNING] The resource http://localhost:3000/_next/static/chunks/%5Broot-of-the-server%5D__ad960bb7._.css was preloaded using link preload but not used within a few seconds from the window's load event. Please make sure it has an appropriate `as` value and it is preloaded intentionally. @ http://localhost:3000/ar/host/events/6a144f75e2b0b6e2b1a1172c:0
[ 2136041ms] [LOG] [Fast Refresh] rebuilding @ http://localhost:3000/_next/static/chunks/node_modules_next_dist_client_cf1d9188._.js:5956
[ 2136049ms] [LOG] [Fast Refresh] done in 118ms @ http://localhost:3000/_next/static/chunks/node_modules_next_dist_client_cf1d9188._.js:5816
[ 2137241ms] [LOG] [Fast Refresh] rebuilding @ http://localhost:3000/_next/static/chunks/node_modules_next_dist_client_cf1d9188._.js:5956
[ 2137267ms] [LOG] [Fast Refresh] done in 140ms @ http://localhost:3000/_next/static/chunks/node_modules_next_dist_client_cf1d9188._.js:5816
[ 2137575ms] [LOG] [Fast Refresh] rebuilding @ http://localhost:3000/_next/static/chunks/node_modules_next_dist_client_cf1d9188._.js:5956
[ 2137602ms] [LOG] [Fast Refresh] done in 132ms @ http://localhost:3000/_next/static/chunks/node_modules_next_dist_client_cf1d9188._.js:5816
[ 2141106ms] [LOG] [Fast Refresh] rebuilding @ http://localhost:3000/_next/static/chunks/node_modules_next_dist_client_cf1d9188._.js:5956
[ 2141373ms] [LOG] [Fast Refresh] done in 372ms @ http://localhost:3000/_next/static/chunks/node_modules_next_dist_client_cf1d9188._.js:5816
[ 2146339ms] [LOG] [Fast Refresh] rebuilding @ http://localhost:3000/_next/static/chunks/node_modules_next_dist_client_cf1d9188._.js:5956
[ 2146706ms] [LOG] [Fast Refresh] done in 479ms @ http://localhost:3000/_next/static/chunks/node_modules_next_dist_client_cf1d9188._.js:5816
[ 2146821ms] [LOG] [Fast Refresh] rebuilding @ http://localhost:3000/_next/static/chunks/node_modules_next_dist_client_cf1d9188._.js:5956
[ 2146839ms] [LOG] [Fast Refresh] done in 133ms @ http://localhost:3000/_next/static/chunks/node_modules_next_dist_client_cf1d9188._.js:5816
[ 2147637ms] [LOG] [Fast Refresh] rebuilding @ http://localhost:3000/_next/static/chunks/node_modules_next_dist_client_cf1d9188._.js:5956
[ 2147651ms] [LOG] [Fast Refresh] done in 126ms @ http://localhost:3000/_next/static/chunks/node_modules_next_dist_client_cf1d9188._.js:5816
[ 2156646ms] [LOG] [API] GET /notifications/unread-count - 200 (210ms) @ http://localhost:3000/_next/static/chunks/_4ce6cd05._.js:2132
[ 2159647ms] [WARNING] The resource http://localhost:3000/_next/static/chunks/%5Broot-of-the-server%5D__ad960bb7._.css was preloaded using link preload but not used within a few seconds from the window's load event. Please make sure it has an appropriate `as` value and it is preloaded intentionally. @ http://localhost:3000/ar/host/events/6a144f75e2b0b6e2b1a1172c:0
[ 2168441ms] [LOG] [Fast Refresh] rebuilding @ http://localhost:3000/_next/static/chunks/node_modules_next_dist_client_cf1d9188._.js:5956
[ 2168441ms] [LOG] [Fast Refresh] done in 103ms @ http://localhost:3000/_next/static/chunks/node_modules_next_dist_client_cf1d9188._.js:5816
[ 2170842ms] [LOG] [Fast Refresh] rebuilding @ http://localhost:3000/_next/static/chunks/node_modules_next_dist_client_cf1d9188._.js:5956
[ 2170842ms] [LOG] [Fast Refresh] done in 103ms @ http://localhost:3000/_next/static/chunks/node_modules_next_dist_client_cf1d9188._.js:5816
[ 2186854ms] [LOG] [API] GET /notifications/unread-count - 200 (205ms) @ http://localhost:3000/_next/static/chunks/_4ce6cd05._.js:2132
[ 2189864ms] [WARNING] The resource http://localhost:3000/_next/static/chunks/%5Broot-of-the-server%5D__ad960bb7._.css was preloaded using link preload but not used within a few seconds from the window's load event. Please make sure it has an appropriate `as` value and it is preloaded intentionally. @ http://localhost:3000/ar/host/events/6a144f75e2b0b6e2b1a1172c:0
[ 2217065ms] [LOG] [API] GET /notifications/unread-count - 200 (208ms) @ http://localhost:3000/_next/static/chunks/_4ce6cd05._.js:2132
[ 2220079ms] [WARNING] The resource http://localhost:3000/_next/static/chunks/%5Broot-of-the-server%5D__ad960bb7._.css was preloaded using link preload but not used within a few seconds from the window's load event. Please make sure it has an appropriate `as` value and it is preloaded intentionally. @ http://localhost:3000/ar/host/events/6a144f75e2b0b6e2b1a1172c:0
[ 2247281ms] [LOG] [API] GET /notifications/unread-count - 200 (203ms) @ http://localhost:3000/_next/static/chunks/_4ce6cd05._.js:2132
[ 2250294ms] [WARNING] The resource http://localhost:3000/_next/static/chunks/%5Broot-of-the-server%5D__ad960bb7._.css was preloaded using link preload but not used within a few seconds from the window's load event. Please make sure it has an appropriate `as` value and it is preloaded intentionally. @ http://localhost:3000/ar/host/events/6a144f75e2b0b6e2b1a1172c:0
[ 2277511ms] [LOG] [API] GET /notifications/unread-count - 200 (221ms) @ http://localhost:3000/_next/static/chunks/_4ce6cd05._.js:2132
[ 2280522ms] [WARNING] The resource http://localhost:3000/_next/static/chunks/%5Broot-of-the-server%5D__ad960bb7._.css was preloaded using link preload but not used within a few seconds from the window's load event. Please make sure it has an appropriate `as` value and it is preloaded intentionally. @ http://localhost:3000/ar/host/events/6a144f75e2b0b6e2b1a1172c:0
[ 2307805ms] [LOG] [API] GET /notifications/unread-count - 200 (293ms) @ http://localhost:3000/_next/static/chunks/_4ce6cd05._.js:2132
[ 2310806ms] [WARNING] The resource http://localhost:3000/_next/static/chunks/%5Broot-of-the-server%5D__ad960bb7._.css was preloaded using link preload but not used within a few seconds from the window's load event. Please make sure it has an appropriate `as` value and it is preloaded intentionally. @ http://localhost:3000/ar/host/events/6a144f75e2b0b6e2b1a1172c:0
[ 2338021ms] [LOG] [API] GET /notifications/unread-count - 200 (203ms) @ http://localhost:3000/_next/static/chunks/_4ce6cd05._.js:2132
[ 2341032ms] [WARNING] The resource http://localhost:3000/_next/static/chunks/%5Broot-of-the-server%5D__ad960bb7._.css was preloaded using link preload but not used within a few seconds from the window's load event. Please make sure it has an appropriate `as` value and it is preloaded intentionally. @ http://localhost:3000/ar/host/events/6a144f75e2b0b6e2b1a1172c:0
[ 2368238ms] [LOG] [API] GET /notifications/unread-count - 200 (207ms) @ http://localhost:3000/_next/static/chunks/_4ce6cd05._.js:2132
[ 2371252ms] [WARNING] The resource http://localhost:3000/_next/static/chunks/%5Broot-of-the-server%5D__ad960bb7._.css was preloaded using link preload but not used within a few seconds from the window's load event. Please make sure it has an appropriate `as` value and it is preloaded intentionally. @ http://localhost:3000/ar/host/events/6a144f75e2b0b6e2b1a1172c:0
