[    8930ms] [INFO] %cDownload the React DevTools for a better development experience: https://react.dev/link/react-devtools font-weight:bold @ http://localhost:3001/_next/static/chunks/node_modules_next_dist_compiled_react-dom_1e674e59._.js:14537
[    8990ms] [INFO] %c%s%c 🌐 i18next is made possible by our own product, Locize — consider powering your project with managed localization (AI, CDN, integrations): https://locize.com 💙 background: #e6e6e6;background: light-dark(rgba(0,0,0,0.1), rgba(255,255,255,0.25));color: #000000;color: light-dark(#000000, #ffffff);border-radius: 2px  Server   @ about://React/Server/D:%5Challa%5Clabbe%5C.next%5Cserver%5Cchunks%5Cssr%5C%5Broot-of-the-server%5D__852da727._.js?2:798
[    9074ms] [INFO] 🌐 i18next is made possible by our own product, Locize — consider powering your project with managed localization (AI, CDN, integrations): https://locize.com 💙 @ http://localhost:3001/_next/static/chunks/node_modules_5dfc3838._.js:3250
[    9226ms] [ERROR] Failed to load resource: the server responded with a status of 401 (Unauthorized) @ http://localhost:3001/api/v2/notifications/unread-count:0
[    9233ms] [ERROR] Failed to load resource: the server responded with a status of 401 (Unauthorized) @ http://localhost:3001/api/v2/dashboard/host:0
[    9248ms] [ERROR] Failed to load resource: the server responded with a status of 500 (Internal Server Error) @ http://localhost:3001/api/v2/auth/refresh:0
[   10290ms] [ERROR] Failed to load resource: the server responded with a status of 401 (Unauthorized) @ http://localhost:3001/api/v2/notifications/unread-count:0
[   10294ms] [ERROR] Failed to load resource: the server responded with a status of 401 (Unauthorized) @ http://localhost:3001/api/v2/dashboard/host:0
[   10303ms] [ERROR] Failed to load resource: the server responded with a status of 500 (Internal Server Error) @ http://localhost:3001/api/v2/auth/refresh:0
[   10949ms] [LOG] [Fast Refresh] rebuilding @ http://localhost:3001/_next/static/chunks/node_modules_next_dist_client_cf1d9188._.js:5956
[   11159ms] [LOG] [Fast Refresh] done in 311ms @ http://localhost:3001/_next/static/chunks/node_modules_next_dist_client_cf1d9188._.js:5816
[   11292ms] [ERROR] Failed to load resource: the server responded with a status of 500 (Internal Server Error) @ http://localhost:3001/favicon.ico:0
[   11746ms] [INFO] %cDownload the React DevTools for a better development experience: https://react.dev/link/react-devtools font-weight:bold @ http://localhost:3001/_next/static/chunks/node_modules_next_dist_compiled_react-dom_1e674e59._.js:14537
[   11776ms] [INFO] 🌐 i18next is made possible by our own product, Locize — consider powering your project with managed localization (AI, CDN, integrations): https://locize.com 💙 @ http://localhost:3001/_next/static/chunks/node_modules_5dfc3838._.js:3250
[   11941ms] [WARNING] Image with src "/login/1.png" was detected as the Largest Contentful Paint (LCP). Please add the "priority" property if this image is above the fold.
Read more: https://nextjs.org/docs/api-reference/next/image#priority @ http://localhost:3001/_next/static/chunks/node_modules_next_dist_b0daae9a._.js:1014
[   11958ms] [ERROR] Failed to load resource: the server responded with a status of 500 (Internal Server Error) @ http://localhost:3001/api/v2/auth/logout:0
[   11959ms] [ERROR] [API Error] POST /auth/logout - 500 (20ms): Not allowed by CORS @ http://localhost:3001/_next/static/chunks/node_modules_next_dist_b0daae9a._.js:2405
[   11960ms] [WARNING] [authStore.logout] backend revoke failed: Not allowed by CORS @ http://localhost:3001/_next/static/chunks/_b89a6c7c._.js:3479
[   12050ms] [LOG] [Fast Refresh] rebuilding @ http://localhost:3001/_next/static/chunks/node_modules_next_dist_client_cf1d9188._.js:5956
[   12126ms] [LOG] [Fast Refresh] done in 179ms @ http://localhost:3001/_next/static/chunks/node_modules_next_dist_client_cf1d9188._.js:5816
[   12209ms] [ERROR] Failed to load resource: the server responded with a status of 500 (Internal Server Error) @ http://localhost:3001/favicon.ico:0
[   15032ms] [WARNING] Image with src "/login/2.png" was detected as the Largest Contentful Paint (LCP). Please add the "priority" property if this image is above the fold.
Read more: https://nextjs.org/docs/api-reference/next/image#priority @ http://localhost:3001/_next/static/chunks/node_modules_next_dist_b0daae9a._.js:1014
[   21015ms] [WARNING] Image with src "/login/4.png" was detected as the Largest Contentful Paint (LCP). Please add the "priority" property if this image is above the fold.
Read more: https://nextjs.org/docs/api-reference/next/image#priority @ http://localhost:3001/_next/static/chunks/node_modules_next_dist_b0daae9a._.js:1014
[   29943ms] [WARNING] The resource http://localhost:3001/_next/static/chunks/%5Broot-of-the-server%5D__ad960bb7._.css was preloaded using link preload but not used within a few seconds from the window's load event. Please make sure it has an appropriate `as` value and it is preloaded intentionally. @ http://localhost:3001/en/login:0
[   35944ms] [WARNING] The resource http://localhost:3001/_next/static/chunks/%5Broot-of-the-server%5D__ad960bb7._.css was preloaded using link preload but not used within a few seconds from the window's load event. Please make sure it has an appropriate `as` value and it is preloaded intentionally. @ http://localhost:3001/en/login:0
[   56942ms] [WARNING] The resource http://localhost:3001/_next/static/chunks/%5Broot-of-the-server%5D__ad960bb7._.css was preloaded using link preload but not used within a few seconds from the window's load event. Please make sure it has an appropriate `as` value and it is preloaded intentionally. @ http://localhost:3001/en/login:0
[   65944ms] [WARNING] The resource http://localhost:3001/_next/static/chunks/%5Broot-of-the-server%5D__ad960bb7._.css was preloaded using link preload but not used within a few seconds from the window's load event. Please make sure it has an appropriate `as` value and it is preloaded intentionally. @ http://localhost:3001/en/login:0
[   83942ms] [WARNING] The resource http://localhost:3001/_next/static/chunks/%5Broot-of-the-server%5D__ad960bb7._.css was preloaded using link preload but not used within a few seconds from the window's load event. Please make sure it has an appropriate `as` value and it is preloaded intentionally. @ http://localhost:3001/en/login:0
[   89936ms] [WARNING] The resource http://localhost:3001/_next/static/chunks/%5Broot-of-the-server%5D__ad960bb7._.css was preloaded using link preload but not used within a few seconds from the window's load event. Please make sure it has an appropriate `as` value and it is preloaded intentionally. @ http://localhost:3001/en/login:0
[   95938ms] [WARNING] The resource http://localhost:3001/_next/static/chunks/%5Broot-of-the-server%5D__ad960bb7._.css was preloaded using link preload but not used within a few seconds from the window's load event. Please make sure it has an appropriate `as` value and it is preloaded intentionally. @ http://localhost:3001/en/login:0
[  104944ms] [WARNING] The resource http://localhost:3001/_next/static/chunks/%5Broot-of-the-server%5D__ad960bb7._.css was preloaded using link preload but not used within a few seconds from the window's load event. Please make sure it has an appropriate `as` value and it is preloaded intentionally. @ http://localhost:3001/en/login:0
[  116946ms] [WARNING] The resource http://localhost:3001/_next/static/chunks/%5Broot-of-the-server%5D__ad960bb7._.css was preloaded using link preload but not used within a few seconds from the window's load event. Please make sure it has an appropriate `as` value and it is preloaded intentionally. @ http://localhost:3001/en/login:0
[  128943ms] [WARNING] The resource http://localhost:3001/_next/static/chunks/%5Broot-of-the-server%5D__ad960bb7._.css was preloaded using link preload but not used within a few seconds from the window's load event. Please make sure it has an appropriate `as` value and it is preloaded intentionally. @ http://localhost:3001/en/login:0
