[     138ms] [LOG] [Fast Refresh] rebuilding @ http://localhost:3100/_next/static/chunks/node_modules_next_dist_client_cf1d9188._.js:5956
[     606ms] [LOG] [Fast Refresh] done in 578ms @ http://localhost:3100/_next/static/chunks/node_modules_next_dist_client_cf1d9188._.js:5816
[    1294ms] [INFO] %cDownload the React DevTools for a better development experience: https://react.dev/link/react-devtools font-weight:bold @ http://localhost:3100/_next/static/chunks/node_modules_next_dist_compiled_react-dom_1e674e59._.js:14537
[    1363ms] [INFO] 🌐 i18next is made possible by our own product, Locize — consider powering your project with managed localization (AI, CDN, integrations): https://locize.com 💙 @ http://localhost:3100/_next/static/chunks/node_modules_5dfc3838._.js:3250
[    1413ms] [ERROR] Encountered two children with the same key, `%s`. Keys should be unique so that components maintain their identity across updates. Non-unique keys may cause children to be duplicated and/or omitted — the behavior is unsupported and could change in a future version. /marketplace/hero.jpg @ http://localhost:3100/_next/static/chunks/node_modules_next_dist_b0daae9a._.js:2405
[    1413ms] [ERROR] Encountered two children with the same key, `%s`. Keys should be unique so that components maintain their identity across updates. Non-unique keys may cause children to be duplicated and/or omitted — the behavior is unsupported and could change in a future version. /marketplace/hero.jpg @ http://localhost:3100/_next/static/chunks/node_modules_next_dist_b0daae9a._.js:2405
[    1414ms] [ERROR] Encountered two children with the same key, `%s`. Keys should be unique so that components maintain their identity across updates. Non-unique keys may cause children to be duplicated and/or omitted — the behavior is unsupported and could change in a future version. /marketplace/hero.jpg @ http://localhost:3100/_next/static/chunks/node_modules_next_dist_b0daae9a._.js:2405
[    1414ms] [ERROR] Encountered two children with the same key, `%s`. Keys should be unique so that components maintain their identity across updates. Non-unique keys may cause children to be duplicated and/or omitted — the behavior is unsupported and could change in a future version. /marketplace/hero.jpg @ http://localhost:3100/_next/static/chunks/node_modules_next_dist_b0daae9a._.js:2405
[    1414ms] [ERROR] Encountered two children with the same key, `%s`. Keys should be unique so that components maintain their identity across updates. Non-unique keys may cause children to be duplicated and/or omitted — the behavior is unsupported and could change in a future version. /marketplace/hero.jpg @ http://localhost:3100/_next/static/chunks/node_modules_next_dist_b0daae9a._.js:2405
[    1574ms] [LOG] [Fast Refresh] rebuilding @ http://localhost:3100/_next/static/chunks/node_modules_next_dist_client_cf1d9188._.js:5956
[    1620ms] [LOG] [Fast Refresh] done in 151ms @ http://localhost:3100/_next/static/chunks/node_modules_next_dist_client_cf1d9188._.js:5816
[    1781ms] [ERROR] Failed to load resource: the server responded with a status of 500 (Internal Server Error) @ http://localhost:3100/favicon.ico:0
[    4838ms] [WARNING] The resource http://localhost:3100/_next/static/chunks/%5Broot-of-the-server%5D__ad960bb7._.css was preloaded using link preload but not used within a few seconds from the window's load event. Please make sure it has an appropriate `as` value and it is preloaded intentionally. @ http://localhost:3100/ar/preview-vendor:0
[   70992ms] [LOG] [Fast Refresh] rebuilding @ http://localhost:3100/_next/static/chunks/node_modules_next_dist_client_cf1d9188._.js:5956
[   71027ms] [LOG] [Fast Refresh] done in 38ms @ http://localhost:3100/_next/static/chunks/node_modules_next_dist_client_cf1d9188._.js:5816
[   74030ms] [WARNING] The resource http://localhost:3100/_next/static/chunks/%5Broot-of-the-server%5D__ad960bb7._.css was preloaded using link preload but not used within a few seconds from the window's load event. Please make sure it has an appropriate `as` value and it is preloaded intentionally. @ http://localhost:3100/ar/preview-vendor:0
[   81066ms] [LOG] [Fast Refresh] rebuilding @ http://localhost:3100/_next/static/chunks/node_modules_next_dist_client_cf1d9188._.js:5956
[   81078ms] [ERROR] [Turbopack HMR] Expected module to match pattern: [project]/labbe/localization/locales/ar/marketplace.json (json) @ http://localhost:3100/_next/static/chunks/node_modules_next_dist_b0daae9a._.js:2405
[   81110ms] [LOG] [Fast Refresh] done in 45ms @ http://localhost:3100/_next/static/chunks/node_modules_next_dist_client_cf1d9188._.js:5816
[   85494ms] [WARNING] The resource http://localhost:3100/_next/static/chunks/%5Broot-of-the-server%5D__ad960bb7._.css was preloaded using link preload but not used within a few seconds from the window's load event. Please make sure it has an appropriate `as` value and it is preloaded intentionally. @ http://localhost:3100/ar/preview-vendor:0
[   87341ms] [LOG] [Fast Refresh] rebuilding @ http://localhost:3100/_next/static/chunks/node_modules_next_dist_client_cf1d9188._.js:5956
[   87353ms] [ERROR] [Turbopack HMR] Expected module to match pattern: [project]/labbe/localization/locales/en/marketplace.json (json) @ http://localhost:3100/_next/static/chunks/node_modules_next_dist_b0daae9a._.js:2405
[   87455ms] [LOG] [Fast Refresh] done in 36ms @ http://localhost:3100/_next/static/chunks/node_modules_next_dist_client_cf1d9188._.js:5816
[   87646ms] [LOG] [Fast Refresh] rebuilding @ http://localhost:3100/_next/static/chunks/node_modules_next_dist_client_cf1d9188._.js:5956
[   87669ms] [LOG] [Fast Refresh] done in 131ms @ http://localhost:3100/_next/static/chunks/node_modules_next_dist_client_cf1d9188._.js:5816
[   88226ms] [ERROR] Failed to load resource: the server responded with a status of 500 (Internal Server Error) @ http://localhost:3100/ar/preview-vendor?_rsc=DKezo_rPMsLf0sKG:0
[   88579ms] [ERROR] Failed to load resource: the server responded with a status of 404 (Not Found) @ http://localhost:3100/ar/preview-vendor?_rsc=DKezo_rPMsLf0sKG:0
[   88930ms] [LOG] [Fast Refresh] rebuilding @ http://localhost:3100/_next/static/chunks/node_modules_next_dist_client_cf1d9188._.js:5956
[   88965ms] [LOG] [Fast Refresh] done in 144ms @ http://localhost:3100/_next/static/chunks/node_modules_next_dist_client_cf1d9188._.js:5816
[   88993ms] [ERROR] Failed to load resource: the server responded with a status of 404 (Not Found) @ http://localhost:3100/ar/preview-vendor?_rsc=DKezo_rPMsLf0sKG:0
[   89372ms] [ERROR] Failed to load resource: the server responded with a status of 404 (Not Found) @ http://localhost:3100/ar/preview-vendor:0
[   89484ms] [INFO] %cDownload the React DevTools for a better development experience: https://react.dev/link/react-devtools font-weight:bold @ http://localhost:3100/_next/static/chunks/node_modules_next_dist_compiled_react-dom_1e674e59._.js:14537
[   89646ms] [LOG] [Fast Refresh] rebuilding @ http://localhost:3100/_next/static/chunks/node_modules_next_dist_client_cf1d9188._.js:5956
[   89748ms] [LOG] [Fast Refresh] done in 209ms @ http://localhost:3100/_next/static/chunks/node_modules_next_dist_client_cf1d9188._.js:5816
[   89895ms] [ERROR] Failed to load resource: the server responded with a status of 500 (Internal Server Error) @ http://localhost:3100/favicon.ico:0
[   92947ms] [WARNING] The resource http://localhost:3100/_next/static/chunks/%5Broot-of-the-server%5D__ad960bb7._.css was preloaded using link preload but not used within a few seconds from the window's load event. Please make sure it has an appropriate `as` value and it is preloaded intentionally. @ http://localhost:3100/ar/preview-vendor:0
