[     170ms] [LOG] [Fast Refresh] rebuilding @ http://localhost:3000/_next/static/chunks/node_modules_next_dist_client_cf1d9188._.js:5956
[     192ms] [LOG] [Fast Refresh] done in 127ms @ http://localhost:3000/_next/static/chunks/node_modules_next_dist_client_cf1d9188._.js:5816
[    1368ms] [INFO] %cDownload the React DevTools for a better development experience: https://react.dev/link/react-devtools font-weight:bold @ http://localhost:3000/_next/static/chunks/node_modules_next_dist_compiled_react-dom_1e674e59._.js:14537
[    1392ms] [LOG] %c%s%c [API] GET /events/stats/6a00858bbed593ed4fd100c3 - 200 (944ms) background: #e6e6e6;background: light-dark(rgba(0,0,0,0.1), rgba(255,255,255,0.25));color: #000000;color: light-dark(#000000, #ffffff);border-radius: 2px  Server   @ about://React/Server/D:%5Challa%5Clabbe%5C.next%5Cserver%5Cchunks%5Cssr%5C%5Broot-of-the-server%5D__10554727._.js?7:774
[    1433ms] [INFO] 🌐 i18next is made possible by our own product, Locize — consider powering your project with managed localization (AI, CDN, integrations): https://locize.com 💙 @ http://localhost:3000/_next/static/chunks/node_modules_5dfc3838._.js:3250
[    1671ms] [LOG] [Fast Refresh] rebuilding @ http://localhost:3000/_next/static/chunks/node_modules_next_dist_client_cf1d9188._.js:5956
[    1707ms] [LOG] [Fast Refresh] done in 139ms @ http://localhost:3000/_next/static/chunks/node_modules_next_dist_client_cf1d9188._.js:5816
[    1792ms] [ERROR] Failed to load resource: the server responded with a status of 500 (Internal Server Error) @ http://localhost:3000/favicon.ico:0
[    2428ms] [LOG] [API] GET /notifications/unread-count - 200 (870ms) @ http://localhost:3000/_next/static/chunks/_d74edac0._.js:2258
[    3002ms] [LOG] [API] GET /guests/events/6a00858bbed593ed4fd100c3 - 200 (1444ms) @ http://localhost:3000/_next/static/chunks/_d74edac0._.js:2258
[    3018ms] [LOG] [API] GET /events/6a00858bbed593ed4fd100c3 - 200 (1460ms) @ http://localhost:3000/_next/static/chunks/_d74edac0._.js:2258
[    3651ms] [LOG] [API] GET /events/6a00858bbed593ed4fd100c3/scheduled-reminders - 200 (2092ms) @ http://localhost:3000/_next/static/chunks/_d74edac0._.js:2258
[    6652ms] [WARNING] The resource http://localhost:3000/_next/static/chunks/%5Broot-of-the-server%5D__ad960bb7._.css was preloaded using link preload but not used within a few seconds from the window's load event. Please make sure it has an appropriate `as` value and it is preloaded intentionally. @ http://localhost:3000/en/admin-dash/events/6a00858bbed593ed4fd100c3:0
[   32790ms] [LOG] [API] GET /notifications/unread-count - 200 (357ms) @ http://localhost:3000/_next/static/chunks/_d74edac0._.js:2258
[   35800ms] [WARNING] The resource http://localhost:3000/_next/static/chunks/%5Broot-of-the-server%5D__ad960bb7._.css was preloaded using link preload but not used within a few seconds from the window's load event. Please make sure it has an appropriate `as` value and it is preloaded intentionally. @ http://localhost:3000/en/admin-dash/events/6a00858bbed593ed4fd100c3:0
[   63421ms] [LOG] [API] GET /notifications/unread-count - 200 (625ms) @ http://localhost:3000/_next/static/chunks/_d74edac0._.js:2258
[   66428ms] [WARNING] The resource http://localhost:3000/_next/static/chunks/%5Broot-of-the-server%5D__ad960bb7._.css was preloaded using link preload but not used within a few seconds from the window's load event. Please make sure it has an appropriate `as` value and it is preloaded intentionally. @ http://localhost:3000/en/admin-dash/events/6a00858bbed593ed4fd100c3:0
[   69734ms] [LOG] [Fast Refresh] rebuilding @ http://localhost:3000/_next/static/chunks/node_modules_next_dist_client_cf1d9188._.js:5956
[   69762ms] [LOG] [Fast Refresh] done in 20ms @ http://localhost:3000/_next/static/chunks/node_modules_next_dist_client_cf1d9188._.js:5816
[   93629ms] [LOG] [API] GET /notifications/unread-count - 200 (203ms) @ http://localhost:3000/_next/static/chunks/_d74edac0._.js:2258
[   96640ms] [WARNING] The resource http://localhost:3000/_next/static/chunks/%5Broot-of-the-server%5D__ad960bb7._.css was preloaded using link preload but not used within a few seconds from the window's load event. Please make sure it has an appropriate `as` value and it is preloaded intentionally. @ http://localhost:3000/en/admin-dash/events/6a00858bbed593ed4fd100c3:0
[  123839ms] [LOG] [API] GET /notifications/unread-count - 200 (200ms) @ http://localhost:3000/_next/static/chunks/_d74edac0._.js:2258
[  126854ms] [WARNING] The resource http://localhost:3000/_next/static/chunks/%5Broot-of-the-server%5D__ad960bb7._.css was preloaded using link preload but not used within a few seconds from the window's load event. Please make sure it has an appropriate `as` value and it is preloaded intentionally. @ http://localhost:3000/en/admin-dash/events/6a00858bbed593ed4fd100c3:0
[  145754ms] [LOG] [Fast Refresh] rebuilding @ http://localhost:3000/_next/static/chunks/node_modules_next_dist_client_cf1d9188._.js:5956
[  145935ms] [LOG] [Fast Refresh] done in 292ms @ http://localhost:3000/_next/static/chunks/node_modules_next_dist_client_cf1d9188._.js:5816
[  146907ms] [LOG] %c%s%c [API] GET /events/stats/6a00858bbed593ed4fd100c3 - 200 (938ms) background: #e6e6e6;background: light-dark(rgba(0,0,0,0.1), rgba(255,255,255,0.25));color: #000000;color: light-dark(#000000, #ffffff);border-radius: 2px  Server   @ about://React/Server/D:%5Challa%5Clabbe%5C.next%5Cserver%5Cchunks%5Cssr%5C%5Broot-of-the-server%5D__cfa0c306._.js?37:1014
[  149920ms] [WARNING] The resource http://localhost:3000/_next/static/chunks/%5Broot-of-the-server%5D__ad960bb7._.css was preloaded using link preload but not used within a few seconds from the window's load event. Please make sure it has an appropriate `as` value and it is preloaded intentionally. @ http://localhost:3000/en/admin-dash/events/6a00858bbed593ed4fd100c3:0
[  153861ms] [ERROR] Failed to load resource: the server responded with a status of 500 (Internal Server Error) @ http://localhost:3000/api/v2/notifications/unread-count:0
[  153863ms] [ERROR] [API Error] GET /notifications/unread-count - 500 (10ms): errors.server_error @ http://localhost:3000/_next/static/chunks/node_modules_next_dist_b0daae9a._.js:2405
[  154002ms] [LOG] [Fast Refresh] rebuilding @ http://localhost:3000/_next/static/chunks/node_modules_next_dist_client_cf1d9188._.js:5956
[  154877ms] [ERROR] Failed to load resource: the server responded with a status of 500 (Internal Server Error) @ http://localhost:3000/api/v2/notifications/unread-count:0
[  154878ms] [ERROR] [API Error] GET /notifications/unread-count - 500 (8ms): errors.server_error @ http://localhost:3000/_next/static/chunks/node_modules_next_dist_b0daae9a._.js:2405
[  155233ms] [LOG] [Fast Refresh] done in 1337ms @ http://localhost:3000/_next/static/chunks/node_modules_next_dist_client_cf1d9188._.js:5816
[  155335ms] [LOG] [Fast Refresh] rebuilding @ http://localhost:3000/_next/static/chunks/node_modules_next_dist_client_cf1d9188._.js:5956
[  155352ms] [LOG] [Fast Refresh] done in 118ms @ http://localhost:3000/_next/static/chunks/node_modules_next_dist_client_cf1d9188._.js:5816
[  155454ms] [LOG] [Fast Refresh] rebuilding @ http://localhost:3000/_next/static/chunks/node_modules_next_dist_client_cf1d9188._.js:5956
[  155571ms] [LOG] [Fast Refresh] done in 219ms @ http://localhost:3000/_next/static/chunks/node_modules_next_dist_client_cf1d9188._.js:5816
[  156892ms] [ERROR] Failed to load resource: the server responded with a status of 500 (Internal Server Error) @ http://localhost:3000/api/v2/notifications/unread-count:0
[  156892ms] [ERROR] [API Error] GET /notifications/unread-count - 500 (7ms): errors.server_error @ http://localhost:3000/_next/static/chunks/node_modules_next_dist_b0daae9a._.js:2405
[  159902ms] [WARNING] The resource http://localhost:3000/_next/static/chunks/%5Broot-of-the-server%5D__ad960bb7._.css was preloaded using link preload but not used within a few seconds from the window's load event. Please make sure it has an appropriate `as` value and it is preloaded intentionally. @ http://localhost:3000/en/admin-dash/events/6a00858bbed593ed4fd100c3:0
[  161368ms] [LOG] [API] GET /notifications/unread-count - 200 (467ms) @ http://localhost:3000/_next/static/chunks/_d74edac0._.js:2258
[  164385ms] [WARNING] The resource http://localhost:3000/_next/static/chunks/%5Broot-of-the-server%5D__ad960bb7._.css was preloaded using link preload but not used within a few seconds from the window's load event. Please make sure it has an appropriate `as` value and it is preloaded intentionally. @ http://localhost:3000/en/admin-dash/events/6a00858bbed593ed4fd100c3:0
