[    4431ms] [LOG] Current Pathname: /en/login @ https://halaa.com.sa/_next/static/chunks/app/%5Blang%5D/(auth-layout)/layout-5f1ed1ba25dc660a.js:0
[    4431ms] [LOG] Should Show Slider: true @ https://halaa.com.sa/_next/static/chunks/app/%5Blang%5D/(auth-layout)/layout-5f1ed1ba25dc660a.js:0
[    4740ms] [ERROR] Failed to load resource: the server responded with a status of 500 (Internal Server Error) @ https://halaa.com.sa/favicon.ico:0
[    4851ms] [ERROR] Failed to load resource: the server responded with a status of 404 (Not Found) @ https://halaa.com.sa/en/auth/logout:0
[    4852ms] [ERROR] [API Error] POST /auth/logout - 404 (407ms): errors.not_found @ https://halaa.com.sa/_next/static/chunks/2917-7b60fd13bbabe127.js:0
[    4852ms] [WARNING] [authStore.logout] backend revoke failed: errors.not_found @ https://halaa.com.sa/_next/static/chunks/7366-5a87a88fb2808293.js:0
[   10433ms] [WARNING] Form submission canceled because the form is not connected @ https://halaa.com.sa/en/login:0
[   10539ms] [VERBOSE] [DOM] Input elements should have autocomplete attributes (suggested: "current-password"): (More info: https://goo.gl/9p2vKq) %o @ https://halaa.com.sa/en/login:0
[   28228ms] [ERROR] Failed to load resource: the server responded with a status of 404 (Not Found) @ https://halaa.com.sa/en/auth/login:0
[   28228ms] [ERROR] [API Error] POST /auth/login - 404 (366ms): errors.not_found @ https://halaa.com.sa/_next/static/chunks/2917-7b60fd13bbabe127.js:0
[  150537ms] [ERROR] Failed to load resource: the server responded with a status of 404 (Not Found) @ https://halaa.com.sa/en/auth/login:0
[  150538ms] [ERROR] [API Error] POST /auth/login - 404 (398ms): errors.not_found @ https://halaa.com.sa/_next/static/chunks/2917-7b60fd13bbabe127.js:0
[  154425ms] [LOG] Current Pathname: /en/login @ https://halaa.com.sa/_next/static/chunks/app/%5Blang%5D/(auth-layout)/layout-5f1ed1ba25dc660a.js:0
[  154425ms] [LOG] Should Show Slider: true @ https://halaa.com.sa/_next/static/chunks/app/%5Blang%5D/(auth-layout)/layout-5f1ed1ba25dc660a.js:0
[  154839ms] [ERROR] Failed to load resource: the server responded with a status of 404 (Not Found) @ https://halaa.com.sa/en/auth/logout:0
[  154840ms] [ERROR] [API Error] POST /auth/logout - 404 (410ms): errors.not_found @ https://halaa.com.sa/_next/static/chunks/2917-7b60fd13bbabe127.js:0
[  154841ms] [WARNING] [authStore.logout] backend revoke failed: errors.not_found @ https://halaa.com.sa/_next/static/chunks/7366-5a87a88fb2808293.js:0
[  155039ms] [ERROR] Failed to load resource: the server responded with a status of 500 (Internal Server Error) @ https://halaa.com.sa/favicon.ico:0
[  155876ms] [WARNING] Form submission canceled because the form is not connected @ https://halaa.com.sa/en/login:0
[  155990ms] [VERBOSE] [DOM] Input elements should have autocomplete attributes (suggested: "current-password"): (More info: https://goo.gl/9p2vKq) %o @ https://halaa.com.sa/en/login:0
[  163795ms] [ERROR] Failed to load resource: the server responded with a status of 404 (Not Found) @ https://halaa.com.sa/en/auth/login:0
[  163795ms] [ERROR] [API Error] POST /auth/login - 404 (343ms): errors.not_found @ https://halaa.com.sa/_next/static/chunks/2917-7b60fd13bbabe127.js:0
