[     214ms] [LOG] [Fast Refresh] rebuilding @ http://localhost:3000/_next/static/chunks/node_modules_next_dist_client_cf1d9188._.js:5956
[     536ms] [LOG] [Fast Refresh] done in 424ms @ http://localhost:3000/_next/static/chunks/node_modules_next_dist_client_cf1d9188._.js:5816
[    1739ms] [INFO] %cDownload the React DevTools for a better development experience: https://react.dev/link/react-devtools font-weight:bold @ http://localhost:3000/_next/static/chunks/node_modules_next_dist_compiled_react-dom_1e674e59._.js:14537
[    1768ms] [LOG] %c%s%c [API] GET /events/stats/6a3527ef29492f270fcac717 - 200 (478ms) background: #e6e6e6;background: light-dark(rgba(0,0,0,0.1), rgba(255,255,255,0.25));color: #000000;color: light-dark(#000000, #ffffff);border-radius: 2px  Server   @ about://React/Server/D:%5Challa%5Clabbe%5C.next%5Cserver%5Cchunks%5Cssr%5C%5Broot-of-the-server%5D__d07ae24f._.js?7:825
[    1768ms] [LOG] %c%s%c [API] GET /events/6a3527ef29492f270fcac717 - 200 (394ms) background: #e6e6e6;background: light-dark(rgba(0,0,0,0.1), rgba(255,255,255,0.25));color: #000000;color: light-dark(#000000, #ffffff);border-radius: 2px  Server   @ about://React/Server/D:%5Challa%5Clabbe%5C.next%5Cserver%5Cchunks%5Cssr%5C%5Broot-of-the-server%5D__d07ae24f._.js?7:825
[    1826ms] [INFO] 🌐 i18next is made possible by our own product, Locize — consider powering your project with managed localization (AI, CDN, integrations): https://locize.com 💙 @ http://localhost:3000/_next/static/chunks/node_modules_5dfc3838._.js:3250
[    2157ms] [LOG] [Fast Refresh] rebuilding @ http://localhost:3000/_next/static/chunks/node_modules_next_dist_client_cf1d9188._.js:5956
[    2177ms] [LOG] [Fast Refresh] done in 135ms @ http://localhost:3000/_next/static/chunks/node_modules_next_dist_client_cf1d9188._.js:5816
[    2258ms] [ERROR] Failed to load resource: the server responded with a status of 500 (Internal Server Error) @ http://localhost:3000/favicon.ico:0
[    2335ms] [LOG] [API] GET /notifications/unread-count - 200 (352ms) @ http://localhost:3000/_next/static/chunks/_f60c0052._.js:2199
[    2496ms] [LOG] [API] GET /guests/events/6a3527ef29492f270fcac717 - 200 (512ms) @ http://localhost:3000/_next/static/chunks/_f60c0052._.js:2199
[    5521ms] [WARNING] The resource http://localhost:3000/_next/static/chunks/%5Broot-of-the-server%5D__ad960bb7._.css was preloaded using link preload but not used within a few seconds from the window's load event. Please make sure it has an appropriate `as` value and it is preloaded intentionally. @ http://localhost:3000/en/host/events/6a3527ef29492f270fcac717:0
[   32536ms] [LOG] [API] GET /notifications/unread-count - 200 (199ms) @ http://localhost:3000/_next/static/chunks/_f60c0052._.js:2199
[   35536ms] [WARNING] The resource http://localhost:3000/_next/static/chunks/%5Broot-of-the-server%5D__ad960bb7._.css was preloaded using link preload but not used within a few seconds from the window's load event. Please make sure it has an appropriate `as` value and it is preloaded intentionally. @ http://localhost:3000/en/host/events/6a3527ef29492f270fcac717:0
[   62757ms] [LOG] [API] GET /notifications/unread-count - 200 (208ms) @ http://localhost:3000/_next/static/chunks/_f60c0052._.js:2199
[   65766ms] [WARNING] The resource http://localhost:3000/_next/static/chunks/%5Broot-of-the-server%5D__ad960bb7._.css was preloaded using link preload but not used within a few seconds from the window's load event. Please make sure it has an appropriate `as` value and it is preloaded intentionally. @ http://localhost:3000/en/host/events/6a3527ef29492f270fcac717:0
[   78657ms] [LOG] [Fast Refresh] rebuilding @ http://localhost:3000/_next/static/chunks/node_modules_next_dist_client_cf1d9188._.js:5956
[   78678ms] [LOG] [Fast Refresh] done in 58ms @ http://localhost:3000/_next/static/chunks/node_modules_next_dist_client_cf1d9188._.js:5816
[   78679ms] [LOG] [Fast Refresh] rebuilding @ http://localhost:3000/_next/static/chunks/node_modules_next_dist_client_cf1d9188._.js:5956
[   78805ms] [LOG] [Fast Refresh] done in 4ms @ http://localhost:3000/_next/static/chunks/node_modules_next_dist_client_cf1d9188._.js:5816
[   78965ms] [LOG] [Fast Refresh] rebuilding @ http://localhost:3000/_next/static/chunks/node_modules_next_dist_client_cf1d9188._.js:5956
[   79157ms] [LOG] [Fast Refresh] done in 295ms @ http://localhost:3000/_next/static/chunks/node_modules_next_dist_client_cf1d9188._.js:5816
[   79715ms] [LOG] [Fast Refresh] rebuilding @ http://localhost:3000/_next/static/chunks/node_modules_next_dist_client_cf1d9188._.js:5956
[   79811ms] [LOG] [Fast Refresh] done in 209ms @ http://localhost:3000/_next/static/chunks/node_modules_next_dist_client_cf1d9188._.js:5816
[   80090ms] [LOG] %c%s%c [API] GET /events/stats/6a3527ef29492f270fcac717 - 200 (475ms) background: #e6e6e6;background: light-dark(rgba(0,0,0,0.1), rgba(255,255,255,0.25));color: #000000;color: light-dark(#000000, #ffffff);border-radius: 2px  Server   @ about://React/Server/D:%5Challa%5Clabbe%5C.next%5Cserver%5Cchunks%5Cssr%5C%5Broot-of-the-server%5D__d07ae24f._.js?7:825
[   80090ms] [LOG] %c%s%c [API] GET /events/6a3527ef29492f270fcac717 - 200 (522ms) background: #e6e6e6;background: light-dark(rgba(0,0,0,0.1), rgba(255,255,255,0.25));color: #000000;color: light-dark(#000000, #ffffff);border-radius: 2px  Server   @ about://React/Server/D:%5Challa%5Clabbe%5C.next%5Cserver%5Cchunks%5Cssr%5C%5Broot-of-the-server%5D__d07ae24f._.js?7:825
[   80282ms] [LOG] [Fast Refresh] rebuilding @ http://localhost:3000/_next/static/chunks/node_modules_next_dist_client_cf1d9188._.js:5956
[   80374ms] [LOG] [Fast Refresh] done in 191ms @ http://localhost:3000/_next/static/chunks/node_modules_next_dist_client_cf1d9188._.js:5816
[   80748ms] [LOG] [Fast Refresh] rebuilding @ http://localhost:3000/_next/static/chunks/node_modules_next_dist_client_cf1d9188._.js:5956
[   80772ms] [LOG] [Fast Refresh] done in 137ms @ http://localhost:3000/_next/static/chunks/node_modules_next_dist_client_cf1d9188._.js:5816
[   80804ms] [LOG] %c%s%c [API] GET /events/stats/6a3527ef29492f270fcac717 - 200 (534ms) background: #e6e6e6;background: light-dark(rgba(0,0,0,0.1), rgba(255,255,255,0.25));color: #000000;color: light-dark(#000000, #ffffff);border-radius: 2px  Server   @ about://React/Server/D:%5Challa%5Clabbe%5C.next%5Cserver%5Cchunks%5Cssr%5C%5Broot-of-the-server%5D__d07ae24f._.js?7:825
[   80804ms] [LOG] %c%s%c [API] GET /events/6a3527ef29492f270fcac717 - 200 (949ms) background: #e6e6e6;background: light-dark(rgba(0,0,0,0.1), rgba(255,255,255,0.25));color: #000000;color: light-dark(#000000, #ffffff);border-radius: 2px  Server   @ about://React/Server/D:%5Challa%5Clabbe%5C.next%5Cserver%5Cchunks%5Cssr%5C%5Broot-of-the-server%5D__d07ae24f._.js?7:825
[   80805ms] [LOG] %c%s%c [API] GET /events/stats/6a3527ef29492f270fcac717 - 200 (435ms) background: #e6e6e6;background: light-dark(rgba(0,0,0,0.1), rgba(255,255,255,0.25));color: #000000;color: light-dark(#000000, #ffffff);border-radius: 2px  Server   @ about://React/Server/D:%5Challa%5Clabbe%5C.next%5Cserver%5Cchunks%5Cssr%5C%5Broot-of-the-server%5D__d07ae24f._.js?7:825
[   80805ms] [LOG] %c%s%c [API] GET /events/6a3527ef29492f270fcac717 - 200 (852ms) background: #e6e6e6;background: light-dark(rgba(0,0,0,0.1), rgba(255,255,255,0.25));color: #000000;color: light-dark(#000000, #ffffff);border-radius: 2px  Server   @ about://React/Server/D:%5Challa%5Clabbe%5C.next%5Cserver%5Cchunks%5Cssr%5C%5Broot-of-the-server%5D__d07ae24f._.js?7:825
[   80913ms] [LOG] %c%s%c [API] GET /events/stats/6a3527ef29492f270fcac717 - 200 (720ms) background: #e6e6e6;background: light-dark(rgba(0,0,0,0.1), rgba(255,255,255,0.25));color: #000000;color: light-dark(#000000, #ffffff);border-radius: 2px  Server   @ about://React/Server/D:%5Challa%5Clabbe%5C.next%5Cserver%5Cchunks%5Cssr%5C%5Broot-of-the-server%5D__d07ae24f._.js?7:825
[   80913ms] [LOG] %c%s%c [API] GET /events/6a3527ef29492f270fcac717 - 200 (397ms) background: #e6e6e6;background: light-dark(rgba(0,0,0,0.1), rgba(255,255,255,0.25));color: #000000;color: light-dark(#000000, #ffffff);border-radius: 2px  Server   @ about://React/Server/D:%5Challa%5Clabbe%5C.next%5Cserver%5Cchunks%5Cssr%5C%5Broot-of-the-server%5D__d07ae24f._.js?7:825
[   81248ms] [LOG] [Fast Refresh] rebuilding @ http://localhost:3000/_next/static/chunks/node_modules_next_dist_client_cf1d9188._.js:5956
[   81282ms] [LOG] [Fast Refresh] done in 139ms @ http://localhost:3000/_next/static/chunks/node_modules_next_dist_client_cf1d9188._.js:5816
[   81307ms] [LOG] %c%s%c [API] GET /events/stats/6a3527ef29492f270fcac717 - 200 (522ms) background: #e6e6e6;background: light-dark(rgba(0,0,0,0.1), rgba(255,255,255,0.25));color: #000000;color: light-dark(#000000, #ffffff);border-radius: 2px  Server   @ about://React/Server/D:%5Challa%5Clabbe%5C.next%5Cserver%5Cchunks%5Cssr%5C%5Broot-of-the-server%5D__d07ae24f._.js?7:825
[   81307ms] [LOG] %c%s%c [API] GET /events/6a3527ef29492f270fcac717 - 200 (754ms) background: #e6e6e6;background: light-dark(rgba(0,0,0,0.1), rgba(255,255,255,0.25));color: #000000;color: light-dark(#000000, #ffffff);border-radius: 2px  Server   @ about://React/Server/D:%5Challa%5Clabbe%5C.next%5Cserver%5Cchunks%5Cssr%5C%5Broot-of-the-server%5D__d07ae24f._.js?7:825
[   81363ms] [LOG] %c%s%c [API] GET /events/stats/6a3527ef29492f270fcac717 - 200 (497ms) background: #e6e6e6;background: light-dark(rgba(0,0,0,0.1), rgba(255,255,255,0.25));color: #000000;color: light-dark(#000000, #ffffff);border-radius: 2px  Server   @ about://React/Server/D:%5Challa%5Clabbe%5C.next%5Cserver%5Cchunks%5Cssr%5C%5Broot-of-the-server%5D__d07ae24f._.js?7:825
[   81363ms] [LOG] %c%s%c [API] GET /events/6a3527ef29492f270fcac717 - 200 (396ms) background: #e6e6e6;background: light-dark(rgba(0,0,0,0.1), rgba(255,255,255,0.25));color: #000000;color: light-dark(#000000, #ffffff);border-radius: 2px  Server   @ about://React/Server/D:%5Challa%5Clabbe%5C.next%5Cserver%5Cchunks%5Cssr%5C%5Broot-of-the-server%5D__d07ae24f._.js?7:825
[   81512ms] [LOG] [Fast Refresh] rebuilding @ http://localhost:3000/_next/static/chunks/node_modules_next_dist_client_cf1d9188._.js:5956
[   81538ms] [LOG] [Fast Refresh] done in 133ms @ http://localhost:3000/_next/static/chunks/node_modules_next_dist_client_cf1d9188._.js:5816
[   81763ms] [LOG] %c%s%c [API] GET /events/stats/6a3527ef29492f270fcac717 - 200 (563ms) background: #e6e6e6;background: light-dark(rgba(0,0,0,0.1), rgba(255,255,255,0.25));color: #000000;color: light-dark(#000000, #ffffff);border-radius: 2px  Server   @ about://React/Server/D:%5Challa%5Clabbe%5C.next%5Cserver%5Cchunks%5Cssr%5C%5Broot-of-the-server%5D__d07ae24f._.js?7:825
[   81763ms] [LOG] %c%s%c [API] GET /events/6a3527ef29492f270fcac717 - 200 (459ms) background: #e6e6e6;background: light-dark(rgba(0,0,0,0.1), rgba(255,255,255,0.25));color: #000000;color: light-dark(#000000, #ffffff);border-radius: 2px  Server   @ about://React/Server/D:%5Challa%5Clabbe%5C.next%5Cserver%5Cchunks%5Cssr%5C%5Broot-of-the-server%5D__d07ae24f._.js?7:825
[   81805ms] [LOG] %c%s%c [API] GET /events/stats/6a3527ef29492f270fcac717 - 200 (389ms) background: #e6e6e6;background: light-dark(rgba(0,0,0,0.1), rgba(255,255,255,0.25));color: #000000;color: light-dark(#000000, #ffffff);border-radius: 2px  Server   @ about://React/Server/D:%5Challa%5Clabbe%5C.next%5Cserver%5Cchunks%5Cssr%5C%5Broot-of-the-server%5D__d07ae24f._.js?7:825
[   81805ms] [LOG] %c%s%c [API] GET /events/6a3527ef29492f270fcac717 - 200 (389ms) background: #e6e6e6;background: light-dark(rgba(0,0,0,0.1), rgba(255,255,255,0.25));color: #000000;color: light-dark(#000000, #ffffff);border-radius: 2px  Server   @ about://React/Server/D:%5Challa%5Clabbe%5C.next%5Cserver%5Cchunks%5Cssr%5C%5Broot-of-the-server%5D__d07ae24f._.js?7:825
[   82051ms] [LOG] %c%s%c [API] GET /events/stats/6a3527ef29492f270fcac717 - 200 (412ms) background: #e6e6e6;background: light-dark(rgba(0,0,0,0.1), rgba(255,255,255,0.25));color: #000000;color: light-dark(#000000, #ffffff);border-radius: 2px  Server   @ about://React/Server/D:%5Challa%5Clabbe%5C.next%5Cserver%5Cchunks%5Cssr%5C%5Broot-of-the-server%5D__d07ae24f._.js?7:825
[   82051ms] [LOG] %c%s%c [API] GET /events/6a3527ef29492f270fcac717 - 200 (389ms) background: #e6e6e6;background: light-dark(rgba(0,0,0,0.1), rgba(255,255,255,0.25));color: #000000;color: light-dark(#000000, #ffffff);border-radius: 2px  Server   @ about://React/Server/D:%5Challa%5Clabbe%5C.next%5Cserver%5Cchunks%5Cssr%5C%5Broot-of-the-server%5D__d07ae24f._.js?7:825
[   82340ms] [LOG] %c%s%c [API] GET /events/stats/6a3527ef29492f270fcac717 - 200 (406ms) background: #e6e6e6;background: light-dark(rgba(0,0,0,0.1), rgba(255,255,255,0.25));color: #000000;color: light-dark(#000000, #ffffff);border-radius: 2px  Server   @ about://React/Server/D:%5Challa%5Clabbe%5C.next%5Cserver%5Cchunks%5Cssr%5C%5Broot-of-the-server%5D__d07ae24f._.js?7:825
[   82340ms] [LOG] %c%s%c [API] GET /events/6a3527ef29492f270fcac717 - 200 (427ms) background: #e6e6e6;background: light-dark(rgba(0,0,0,0.1), rgba(255,255,255,0.25));color: #000000;color: light-dark(#000000, #ffffff);border-radius: 2px  Server   @ about://React/Server/D:%5Challa%5Clabbe%5C.next%5Cserver%5Cchunks%5Cssr%5C%5Broot-of-the-server%5D__d07ae24f._.js?7:825
[   82531ms] [LOG] %c%s%c [API] GET /events/stats/6a3527ef29492f270fcac717 - 200 (408ms) background: #e6e6e6;background: light-dark(rgba(0,0,0,0.1), rgba(255,255,255,0.25));color: #000000;color: light-dark(#000000, #ffffff);border-radius: 2px  Server   @ about://React/Server/D:%5Challa%5Clabbe%5C.next%5Cserver%5Cchunks%5Cssr%5C%5Broot-of-the-server%5D__d07ae24f._.js?7:825
[   82532ms] [LOG] %c%s%c [API] GET /events/6a3527ef29492f270fcac717 - 200 (391ms) background: #e6e6e6;background: light-dark(rgba(0,0,0,0.1), rgba(255,255,255,0.25));color: #000000;color: light-dark(#000000, #ffffff);border-radius: 2px  Server   @ about://React/Server/D:%5Challa%5Clabbe%5C.next%5Cserver%5Cchunks%5Cssr%5C%5Broot-of-the-server%5D__d07ae24f._.js?7:825
[   85547ms] [WARNING] The resource http://localhost:3000/_next/static/chunks/%5Broot-of-the-server%5D__ad960bb7._.css was preloaded using link preload but not used within a few seconds from the window's load event. Please make sure it has an appropriate `as` value and it is preloaded intentionally. @ http://localhost:3000/en/host/events/6a3527ef29492f270fcac717:0
[   92983ms] [LOG] [API] GET /notifications/unread-count - 200 (219ms) @ http://localhost:3000/_next/static/chunks/_f60c0052._.js:2199
[   95996ms] [WARNING] The resource http://localhost:3000/_next/static/chunks/%5Broot-of-the-server%5D__ad960bb7._.css was preloaded using link preload but not used within a few seconds from the window's load event. Please make sure it has an appropriate `as` value and it is preloaded intentionally. @ http://localhost:3000/en/host/events/6a3527ef29492f270fcac717:0
[  123186ms] [LOG] [API] GET /notifications/unread-count - 200 (202ms) @ http://localhost:3000/_next/static/chunks/_f60c0052._.js:2199
[  126193ms] [WARNING] The resource http://localhost:3000/_next/static/chunks/%5Broot-of-the-server%5D__ad960bb7._.css was preloaded using link preload but not used within a few seconds from the window's load event. Please make sure it has an appropriate `as` value and it is preloaded intentionally. @ http://localhost:3000/en/host/events/6a3527ef29492f270fcac717:0
[  153404ms] [LOG] [API] GET /notifications/unread-count - 200 (213ms) @ http://localhost:3000/_next/static/chunks/_f60c0052._.js:2199
[  156406ms] [WARNING] The resource http://localhost:3000/_next/static/chunks/%5Broot-of-the-server%5D__ad960bb7._.css was preloaded using link preload but not used within a few seconds from the window's load event. Please make sure it has an appropriate `as` value and it is preloaded intentionally. @ http://localhost:3000/en/host/events/6a3527ef29492f270fcac717:0
[  183621ms] [LOG] [API] GET /notifications/unread-count - 200 (207ms) @ http://localhost:3000/_next/static/chunks/_f60c0052._.js:2199
[  186629ms] [WARNING] The resource http://localhost:3000/_next/static/chunks/%5Broot-of-the-server%5D__ad960bb7._.css was preloaded using link preload but not used within a few seconds from the window's load event. Please make sure it has an appropriate `as` value and it is preloaded intentionally. @ http://localhost:3000/en/host/events/6a3527ef29492f270fcac717:0
[  213836ms] [LOG] [API] GET /notifications/unread-count - 200 (202ms) @ http://localhost:3000/_next/static/chunks/_f60c0052._.js:2199
[  216850ms] [WARNING] The resource http://localhost:3000/_next/static/chunks/%5Broot-of-the-server%5D__ad960bb7._.css was preloaded using link preload but not used within a few seconds from the window's load event. Please make sure it has an appropriate `as` value and it is preloaded intentionally. @ http://localhost:3000/en/host/events/6a3527ef29492f270fcac717:0
[  244052ms] [LOG] [API] GET /notifications/unread-count - 200 (214ms) @ http://localhost:3000/_next/static/chunks/_f60c0052._.js:2199
[  247063ms] [WARNING] The resource http://localhost:3000/_next/static/chunks/%5Broot-of-the-server%5D__ad960bb7._.css was preloaded using link preload but not used within a few seconds from the window's load event. Please make sure it has an appropriate `as` value and it is preloaded intentionally. @ http://localhost:3000/en/host/events/6a3527ef29492f270fcac717:0
[  274262ms] [LOG] [API] GET /notifications/unread-count - 200 (200ms) @ http://localhost:3000/_next/static/chunks/_f60c0052._.js:2199
[  277276ms] [WARNING] The resource http://localhost:3000/_next/static/chunks/%5Broot-of-the-server%5D__ad960bb7._.css was preloaded using link preload but not used within a few seconds from the window's load event. Please make sure it has an appropriate `as` value and it is preloaded intentionally. @ http://localhost:3000/en/host/events/6a3527ef29492f270fcac717:0
[  304471ms] [LOG] [API] GET /notifications/unread-count - 200 (198ms) @ http://localhost:3000/_next/static/chunks/_f60c0052._.js:2199
[  307474ms] [WARNING] The resource http://localhost:3000/_next/static/chunks/%5Broot-of-the-server%5D__ad960bb7._.css was preloaded using link preload but not used within a few seconds from the window's load event. Please make sure it has an appropriate `as` value and it is preloaded intentionally. @ http://localhost:3000/en/host/events/6a3527ef29492f270fcac717:0
[  334672ms] [LOG] [API] GET /notifications/unread-count - 200 (200ms) @ http://localhost:3000/_next/static/chunks/_f60c0052._.js:2199
[  337687ms] [WARNING] The resource http://localhost:3000/_next/static/chunks/%5Broot-of-the-server%5D__ad960bb7._.css was preloaded using link preload but not used within a few seconds from the window's load event. Please make sure it has an appropriate `as` value and it is preloaded intentionally. @ http://localhost:3000/en/host/events/6a3527ef29492f270fcac717:0
[  364883ms] [LOG] [API] GET /notifications/unread-count - 200 (197ms) @ http://localhost:3000/_next/static/chunks/_f60c0052._.js:2199
[  367884ms] [WARNING] The resource http://localhost:3000/_next/static/chunks/%5Broot-of-the-server%5D__ad960bb7._.css was preloaded using link preload but not used within a few seconds from the window's load event. Please make sure it has an appropriate `as` value and it is preloaded intentionally. @ http://localhost:3000/en/host/events/6a3527ef29492f270fcac717:0
[  395101ms] [LOG] [API] GET /notifications/unread-count - 200 (203ms) @ http://localhost:3000/_next/static/chunks/_f60c0052._.js:2199
[  398114ms] [WARNING] The resource http://localhost:3000/_next/static/chunks/%5Broot-of-the-server%5D__ad960bb7._.css was preloaded using link preload but not used within a few seconds from the window's load event. Please make sure it has an appropriate `as` value and it is preloaded intentionally. @ http://localhost:3000/en/host/events/6a3527ef29492f270fcac717:0
[  425312ms] [LOG] [API] GET /notifications/unread-count - 200 (200ms) @ http://localhost:3000/_next/static/chunks/_f60c0052._.js:2199
[  428327ms] [WARNING] The resource http://localhost:3000/_next/static/chunks/%5Broot-of-the-server%5D__ad960bb7._.css was preloaded using link preload but not used within a few seconds from the window's load event. Please make sure it has an appropriate `as` value and it is preloaded intentionally. @ http://localhost:3000/en/host/events/6a3527ef29492f270fcac717:0
[  455525ms] [LOG] [API] GET /notifications/unread-count - 200 (201ms) @ http://localhost:3000/_next/static/chunks/_f60c0052._.js:2199
[  458541ms] [WARNING] The resource http://localhost:3000/_next/static/chunks/%5Broot-of-the-server%5D__ad960bb7._.css was preloaded using link preload but not used within a few seconds from the window's load event. Please make sure it has an appropriate `as` value and it is preloaded intentionally. @ http://localhost:3000/en/host/events/6a3527ef29492f270fcac717:0
[  485743ms] [LOG] [API] GET /notifications/unread-count - 200 (217ms) @ http://localhost:3000/_next/static/chunks/_f60c0052._.js:2199
[  488754ms] [WARNING] The resource http://localhost:3000/_next/static/chunks/%5Broot-of-the-server%5D__ad960bb7._.css was preloaded using link preload but not used within a few seconds from the window's load event. Please make sure it has an appropriate `as` value and it is preloaded intentionally. @ http://localhost:3000/en/host/events/6a3527ef29492f270fcac717:0
[  515957ms] [LOG] [API] GET /notifications/unread-count - 200 (205ms) @ http://localhost:3000/_next/static/chunks/_f60c0052._.js:2199
[  518968ms] [WARNING] The resource http://localhost:3000/_next/static/chunks/%5Broot-of-the-server%5D__ad960bb7._.css was preloaded using link preload but not used within a few seconds from the window's load event. Please make sure it has an appropriate `as` value and it is preloaded intentionally. @ http://localhost:3000/en/host/events/6a3527ef29492f270fcac717:0
[  546204ms] [LOG] [API] GET /notifications/unread-count - 200 (239ms) @ http://localhost:3000/_next/static/chunks/_f60c0052._.js:2199
[  549214ms] [WARNING] The resource http://localhost:3000/_next/static/chunks/%5Broot-of-the-server%5D__ad960bb7._.css was preloaded using link preload but not used within a few seconds from the window's load event. Please make sure it has an appropriate `as` value and it is preloaded intentionally. @ http://localhost:3000/en/host/events/6a3527ef29492f270fcac717:0
[  576454ms] [LOG] [API] GET /notifications/unread-count - 200 (243ms) @ http://localhost:3000/_next/static/chunks/_f60c0052._.js:2199
[  579459ms] [WARNING] The resource http://localhost:3000/_next/static/chunks/%5Broot-of-the-server%5D__ad960bb7._.css was preloaded using link preload but not used within a few seconds from the window's load event. Please make sure it has an appropriate `as` value and it is preloaded intentionally. @ http://localhost:3000/en/host/events/6a3527ef29492f270fcac717:0
[  606721ms] [LOG] [API] GET /notifications/unread-count - 200 (262ms) @ http://localhost:3000/_next/static/chunks/_f60c0052._.js:2199
[  609725ms] [WARNING] The resource http://localhost:3000/_next/static/chunks/%5Broot-of-the-server%5D__ad960bb7._.css was preloaded using link preload but not used within a few seconds from the window's load event. Please make sure it has an appropriate `as` value and it is preloaded intentionally. @ http://localhost:3000/en/host/events/6a3527ef29492f270fcac717:0
[  636925ms] [LOG] [API] GET /notifications/unread-count - 200 (202ms) @ http://localhost:3000/_next/static/chunks/_f60c0052._.js:2199
[  639938ms] [WARNING] The resource http://localhost:3000/_next/static/chunks/%5Broot-of-the-server%5D__ad960bb7._.css was preloaded using link preload but not used within a few seconds from the window's load event. Please make sure it has an appropriate `as` value and it is preloaded intentionally. @ http://localhost:3000/en/host/events/6a3527ef29492f270fcac717:0
[  667156ms] [LOG] [API] GET /notifications/unread-count - 200 (219ms) @ http://localhost:3000/_next/static/chunks/_f60c0052._.js:2199
[  670169ms] [WARNING] The resource http://localhost:3000/_next/static/chunks/%5Broot-of-the-server%5D__ad960bb7._.css was preloaded using link preload but not used within a few seconds from the window's load event. Please make sure it has an appropriate `as` value and it is preloaded intentionally. @ http://localhost:3000/en/host/events/6a3527ef29492f270fcac717:0
[  697375ms] [LOG] [API] GET /notifications/unread-count - 200 (208ms) @ http://localhost:3000/_next/static/chunks/_f60c0052._.js:2199
[  700380ms] [WARNING] The resource http://localhost:3000/_next/static/chunks/%5Broot-of-the-server%5D__ad960bb7._.css was preloaded using link preload but not used within a few seconds from the window's load event. Please make sure it has an appropriate `as` value and it is preloaded intentionally. @ http://localhost:3000/en/host/events/6a3527ef29492f270fcac717:0
[  727589ms] [LOG] [API] GET /notifications/unread-count - 200 (211ms) @ http://localhost:3000/_next/static/chunks/_f60c0052._.js:2199
[  730592ms] [WARNING] The resource http://localhost:3000/_next/static/chunks/%5Broot-of-the-server%5D__ad960bb7._.css was preloaded using link preload but not used within a few seconds from the window's load event. Please make sure it has an appropriate `as` value and it is preloaded intentionally. @ http://localhost:3000/en/host/events/6a3527ef29492f270fcac717:0
[  757604ms] [ERROR] Failed to load resource: the server responded with a status of 401 (Unauthorized) @ http://localhost:3000/api/v2/notifications/unread-count:0
[  758118ms] [LOG] [API] GET /notifications/unread-count - 200 (207ms) @ http://localhost:3000/_next/static/chunks/_f60c0052._.js:2199
[  761126ms] [WARNING] The resource http://localhost:3000/_next/static/chunks/%5Broot-of-the-server%5D__ad960bb7._.css was preloaded using link preload but not used within a few seconds from the window's load event. Please make sure it has an appropriate `as` value and it is preloaded intentionally. @ http://localhost:3000/en/host/events/6a3527ef29492f270fcac717:0
[  788329ms] [LOG] [API] GET /notifications/unread-count - 200 (205ms) @ http://localhost:3000/_next/static/chunks/_f60c0052._.js:2199
[  791336ms] [WARNING] The resource http://localhost:3000/_next/static/chunks/%5Broot-of-the-server%5D__ad960bb7._.css was preloaded using link preload but not used within a few seconds from the window's load event. Please make sure it has an appropriate `as` value and it is preloaded intentionally. @ http://localhost:3000/en/host/events/6a3527ef29492f270fcac717:0
[  818542ms] [LOG] [API] GET /notifications/unread-count - 200 (206ms) @ http://localhost:3000/_next/static/chunks/_f60c0052._.js:2199
[  821549ms] [WARNING] The resource http://localhost:3000/_next/static/chunks/%5Broot-of-the-server%5D__ad960bb7._.css was preloaded using link preload but not used within a few seconds from the window's load event. Please make sure it has an appropriate `as` value and it is preloaded intentionally. @ http://localhost:3000/en/host/events/6a3527ef29492f270fcac717:0
[  848761ms] [LOG] [API] GET /notifications/unread-count - 200 (211ms) @ http://localhost:3000/_next/static/chunks/_f60c0052._.js:2199
[  851764ms] [WARNING] The resource http://localhost:3000/_next/static/chunks/%5Broot-of-the-server%5D__ad960bb7._.css was preloaded using link preload but not used within a few seconds from the window's load event. Please make sure it has an appropriate `as` value and it is preloaded intentionally. @ http://localhost:3000/en/host/events/6a3527ef29492f270fcac717:0
[  879056ms] [LOG] [API] GET /notifications/unread-count - 200 (292ms) @ http://localhost:3000/_next/static/chunks/_f60c0052._.js:2199
[  882062ms] [WARNING] The resource http://localhost:3000/_next/static/chunks/%5Broot-of-the-server%5D__ad960bb7._.css was preloaded using link preload but not used within a few seconds from the window's load event. Please make sure it has an appropriate `as` value and it is preloaded intentionally. @ http://localhost:3000/en/host/events/6a3527ef29492f270fcac717:0
[  909306ms] [LOG] [API] GET /notifications/unread-count - 200 (246ms) @ http://localhost:3000/_next/static/chunks/_f60c0052._.js:2199
[  912309ms] [WARNING] The resource http://localhost:3000/_next/static/chunks/%5Broot-of-the-server%5D__ad960bb7._.css was preloaded using link preload but not used within a few seconds from the window's load event. Please make sure it has an appropriate `as` value and it is preloaded intentionally. @ http://localhost:3000/en/host/events/6a3527ef29492f270fcac717:0
[  939512ms] [LOG] [API] GET /notifications/unread-count - 200 (204ms) @ http://localhost:3000/_next/static/chunks/_f60c0052._.js:2199
[  942524ms] [WARNING] The resource http://localhost:3000/_next/static/chunks/%5Broot-of-the-server%5D__ad960bb7._.css was preloaded using link preload but not used within a few seconds from the window's load event. Please make sure it has an appropriate `as` value and it is preloaded intentionally. @ http://localhost:3000/en/host/events/6a3527ef29492f270fcac717:0
[  969734ms] [LOG] [API] GET /notifications/unread-count - 200 (213ms) @ http://localhost:3000/_next/static/chunks/_f60c0052._.js:2199
[  972737ms] [WARNING] The resource http://localhost:3000/_next/static/chunks/%5Broot-of-the-server%5D__ad960bb7._.css was preloaded using link preload but not used within a few seconds from the window's load event. Please make sure it has an appropriate `as` value and it is preloaded intentionally. @ http://localhost:3000/en/host/events/6a3527ef29492f270fcac717:0
[ 1000022ms] [LOG] [API] GET /notifications/unread-count - 200 (286ms) @ http://localhost:3000/_next/static/chunks/_f60c0052._.js:2199
[ 1003033ms] [WARNING] The resource http://localhost:3000/_next/static/chunks/%5Broot-of-the-server%5D__ad960bb7._.css was preloaded using link preload but not used within a few seconds from the window's load event. Please make sure it has an appropriate `as` value and it is preloaded intentionally. @ http://localhost:3000/en/host/events/6a3527ef29492f270fcac717:0
[ 1030313ms] [LOG] [API] GET /notifications/unread-count - 200 (281ms) @ http://localhost:3000/_next/static/chunks/_f60c0052._.js:2199
[ 1033313ms] [WARNING] The resource http://localhost:3000/_next/static/chunks/%5Broot-of-the-server%5D__ad960bb7._.css was preloaded using link preload but not used within a few seconds from the window's load event. Please make sure it has an appropriate `as` value and it is preloaded intentionally. @ http://localhost:3000/en/host/events/6a3527ef29492f270fcac717:0
[ 1060536ms] [LOG] [API] GET /notifications/unread-count - 200 (209ms) @ http://localhost:3000/_next/static/chunks/_f60c0052._.js:2199
[ 1063544ms] [WARNING] The resource http://localhost:3000/_next/static/chunks/%5Broot-of-the-server%5D__ad960bb7._.css was preloaded using link preload but not used within a few seconds from the window's load event. Please make sure it has an appropriate `as` value and it is preloaded intentionally. @ http://localhost:3000/en/host/events/6a3527ef29492f270fcac717:0
[ 1090748ms] [LOG] [API] GET /notifications/unread-count - 200 (207ms) @ http://localhost:3000/_next/static/chunks/_f60c0052._.js:2199
[ 1093756ms] [WARNING] The resource http://localhost:3000/_next/static/chunks/%5Broot-of-the-server%5D__ad960bb7._.css was preloaded using link preload but not used within a few seconds from the window's load event. Please make sure it has an appropriate `as` value and it is preloaded intentionally. @ http://localhost:3000/en/host/events/6a3527ef29492f270fcac717:0
[ 1120973ms] [LOG] [API] GET /notifications/unread-count - 200 (220ms) @ http://localhost:3000/_next/static/chunks/_f60c0052._.js:2199
[ 1123986ms] [WARNING] The resource http://localhost:3000/_next/static/chunks/%5Broot-of-the-server%5D__ad960bb7._.css was preloaded using link preload but not used within a few seconds from the window's load event. Please make sure it has an appropriate `as` value and it is preloaded intentionally. @ http://localhost:3000/en/host/events/6a3527ef29492f270fcac717:0
[ 1151253ms] [LOG] [API] GET /notifications/unread-count - 200 (267ms) @ http://localhost:3000/_next/static/chunks/_f60c0052._.js:2199
[ 1154262ms] [WARNING] The resource http://localhost:3000/_next/static/chunks/%5Broot-of-the-server%5D__ad960bb7._.css was preloaded using link preload but not used within a few seconds from the window's load event. Please make sure it has an appropriate `as` value and it is preloaded intentionally. @ http://localhost:3000/en/host/events/6a3527ef29492f270fcac717:0
[ 1181511ms] [LOG] [API] GET /notifications/unread-count - 200 (246ms) @ http://localhost:3000/_next/static/chunks/_f60c0052._.js:2199
[ 1184513ms] [WARNING] The resource http://localhost:3000/_next/static/chunks/%5Broot-of-the-server%5D__ad960bb7._.css was preloaded using link preload but not used within a few seconds from the window's load event. Please make sure it has an appropriate `as` value and it is preloaded intentionally. @ http://localhost:3000/en/host/events/6a3527ef29492f270fcac717:0
[ 1211753ms] [LOG] [API] GET /notifications/unread-count - 200 (240ms) @ http://localhost:3000/_next/static/chunks/_f60c0052._.js:2199
[ 1214761ms] [WARNING] The resource http://localhost:3000/_next/static/chunks/%5Broot-of-the-server%5D__ad960bb7._.css was preloaded using link preload but not used within a few seconds from the window's load event. Please make sure it has an appropriate `as` value and it is preloaded intentionally. @ http://localhost:3000/en/host/events/6a3527ef29492f270fcac717:0
[ 1242413ms] [LOG] [API] GET /notifications/unread-count - 200 (653ms) @ http://localhost:3000/_next/static/chunks/_f60c0052._.js:2199
[ 1245422ms] [WARNING] The resource http://localhost:3000/_next/static/chunks/%5Broot-of-the-server%5D__ad960bb7._.css was preloaded using link preload but not used within a few seconds from the window's load event. Please make sure it has an appropriate `as` value and it is preloaded intentionally. @ http://localhost:3000/en/host/events/6a3527ef29492f270fcac717:0
[ 1272635ms] [LOG] [API] GET /notifications/unread-count - 200 (214ms) @ http://localhost:3000/_next/static/chunks/_f60c0052._.js:2199
[ 1275638ms] [WARNING] The resource http://localhost:3000/_next/static/chunks/%5Broot-of-the-server%5D__ad960bb7._.css was preloaded using link preload but not used within a few seconds from the window's load event. Please make sure it has an appropriate `as` value and it is preloaded intentionally. @ http://localhost:3000/en/host/events/6a3527ef29492f270fcac717:0
[ 1302856ms] [LOG] [API] GET /notifications/unread-count - 200 (220ms) @ http://localhost:3000/_next/static/chunks/_f60c0052._.js:2199
[ 1305857ms] [WARNING] The resource http://localhost:3000/_next/static/chunks/%5Broot-of-the-server%5D__ad960bb7._.css was preloaded using link preload but not used within a few seconds from the window's load event. Please make sure it has an appropriate `as` value and it is preloaded intentionally. @ http://localhost:3000/en/host/events/6a3527ef29492f270fcac717:0
[ 1333079ms] [LOG] [API] GET /notifications/unread-count - 200 (213ms) @ http://localhost:3000/_next/static/chunks/_f60c0052._.js:2199
[ 1336080ms] [WARNING] The resource http://localhost:3000/_next/static/chunks/%5Broot-of-the-server%5D__ad960bb7._.css was preloaded using link preload but not used within a few seconds from the window's load event. Please make sure it has an appropriate `as` value and it is preloaded intentionally. @ http://localhost:3000/en/host/events/6a3527ef29492f270fcac717:0
[ 1363301ms] [LOG] [API] GET /notifications/unread-count - 200 (216ms) @ http://localhost:3000/_next/static/chunks/_f60c0052._.js:2199
[ 1366309ms] [WARNING] The resource http://localhost:3000/_next/static/chunks/%5Broot-of-the-server%5D__ad960bb7._.css was preloaded using link preload but not used within a few seconds from the window's load event. Please make sure it has an appropriate `as` value and it is preloaded intentionally. @ http://localhost:3000/en/host/events/6a3527ef29492f270fcac717:0
[ 1393569ms] [LOG] [API] GET /notifications/unread-count - 200 (267ms) @ http://localhost:3000/_next/static/chunks/_f60c0052._.js:2199
[ 1396573ms] [WARNING] The resource http://localhost:3000/_next/static/chunks/%5Broot-of-the-server%5D__ad960bb7._.css was preloaded using link preload but not used within a few seconds from the window's load event. Please make sure it has an appropriate `as` value and it is preloaded intentionally. @ http://localhost:3000/en/host/events/6a3527ef29492f270fcac717:0
[ 1423825ms] [LOG] [API] GET /notifications/unread-count - 200 (254ms) @ http://localhost:3000/_next/static/chunks/_f60c0052._.js:2199
[ 1426839ms] [WARNING] The resource http://localhost:3000/_next/static/chunks/%5Broot-of-the-server%5D__ad960bb7._.css was preloaded using link preload but not used within a few seconds from the window's load event. Please make sure it has an appropriate `as` value and it is preloaded intentionally. @ http://localhost:3000/en/host/events/6a3527ef29492f270fcac717:0
[ 1454041ms] [LOG] [API] GET /notifications/unread-count - 200 (207ms) @ http://localhost:3000/_next/static/chunks/_f60c0052._.js:2199
[ 1457049ms] [WARNING] The resource http://localhost:3000/_next/static/chunks/%5Broot-of-the-server%5D__ad960bb7._.css was preloaded using link preload but not used within a few seconds from the window's load event. Please make sure it has an appropriate `as` value and it is preloaded intentionally. @ http://localhost:3000/en/host/events/6a3527ef29492f270fcac717:0
[ 1484257ms] [LOG] [API] GET /notifications/unread-count - 200 (207ms) @ http://localhost:3000/_next/static/chunks/_f60c0052._.js:2199
[ 1487265ms] [WARNING] The resource http://localhost:3000/_next/static/chunks/%5Broot-of-the-server%5D__ad960bb7._.css was preloaded using link preload but not used within a few seconds from the window's load event. Please make sure it has an appropriate `as` value and it is preloaded intentionally. @ http://localhost:3000/en/host/events/6a3527ef29492f270fcac717:0
[ 1514472ms] [LOG] [API] GET /notifications/unread-count - 200 (208ms) @ http://localhost:3000/_next/static/chunks/_f60c0052._.js:2199
[ 1517476ms] [WARNING] The resource http://localhost:3000/_next/static/chunks/%5Broot-of-the-server%5D__ad960bb7._.css was preloaded using link preload but not used within a few seconds from the window's load event. Please make sure it has an appropriate `as` value and it is preloaded intentionally. @ http://localhost:3000/en/host/events/6a3527ef29492f270fcac717:0
[ 1544785ms] [LOG] [API] GET /notifications/unread-count - 200 (308ms) @ http://localhost:3000/_next/static/chunks/_f60c0052._.js:2199
[ 1547790ms] [WARNING] The resource http://localhost:3000/_next/static/chunks/%5Broot-of-the-server%5D__ad960bb7._.css was preloaded using link preload but not used within a few seconds from the window's load event. Please make sure it has an appropriate `as` value and it is preloaded intentionally. @ http://localhost:3000/en/host/events/6a3527ef29492f270fcac717:0
[ 1575099ms] [LOG] [API] GET /notifications/unread-count - 200 (310ms) @ http://localhost:3000/_next/static/chunks/_f60c0052._.js:2199
[ 1578104ms] [WARNING] The resource http://localhost:3000/_next/static/chunks/%5Broot-of-the-server%5D__ad960bb7._.css was preloaded using link preload but not used within a few seconds from the window's load event. Please make sure it has an appropriate `as` value and it is preloaded intentionally. @ http://localhost:3000/en/host/events/6a3527ef29492f270fcac717:0
[ 1605361ms] [LOG] [API] GET /notifications/unread-count - 200 (258ms) @ http://localhost:3000/_next/static/chunks/_f60c0052._.js:2199
[ 1608367ms] [WARNING] The resource http://localhost:3000/_next/static/chunks/%5Broot-of-the-server%5D__ad960bb7._.css was preloaded using link preload but not used within a few seconds from the window's load event. Please make sure it has an appropriate `as` value and it is preloaded intentionally. @ http://localhost:3000/en/host/events/6a3527ef29492f270fcac717:0
[ 1635575ms] [LOG] [API] GET /notifications/unread-count - 200 (209ms) @ http://localhost:3000/_next/static/chunks/_f60c0052._.js:2199
[ 1638582ms] [WARNING] The resource http://localhost:3000/_next/static/chunks/%5Broot-of-the-server%5D__ad960bb7._.css was preloaded using link preload but not used within a few seconds from the window's load event. Please make sure it has an appropriate `as` value and it is preloaded intentionally. @ http://localhost:3000/en/host/events/6a3527ef29492f270fcac717:0
[ 1665589ms] [ERROR] Failed to load resource: the server responded with a status of 401 (Unauthorized) @ http://localhost:3000/api/v2/notifications/unread-count:0
[ 1666138ms] [LOG] [API] GET /notifications/unread-count - 200 (219ms) @ http://localhost:3000/_next/static/chunks/_f60c0052._.js:2199
[ 1669145ms] [WARNING] The resource http://localhost:3000/_next/static/chunks/%5Broot-of-the-server%5D__ad960bb7._.css was preloaded using link preload but not used within a few seconds from the window's load event. Please make sure it has an appropriate `as` value and it is preloaded intentionally. @ http://localhost:3000/en/host/events/6a3527ef29492f270fcac717:0
[ 1696345ms] [LOG] [API] GET /notifications/unread-count - 200 (202ms) @ http://localhost:3000/_next/static/chunks/_f60c0052._.js:2199
[ 1699359ms] [WARNING] The resource http://localhost:3000/_next/static/chunks/%5Broot-of-the-server%5D__ad960bb7._.css was preloaded using link preload but not used within a few seconds from the window's load event. Please make sure it has an appropriate `as` value and it is preloaded intentionally. @ http://localhost:3000/en/host/events/6a3527ef29492f270fcac717:0
[ 1726561ms] [LOG] [API] GET /notifications/unread-count - 200 (210ms) @ http://localhost:3000/_next/static/chunks/_f60c0052._.js:2199
[ 1729573ms] [WARNING] The resource http://localhost:3000/_next/static/chunks/%5Broot-of-the-server%5D__ad960bb7._.css was preloaded using link preload but not used within a few seconds from the window's load event. Please make sure it has an appropriate `as` value and it is preloaded intentionally. @ http://localhost:3000/en/host/events/6a3527ef29492f270fcac717:0
[ 1756777ms] [LOG] [API] GET /notifications/unread-count - 200 (207ms) @ http://localhost:3000/_next/static/chunks/_f60c0052._.js:2199
[ 1759786ms] [WARNING] The resource http://localhost:3000/_next/static/chunks/%5Broot-of-the-server%5D__ad960bb7._.css was preloaded using link preload but not used within a few seconds from the window's load event. Please make sure it has an appropriate `as` value and it is preloaded intentionally. @ http://localhost:3000/en/host/events/6a3527ef29492f270fcac717:0
[ 1787097ms] [LOG] [API] GET /notifications/unread-count - 200 (315ms) @ http://localhost:3000/_next/static/chunks/_f60c0052._.js:2199
[ 1790098ms] [WARNING] The resource http://localhost:3000/_next/static/chunks/%5Broot-of-the-server%5D__ad960bb7._.css was preloaded using link preload but not used within a few seconds from the window's load event. Please make sure it has an appropriate `as` value and it is preloaded intentionally. @ http://localhost:3000/en/host/events/6a3527ef29492f270fcac717:0
[ 1817346ms] [LOG] [API] GET /notifications/unread-count - 200 (233ms) @ http://localhost:3000/_next/static/chunks/_f60c0052._.js:2199
[ 1820346ms] [WARNING] The resource http://localhost:3000/_next/static/chunks/%5Broot-of-the-server%5D__ad960bb7._.css was preloaded using link preload but not used within a few seconds from the window's load event. Please make sure it has an appropriate `as` value and it is preloaded intentionally. @ http://localhost:3000/en/host/events/6a3527ef29492f270fcac717:0
[ 1847550ms] [LOG] [API] GET /notifications/unread-count - 200 (203ms) @ http://localhost:3000/_next/static/chunks/_f60c0052._.js:2199
[ 1850560ms] [WARNING] The resource http://localhost:3000/_next/static/chunks/%5Broot-of-the-server%5D__ad960bb7._.css was preloaded using link preload but not used within a few seconds from the window's load event. Please make sure it has an appropriate `as` value and it is preloaded intentionally. @ http://localhost:3000/en/host/events/6a3527ef29492f270fcac717:0
[ 1877759ms] [LOG] [API] GET /notifications/unread-count - 200 (201ms) @ http://localhost:3000/_next/static/chunks/_f60c0052._.js:2199
[ 1880763ms] [WARNING] The resource http://localhost:3000/_next/static/chunks/%5Broot-of-the-server%5D__ad960bb7._.css was preloaded using link preload but not used within a few seconds from the window's load event. Please make sure it has an appropriate `as` value and it is preloaded intentionally. @ http://localhost:3000/en/host/events/6a3527ef29492f270fcac717:0
[ 1907980ms] [LOG] [API] GET /notifications/unread-count - 200 (209ms) @ http://localhost:3000/_next/static/chunks/_f60c0052._.js:2199
[ 1910988ms] [WARNING] The resource http://localhost:3000/_next/static/chunks/%5Broot-of-the-server%5D__ad960bb7._.css was preloaded using link preload but not used within a few seconds from the window's load event. Please make sure it has an appropriate `as` value and it is preloaded intentionally. @ http://localhost:3000/en/host/events/6a3527ef29492f270fcac717:0
[ 1938189ms] [LOG] [API] GET /notifications/unread-count - 200 (205ms) @ http://localhost:3000/_next/static/chunks/_f60c0052._.js:2199
[ 1941200ms] [WARNING] The resource http://localhost:3000/_next/static/chunks/%5Broot-of-the-server%5D__ad960bb7._.css was preloaded using link preload but not used within a few seconds from the window's load event. Please make sure it has an appropriate `as` value and it is preloaded intentionally. @ http://localhost:3000/en/host/events/6a3527ef29492f270fcac717:0
[ 1968417ms] [LOG] [API] GET /notifications/unread-count - 200 (226ms) @ http://localhost:3000/_next/static/chunks/_f60c0052._.js:2199
[ 1971429ms] [WARNING] The resource http://localhost:3000/_next/static/chunks/%5Broot-of-the-server%5D__ad960bb7._.css was preloaded using link preload but not used within a few seconds from the window's load event. Please make sure it has an appropriate `as` value and it is preloaded intentionally. @ http://localhost:3000/en/host/events/6a3527ef29492f270fcac717:0
[ 1998632ms] [LOG] [API] GET /notifications/unread-count - 200 (206ms) @ http://localhost:3000/_next/static/chunks/_f60c0052._.js:2199
[ 2001642ms] [WARNING] The resource http://localhost:3000/_next/static/chunks/%5Broot-of-the-server%5D__ad960bb7._.css was preloaded using link preload but not used within a few seconds from the window's load event. Please make sure it has an appropriate `as` value and it is preloaded intentionally. @ http://localhost:3000/en/host/events/6a3527ef29492f270fcac717:0
[ 2028852ms] [LOG] [API] GET /notifications/unread-count - 200 (212ms) @ http://localhost:3000/_next/static/chunks/_f60c0052._.js:2199
[ 2031855ms] [WARNING] The resource http://localhost:3000/_next/static/chunks/%5Broot-of-the-server%5D__ad960bb7._.css was preloaded using link preload but not used within a few seconds from the window's load event. Please make sure it has an appropriate `as` value and it is preloaded intentionally. @ http://localhost:3000/en/host/events/6a3527ef29492f270fcac717:0
[ 2059062ms] [LOG] [API] GET /notifications/unread-count - 200 (207ms) @ http://localhost:3000/_next/static/chunks/_f60c0052._.js:2199
[ 2062070ms] [WARNING] The resource http://localhost:3000/_next/static/chunks/%5Broot-of-the-server%5D__ad960bb7._.css was preloaded using link preload but not used within a few seconds from the window's load event. Please make sure it has an appropriate `as` value and it is preloaded intentionally. @ http://localhost:3000/en/host/events/6a3527ef29492f270fcac717:0
[ 2089274ms] [LOG] [API] GET /notifications/unread-count - 200 (206ms) @ http://localhost:3000/_next/static/chunks/_f60c0052._.js:2199
[ 2092284ms] [WARNING] The resource http://localhost:3000/_next/static/chunks/%5Broot-of-the-server%5D__ad960bb7._.css was preloaded using link preload but not used within a few seconds from the window's load event. Please make sure it has an appropriate `as` value and it is preloaded intentionally. @ http://localhost:3000/en/host/events/6a3527ef29492f270fcac717:0
[ 2119516ms] [LOG] [API] GET /notifications/unread-count - 200 (233ms) @ http://localhost:3000/_next/static/chunks/_f60c0052._.js:2199
[ 2122530ms] [WARNING] The resource http://localhost:3000/_next/static/chunks/%5Broot-of-the-server%5D__ad960bb7._.css was preloaded using link preload but not used within a few seconds from the window's load event. Please make sure it has an appropriate `as` value and it is preloaded intentionally. @ http://localhost:3000/en/host/events/6a3527ef29492f270fcac717:0
[ 2149821ms] [LOG] [API] GET /notifications/unread-count - 200 (292ms) @ http://localhost:3000/_next/static/chunks/_f60c0052._.js:2199
[ 2152826ms] [WARNING] The resource http://localhost:3000/_next/static/chunks/%5Broot-of-the-server%5D__ad960bb7._.css was preloaded using link preload but not used within a few seconds from the window's load event. Please make sure it has an appropriate `as` value and it is preloaded intentionally. @ http://localhost:3000/en/host/events/6a3527ef29492f270fcac717:0
[ 2180053ms] [LOG] [API] GET /notifications/unread-count - 200 (227ms) @ http://localhost:3000/_next/static/chunks/_f60c0052._.js:2199
[ 2183059ms] [WARNING] The resource http://localhost:3000/_next/static/chunks/%5Broot-of-the-server%5D__ad960bb7._.css was preloaded using link preload but not used within a few seconds from the window's load event. Please make sure it has an appropriate `as` value and it is preloaded intentionally. @ http://localhost:3000/en/host/events/6a3527ef29492f270fcac717:0
[ 2210268ms] [LOG] [API] GET /notifications/unread-count - 200 (214ms) @ http://localhost:3000/_next/static/chunks/_f60c0052._.js:2199
[ 2213272ms] [WARNING] The resource http://localhost:3000/_next/static/chunks/%5Broot-of-the-server%5D__ad960bb7._.css was preloaded using link preload but not used within a few seconds from the window's load event. Please make sure it has an appropriate `as` value and it is preloaded intentionally. @ http://localhost:3000/en/host/events/6a3527ef29492f270fcac717:0
[ 2240567ms] [LOG] [API] GET /notifications/unread-count - 200 (298ms) @ http://localhost:3000/_next/static/chunks/_f60c0052._.js:2199
[ 2243569ms] [WARNING] The resource http://localhost:3000/_next/static/chunks/%5Broot-of-the-server%5D__ad960bb7._.css was preloaded using link preload but not used within a few seconds from the window's load event. Please make sure it has an appropriate `as` value and it is preloaded intentionally. @ http://localhost:3000/en/host/events/6a3527ef29492f270fcac717:0
[ 2270801ms] [LOG] [API] GET /notifications/unread-count - 200 (219ms) @ http://localhost:3000/_next/static/chunks/_f60c0052._.js:2199
[ 2273814ms] [WARNING] The resource http://localhost:3000/_next/static/chunks/%5Broot-of-the-server%5D__ad960bb7._.css was preloaded using link preload but not used within a few seconds from the window's load event. Please make sure it has an appropriate `as` value and it is preloaded intentionally. @ http://localhost:3000/en/host/events/6a3527ef29492f270fcac717:0
[ 2301018ms] [LOG] [API] GET /notifications/unread-count - 200 (206ms) @ http://localhost:3000/_next/static/chunks/_f60c0052._.js:2199
[ 2304028ms] [WARNING] The resource http://localhost:3000/_next/static/chunks/%5Broot-of-the-server%5D__ad960bb7._.css was preloaded using link preload but not used within a few seconds from the window's load event. Please make sure it has an appropriate `as` value and it is preloaded intentionally. @ http://localhost:3000/en/host/events/6a3527ef29492f270fcac717:0
[ 2331295ms] [LOG] [API] GET /notifications/unread-count - 200 (270ms) @ http://localhost:3000/_next/static/chunks/_f60c0052._.js:2199
[ 2334309ms] [WARNING] The resource http://localhost:3000/_next/static/chunks/%5Broot-of-the-server%5D__ad960bb7._.css was preloaded using link preload but not used within a few seconds from the window's load event. Please make sure it has an appropriate `as` value and it is preloaded intentionally. @ http://localhost:3000/en/host/events/6a3527ef29492f270fcac717:0
[ 2361893ms] [LOG] [API] GET /notifications/unread-count - 200 (587ms) @ http://localhost:3000/_next/static/chunks/_f60c0052._.js:2199
[ 2364906ms] [WARNING] The resource http://localhost:3000/_next/static/chunks/%5Broot-of-the-server%5D__ad960bb7._.css was preloaded using link preload but not used within a few seconds from the window's load event. Please make sure it has an appropriate `as` value and it is preloaded intentionally. @ http://localhost:3000/en/host/events/6a3527ef29492f270fcac717:0
[ 2392117ms] [LOG] [API] GET /notifications/unread-count - 200 (215ms) @ http://localhost:3000/_next/static/chunks/_f60c0052._.js:2199
[ 2395119ms] [WARNING] The resource http://localhost:3000/_next/static/chunks/%5Broot-of-the-server%5D__ad960bb7._.css was preloaded using link preload but not used within a few seconds from the window's load event. Please make sure it has an appropriate `as` value and it is preloaded intentionally. @ http://localhost:3000/en/host/events/6a3527ef29492f270fcac717:0
[ 2422335ms] [LOG] [API] GET /notifications/unread-count - 200 (203ms) @ http://localhost:3000/_next/static/chunks/_f60c0052._.js:2199
[ 2425337ms] [WARNING] The resource http://localhost:3000/_next/static/chunks/%5Broot-of-the-server%5D__ad960bb7._.css was preloaded using link preload but not used within a few seconds from the window's load event. Please make sure it has an appropriate `as` value and it is preloaded intentionally. @ http://localhost:3000/en/host/events/6a3527ef29492f270fcac717:0
[ 2452566ms] [LOG] [API] GET /notifications/unread-count - 200 (220ms) @ http://localhost:3000/_next/static/chunks/_f60c0052._.js:2199
[ 2455580ms] [WARNING] The resource http://localhost:3000/_next/static/chunks/%5Broot-of-the-server%5D__ad960bb7._.css was preloaded using link preload but not used within a few seconds from the window's load event. Please make sure it has an appropriate `as` value and it is preloaded intentionally. @ http://localhost:3000/en/host/events/6a3527ef29492f270fcac717:0
[ 2482779ms] [LOG] [API] GET /notifications/unread-count - 200 (203ms) @ http://localhost:3000/_next/static/chunks/_f60c0052._.js:2199
[ 2485791ms] [WARNING] The resource http://localhost:3000/_next/static/chunks/%5Broot-of-the-server%5D__ad960bb7._.css was preloaded using link preload but not used within a few seconds from the window's load event. Please make sure it has an appropriate `as` value and it is preloaded intentionally. @ http://localhost:3000/en/host/events/6a3527ef29492f270fcac717:0
[ 2513054ms] [LOG] [API] GET /notifications/unread-count - 200 (264ms) @ http://localhost:3000/_next/static/chunks/_f60c0052._.js:2199
[ 2516055ms] [WARNING] The resource http://localhost:3000/_next/static/chunks/%5Broot-of-the-server%5D__ad960bb7._.css was preloaded using link preload but not used within a few seconds from the window's load event. Please make sure it has an appropriate `as` value and it is preloaded intentionally. @ http://localhost:3000/en/host/events/6a3527ef29492f270fcac717:0
[ 2543280ms] [LOG] [API] GET /notifications/unread-count - 200 (210ms) @ http://localhost:3000/_next/static/chunks/_f60c0052._.js:2199
[ 2546285ms] [WARNING] The resource http://localhost:3000/_next/static/chunks/%5Broot-of-the-server%5D__ad960bb7._.css was preloaded using link preload but not used within a few seconds from the window's load event. Please make sure it has an appropriate `as` value and it is preloaded intentionally. @ http://localhost:3000/en/host/events/6a3527ef29492f270fcac717:0
[ 2573293ms] [ERROR] Failed to load resource: the server responded with a status of 401 (Unauthorized) @ http://localhost:3000/api/v2/notifications/unread-count:0
[ 2573794ms] [LOG] [API] GET /notifications/unread-count - 200 (206ms) @ http://localhost:3000/_next/static/chunks/_f60c0052._.js:2199
[ 2576800ms] [WARNING] The resource http://localhost:3000/_next/static/chunks/%5Broot-of-the-server%5D__ad960bb7._.css was preloaded using link preload but not used within a few seconds from the window's load event. Please make sure it has an appropriate `as` value and it is preloaded intentionally. @ http://localhost:3000/en/host/events/6a3527ef29492f270fcac717:0
[ 2604000ms] [LOG] [API] GET /notifications/unread-count - 200 (203ms) @ http://localhost:3000/_next/static/chunks/_f60c0052._.js:2199
[ 2607007ms] [WARNING] The resource http://localhost:3000/_next/static/chunks/%5Broot-of-the-server%5D__ad960bb7._.css was preloaded using link preload but not used within a few seconds from the window's load event. Please make sure it has an appropriate `as` value and it is preloaded intentionally. @ http://localhost:3000/en/host/events/6a3527ef29492f270fcac717:0
[ 2634216ms] [LOG] [API] GET /notifications/unread-count - 200 (210ms) @ http://localhost:3000/_next/static/chunks/_f60c0052._.js:2199
[ 2637220ms] [WARNING] The resource http://localhost:3000/_next/static/chunks/%5Broot-of-the-server%5D__ad960bb7._.css was preloaded using link preload but not used within a few seconds from the window's load event. Please make sure it has an appropriate `as` value and it is preloaded intentionally. @ http://localhost:3000/en/host/events/6a3527ef29492f270fcac717:0
[ 2664452ms] [LOG] [API] GET /notifications/unread-count - 200 (228ms) @ http://localhost:3000/_next/static/chunks/_f60c0052._.js:2199
[ 2667456ms] [WARNING] The resource http://localhost:3000/_next/static/chunks/%5Broot-of-the-server%5D__ad960bb7._.css was preloaded using link preload but not used within a few seconds from the window's load event. Please make sure it has an appropriate `as` value and it is preloaded intentionally. @ http://localhost:3000/en/host/events/6a3527ef29492f270fcac717:0
[ 2694657ms] [LOG] [API] GET /notifications/unread-count - 200 (202ms) @ http://localhost:3000/_next/static/chunks/_f60c0052._.js:2199
[ 2697671ms] [WARNING] The resource http://localhost:3000/_next/static/chunks/%5Broot-of-the-server%5D__ad960bb7._.css was preloaded using link preload but not used within a few seconds from the window's load event. Please make sure it has an appropriate `as` value and it is preloaded intentionally. @ http://localhost:3000/en/host/events/6a3527ef29492f270fcac717:0
[ 2724870ms] [LOG] [API] GET /notifications/unread-count - 200 (208ms) @ http://localhost:3000/_next/static/chunks/_f60c0052._.js:2199
[ 2727879ms] [WARNING] The resource http://localhost:3000/_next/static/chunks/%5Broot-of-the-server%5D__ad960bb7._.css was preloaded using link preload but not used within a few seconds from the window's load event. Please make sure it has an appropriate `as` value and it is preloaded intentionally. @ http://localhost:3000/en/host/events/6a3527ef29492f270fcac717:0
[ 2755085ms] [LOG] [API] GET /notifications/unread-count - 200 (209ms) @ http://localhost:3000/_next/static/chunks/_f60c0052._.js:2199
[ 2758097ms] [WARNING] The resource http://localhost:3000/_next/static/chunks/%5Broot-of-the-server%5D__ad960bb7._.css was preloaded using link preload but not used within a few seconds from the window's load event. Please make sure it has an appropriate `as` value and it is preloaded intentionally. @ http://localhost:3000/en/host/events/6a3527ef29492f270fcac717:0
[ 2785335ms] [LOG] [API] GET /notifications/unread-count - 200 (240ms) @ http://localhost:3000/_next/static/chunks/_f60c0052._.js:2199
[ 2788344ms] [WARNING] The resource http://localhost:3000/_next/static/chunks/%5Broot-of-the-server%5D__ad960bb7._.css was preloaded using link preload but not used within a few seconds from the window's load event. Please make sure it has an appropriate `as` value and it is preloaded intentionally. @ http://localhost:3000/en/host/events/6a3527ef29492f270fcac717:0
[ 2815546ms] [LOG] [API] GET /notifications/unread-count - 200 (205ms) @ http://localhost:3000/_next/static/chunks/_f60c0052._.js:2199
[ 2818555ms] [WARNING] The resource http://localhost:3000/_next/static/chunks/%5Broot-of-the-server%5D__ad960bb7._.css was preloaded using link preload but not used within a few seconds from the window's load event. Please make sure it has an appropriate `as` value and it is preloaded intentionally. @ http://localhost:3000/en/host/events/6a3527ef29492f270fcac717:0
[ 2845764ms] [LOG] [API] GET /notifications/unread-count - 200 (215ms) @ http://localhost:3000/_next/static/chunks/_f60c0052._.js:2199
[ 2848769ms] [WARNING] The resource http://localhost:3000/_next/static/chunks/%5Broot-of-the-server%5D__ad960bb7._.css was preloaded using link preload but not used within a few seconds from the window's load event. Please make sure it has an appropriate `as` value and it is preloaded intentionally. @ http://localhost:3000/en/host/events/6a3527ef29492f270fcac717:0
[ 2875975ms] [LOG] [API] GET /notifications/unread-count - 200 (209ms) @ http://localhost:3000/_next/static/chunks/_f60c0052._.js:2199
[ 2878983ms] [WARNING] The resource http://localhost:3000/_next/static/chunks/%5Broot-of-the-server%5D__ad960bb7._.css was preloaded using link preload but not used within a few seconds from the window's load event. Please make sure it has an appropriate `as` value and it is preloaded intentionally. @ http://localhost:3000/en/host/events/6a3527ef29492f270fcac717:0
[ 2906185ms] [LOG] [API] GET /notifications/unread-count - 200 (204ms) @ http://localhost:3000/_next/static/chunks/_f60c0052._.js:2199
[ 2909193ms] [WARNING] The resource http://localhost:3000/_next/static/chunks/%5Broot-of-the-server%5D__ad960bb7._.css was preloaded using link preload but not used within a few seconds from the window's load event. Please make sure it has an appropriate `as` value and it is preloaded intentionally. @ http://localhost:3000/en/host/events/6a3527ef29492f270fcac717:0
[ 2936501ms] [LOG] [API] GET /notifications/unread-count - 200 (307ms) @ http://localhost:3000/_next/static/chunks/_f60c0052._.js:2199
[ 2939511ms] [WARNING] The resource http://localhost:3000/_next/static/chunks/%5Broot-of-the-server%5D__ad960bb7._.css was preloaded using link preload but not used within a few seconds from the window's load event. Please make sure it has an appropriate `as` value and it is preloaded intentionally. @ http://localhost:3000/en/host/events/6a3527ef29492f270fcac717:0
[ 2966715ms] [LOG] [API] GET /notifications/unread-count - 200 (205ms) @ http://localhost:3000/_next/static/chunks/_f60c0052._.js:2199
[ 2969718ms] [WARNING] The resource http://localhost:3000/_next/static/chunks/%5Broot-of-the-server%5D__ad960bb7._.css was preloaded using link preload but not used within a few seconds from the window's load event. Please make sure it has an appropriate `as` value and it is preloaded intentionally. @ http://localhost:3000/en/host/events/6a3527ef29492f270fcac717:0
[ 2996926ms] [LOG] [API] GET /notifications/unread-count - 200 (208ms) @ http://localhost:3000/_next/static/chunks/_f60c0052._.js:2199
[ 2999936ms] [WARNING] The resource http://localhost:3000/_next/static/chunks/%5Broot-of-the-server%5D__ad960bb7._.css was preloaded using link preload but not used within a few seconds from the window's load event. Please make sure it has an appropriate `as` value and it is preloaded intentionally. @ http://localhost:3000/en/host/events/6a3527ef29492f270fcac717:0
[ 3027137ms] [LOG] [API] GET /notifications/unread-count - 200 (202ms) @ http://localhost:3000/_next/static/chunks/_f60c0052._.js:2199
[ 3030148ms] [WARNING] The resource http://localhost:3000/_next/static/chunks/%5Broot-of-the-server%5D__ad960bb7._.css was preloaded using link preload but not used within a few seconds from the window's load event. Please make sure it has an appropriate `as` value and it is preloaded intentionally. @ http://localhost:3000/en/host/events/6a3527ef29492f270fcac717:0
[ 3057356ms] [LOG] [API] GET /notifications/unread-count - 200 (207ms) @ http://localhost:3000/_next/static/chunks/_f60c0052._.js:2199
[ 3060364ms] [WARNING] The resource http://localhost:3000/_next/static/chunks/%5Broot-of-the-server%5D__ad960bb7._.css was preloaded using link preload but not used within a few seconds from the window's load event. Please make sure it has an appropriate `as` value and it is preloaded intentionally. @ http://localhost:3000/en/host/events/6a3527ef29492f270fcac717:0
[ 3087569ms] [LOG] [API] GET /notifications/unread-count - 200 (206ms) @ http://localhost:3000/_next/static/chunks/_f60c0052._.js:2199
[ 3090579ms] [WARNING] The resource http://localhost:3000/_next/static/chunks/%5Broot-of-the-server%5D__ad960bb7._.css was preloaded using link preload but not used within a few seconds from the window's load event. Please make sure it has an appropriate `as` value and it is preloaded intentionally. @ http://localhost:3000/en/host/events/6a3527ef29492f270fcac717:0
[ 3117780ms] [LOG] [API] GET /notifications/unread-count - 200 (203ms) @ http://localhost:3000/_next/static/chunks/_f60c0052._.js:2199
[ 3120793ms] [WARNING] The resource http://localhost:3000/_next/static/chunks/%5Broot-of-the-server%5D__ad960bb7._.css was preloaded using link preload but not used within a few seconds from the window's load event. Please make sure it has an appropriate `as` value and it is preloaded intentionally. @ http://localhost:3000/en/host/events/6a3527ef29492f270fcac717:0
[ 3147994ms] [LOG] [API] GET /notifications/unread-count - 200 (203ms) @ http://localhost:3000/_next/static/chunks/_f60c0052._.js:2199
[ 3151006ms] [WARNING] The resource http://localhost:3000/_next/static/chunks/%5Broot-of-the-server%5D__ad960bb7._.css was preloaded using link preload but not used within a few seconds from the window's load event. Please make sure it has an appropriate `as` value and it is preloaded intentionally. @ http://localhost:3000/en/host/events/6a3527ef29492f270fcac717:0
[ 3178211ms] [LOG] [API] GET /notifications/unread-count - 200 (211ms) @ http://localhost:3000/_next/static/chunks/_f60c0052._.js:2199
[ 3181216ms] [WARNING] The resource http://localhost:3000/_next/static/chunks/%5Broot-of-the-server%5D__ad960bb7._.css was preloaded using link preload but not used within a few seconds from the window's load event. Please make sure it has an appropriate `as` value and it is preloaded intentionally. @ http://localhost:3000/en/host/events/6a3527ef29492f270fcac717:0
[ 3208508ms] [LOG] [API] GET /notifications/unread-count - 200 (291ms) @ http://localhost:3000/_next/static/chunks/_f60c0052._.js:2199
[ 3211508ms] [WARNING] The resource http://localhost:3000/_next/static/chunks/%5Broot-of-the-server%5D__ad960bb7._.css was preloaded using link preload but not used within a few seconds from the window's load event. Please make sure it has an appropriate `as` value and it is preloaded intentionally. @ http://localhost:3000/en/host/events/6a3527ef29492f270fcac717:0
[ 3238728ms] [LOG] [API] GET /notifications/unread-count - 200 (214ms) @ http://localhost:3000/_next/static/chunks/_f60c0052._.js:2199
[ 3241729ms] [WARNING] The resource http://localhost:3000/_next/static/chunks/%5Broot-of-the-server%5D__ad960bb7._.css was preloaded using link preload but not used within a few seconds from the window's load event. Please make sure it has an appropriate `as` value and it is preloaded intentionally. @ http://localhost:3000/en/host/events/6a3527ef29492f270fcac717:0
[ 3268950ms] [LOG] [API] GET /notifications/unread-count - 200 (206ms) @ http://localhost:3000/_next/static/chunks/_f60c0052._.js:2199
[ 3271959ms] [WARNING] The resource http://localhost:3000/_next/static/chunks/%5Broot-of-the-server%5D__ad960bb7._.css was preloaded using link preload but not used within a few seconds from the window's load event. Please make sure it has an appropriate `as` value and it is preloaded intentionally. @ http://localhost:3000/en/host/events/6a3527ef29492f270fcac717:0
[ 3299207ms] [LOG] [API] GET /notifications/unread-count - 200 (251ms) @ http://localhost:3000/_next/static/chunks/_f60c0052._.js:2199
[ 3302219ms] [WARNING] The resource http://localhost:3000/_next/static/chunks/%5Broot-of-the-server%5D__ad960bb7._.css was preloaded using link preload but not used within a few seconds from the window's load event. Please make sure it has an appropriate `as` value and it is preloaded intentionally. @ http://localhost:3000/en/host/events/6a3527ef29492f270fcac717:0
[ 3329425ms] [LOG] [API] GET /notifications/unread-count - 200 (206ms) @ http://localhost:3000/_next/static/chunks/_f60c0052._.js:2199
[ 3332435ms] [WARNING] The resource http://localhost:3000/_next/static/chunks/%5Broot-of-the-server%5D__ad960bb7._.css was preloaded using link preload but not used within a few seconds from the window's load event. Please make sure it has an appropriate `as` value and it is preloaded intentionally. @ http://localhost:3000/en/host/events/6a3527ef29492f270fcac717:0
[ 3359639ms] [LOG] [API] GET /notifications/unread-count - 200 (206ms) @ http://localhost:3000/_next/static/chunks/_f60c0052._.js:2199
[ 3362648ms] [WARNING] The resource http://localhost:3000/_next/static/chunks/%5Broot-of-the-server%5D__ad960bb7._.css was preloaded using link preload but not used within a few seconds from the window's load event. Please make sure it has an appropriate `as` value and it is preloaded intentionally. @ http://localhost:3000/en/host/events/6a3527ef29492f270fcac717:0
[ 3389854ms] [LOG] [API] GET /notifications/unread-count - 200 (207ms) @ http://localhost:3000/_next/static/chunks/_f60c0052._.js:2199
[ 3392860ms] [WARNING] The resource http://localhost:3000/_next/static/chunks/%5Broot-of-the-server%5D__ad960bb7._.css was preloaded using link preload but not used within a few seconds from the window's load event. Please make sure it has an appropriate `as` value and it is preloaded intentionally. @ http://localhost:3000/en/host/events/6a3527ef29492f270fcac717:0
[ 3420065ms] [LOG] [API] GET /notifications/unread-count - 200 (207ms) @ http://localhost:3000/_next/static/chunks/_f60c0052._.js:2199
[ 3423068ms] [WARNING] The resource http://localhost:3000/_next/static/chunks/%5Broot-of-the-server%5D__ad960bb7._.css was preloaded using link preload but not used within a few seconds from the window's load event. Please make sure it has an appropriate `as` value and it is preloaded intentionally. @ http://localhost:3000/en/host/events/6a3527ef29492f270fcac717:0
[ 3450280ms] [LOG] [API] GET /notifications/unread-count - 200 (207ms) @ http://localhost:3000/_next/static/chunks/_f60c0052._.js:2199
[ 3453290ms] [WARNING] The resource http://localhost:3000/_next/static/chunks/%5Broot-of-the-server%5D__ad960bb7._.css was preloaded using link preload but not used within a few seconds from the window's load event. Please make sure it has an appropriate `as` value and it is preloaded intentionally. @ http://localhost:3000/en/host/events/6a3527ef29492f270fcac717:0
[ 3480294ms] [ERROR] Failed to load resource: the server responded with a status of 401 (Unauthorized) @ http://localhost:3000/api/v2/notifications/unread-count:0
[ 3480812ms] [LOG] [API] GET /notifications/unread-count - 200 (232ms) @ http://localhost:3000/_next/static/chunks/_f60c0052._.js:2199
[ 3483815ms] [WARNING] The resource http://localhost:3000/_next/static/chunks/%5Broot-of-the-server%5D__ad960bb7._.css was preloaded using link preload but not used within a few seconds from the window's load event. Please make sure it has an appropriate `as` value and it is preloaded intentionally. @ http://localhost:3000/en/host/events/6a3527ef29492f270fcac717:0
[ 3511047ms] [LOG] [API] GET /notifications/unread-count - 200 (230ms) @ http://localhost:3000/_next/static/chunks/_f60c0052._.js:2199
[ 3514049ms] [WARNING] The resource http://localhost:3000/_next/static/chunks/%5Broot-of-the-server%5D__ad960bb7._.css was preloaded using link preload but not used within a few seconds from the window's load event. Please make sure it has an appropriate `as` value and it is preloaded intentionally. @ http://localhost:3000/en/host/events/6a3527ef29492f270fcac717:0
[ 3541256ms] [LOG] [API] GET /notifications/unread-count - 200 (208ms) @ http://localhost:3000/_next/static/chunks/_f60c0052._.js:2199
[ 3544263ms] [WARNING] The resource http://localhost:3000/_next/static/chunks/%5Broot-of-the-server%5D__ad960bb7._.css was preloaded using link preload but not used within a few seconds from the window's load event. Please make sure it has an appropriate `as` value and it is preloaded intentionally. @ http://localhost:3000/en/host/events/6a3527ef29492f270fcac717:0
[ 3571497ms] [LOG] [API] GET /notifications/unread-count - 200 (234ms) @ http://localhost:3000/_next/static/chunks/_f60c0052._.js:2199
[ 3574509ms] [WARNING] The resource http://localhost:3000/_next/static/chunks/%5Broot-of-the-server%5D__ad960bb7._.css was preloaded using link preload but not used within a few seconds from the window's load event. Please make sure it has an appropriate `as` value and it is preloaded intentionally. @ http://localhost:3000/en/host/events/6a3527ef29492f270fcac717:0
[ 3601715ms] [LOG] [API] GET /notifications/unread-count - 200 (206ms) @ http://localhost:3000/_next/static/chunks/_f60c0052._.js:2199
[ 3604724ms] [WARNING] The resource http://localhost:3000/_next/static/chunks/%5Broot-of-the-server%5D__ad960bb7._.css was preloaded using link preload but not used within a few seconds from the window's load event. Please make sure it has an appropriate `as` value and it is preloaded intentionally. @ http://localhost:3000/en/host/events/6a3527ef29492f270fcac717:0
[ 3631992ms] [LOG] [API] GET /notifications/unread-count - 200 (269ms) @ http://localhost:3000/_next/static/chunks/_f60c0052._.js:2199
[ 3635005ms] [WARNING] The resource http://localhost:3000/_next/static/chunks/%5Broot-of-the-server%5D__ad960bb7._.css was preloaded using link preload but not used within a few seconds from the window's load event. Please make sure it has an appropriate `as` value and it is preloaded intentionally. @ http://localhost:3000/en/host/events/6a3527ef29492f270fcac717:0
[ 3662210ms] [LOG] [API] GET /notifications/unread-count - 200 (208ms) @ http://localhost:3000/_next/static/chunks/_f60c0052._.js:2199
[ 3665217ms] [WARNING] The resource http://localhost:3000/_next/static/chunks/%5Broot-of-the-server%5D__ad960bb7._.css was preloaded using link preload but not used within a few seconds from the window's load event. Please make sure it has an appropriate `as` value and it is preloaded intentionally. @ http://localhost:3000/en/host/events/6a3527ef29492f270fcac717:0
[ 3692427ms] [LOG] [API] GET /notifications/unread-count - 200 (211ms) @ http://localhost:3000/_next/static/chunks/_f60c0052._.js:2199
[ 3695431ms] [WARNING] The resource http://localhost:3000/_next/static/chunks/%5Broot-of-the-server%5D__ad960bb7._.css was preloaded using link preload but not used within a few seconds from the window's load event. Please make sure it has an appropriate `as` value and it is preloaded intentionally. @ http://localhost:3000/en/host/events/6a3527ef29492f270fcac717:0
[ 3722660ms] [LOG] [API] GET /notifications/unread-count - 200 (232ms) @ http://localhost:3000/_next/static/chunks/_f60c0052._.js:2199
[ 3725661ms] [WARNING] The resource http://localhost:3000/_next/static/chunks/%5Broot-of-the-server%5D__ad960bb7._.css was preloaded using link preload but not used within a few seconds from the window's load event. Please make sure it has an appropriate `as` value and it is preloaded intentionally. @ http://localhost:3000/en/host/events/6a3527ef29492f270fcac717:0
[ 3752882ms] [LOG] [API] GET /notifications/unread-count - 200 (207ms) @ http://localhost:3000/_next/static/chunks/_f60c0052._.js:2199
[ 3755891ms] [WARNING] The resource http://localhost:3000/_next/static/chunks/%5Broot-of-the-server%5D__ad960bb7._.css was preloaded using link preload but not used within a few seconds from the window's load event. Please make sure it has an appropriate `as` value and it is preloaded intentionally. @ http://localhost:3000/en/host/events/6a3527ef29492f270fcac717:0
[ 3783098ms] [LOG] [API] GET /notifications/unread-count - 200 (207ms) @ http://localhost:3000/_next/static/chunks/_f60c0052._.js:2199
[ 3786104ms] [WARNING] The resource http://localhost:3000/_next/static/chunks/%5Broot-of-the-server%5D__ad960bb7._.css was preloaded using link preload but not used within a few seconds from the window's load event. Please make sure it has an appropriate `as` value and it is preloaded intentionally. @ http://localhost:3000/en/host/events/6a3527ef29492f270fcac717:0
[ 3813311ms] [LOG] [API] GET /notifications/unread-count - 200 (211ms) @ http://localhost:3000/_next/static/chunks/_f60c0052._.js:2199
[ 3816317ms] [WARNING] The resource http://localhost:3000/_next/static/chunks/%5Broot-of-the-server%5D__ad960bb7._.css was preloaded using link preload but not used within a few seconds from the window's load event. Please make sure it has an appropriate `as` value and it is preloaded intentionally. @ http://localhost:3000/en/host/events/6a3527ef29492f270fcac717:0
[ 3843525ms] [LOG] [API] GET /notifications/unread-count - 200 (210ms) @ http://localhost:3000/_next/static/chunks/_f60c0052._.js:2199
[ 3846530ms] [WARNING] The resource http://localhost:3000/_next/static/chunks/%5Broot-of-the-server%5D__ad960bb7._.css was preloaded using link preload but not used within a few seconds from the window's load event. Please make sure it has an appropriate `as` value and it is preloaded intentionally. @ http://localhost:3000/en/host/events/6a3527ef29492f270fcac717:0
[ 3873748ms] [LOG] [API] GET /notifications/unread-count - 200 (219ms) @ http://localhost:3000/_next/static/chunks/_f60c0052._.js:2199
[ 3876761ms] [WARNING] The resource http://localhost:3000/_next/static/chunks/%5Broot-of-the-server%5D__ad960bb7._.css was preloaded using link preload but not used within a few seconds from the window's load event. Please make sure it has an appropriate `as` value and it is preloaded intentionally. @ http://localhost:3000/en/host/events/6a3527ef29492f270fcac717:0
[ 3903965ms] [LOG] [API] GET /notifications/unread-count - 200 (207ms) @ http://localhost:3000/_next/static/chunks/_f60c0052._.js:2199
[ 3906975ms] [WARNING] The resource http://localhost:3000/_next/static/chunks/%5Broot-of-the-server%5D__ad960bb7._.css was preloaded using link preload but not used within a few seconds from the window's load event. Please make sure it has an appropriate `as` value and it is preloaded intentionally. @ http://localhost:3000/en/host/events/6a3527ef29492f270fcac717:0
[ 3934194ms] [LOG] [API] GET /notifications/unread-count - 200 (222ms) @ http://localhost:3000/_next/static/chunks/_f60c0052._.js:2199
[ 3937204ms] [WARNING] The resource http://localhost:3000/_next/static/chunks/%5Broot-of-the-server%5D__ad960bb7._.css was preloaded using link preload but not used within a few seconds from the window's load event. Please make sure it has an appropriate `as` value and it is preloaded intentionally. @ http://localhost:3000/en/host/events/6a3527ef29492f270fcac717:0
[ 3964455ms] [LOG] [API] GET /notifications/unread-count - 200 (252ms) @ http://localhost:3000/_next/static/chunks/_f60c0052._.js:2199
[ 3967469ms] [WARNING] The resource http://localhost:3000/_next/static/chunks/%5Broot-of-the-server%5D__ad960bb7._.css was preloaded using link preload but not used within a few seconds from the window's load event. Please make sure it has an appropriate `as` value and it is preloaded intentionally. @ http://localhost:3000/en/host/events/6a3527ef29492f270fcac717:0
[ 3994686ms] [LOG] [API] GET /notifications/unread-count - 200 (221ms) @ http://localhost:3000/_next/static/chunks/_f60c0052._.js:2199
[ 3997698ms] [WARNING] The resource http://localhost:3000/_next/static/chunks/%5Broot-of-the-server%5D__ad960bb7._.css was preloaded using link preload but not used within a few seconds from the window's load event. Please make sure it has an appropriate `as` value and it is preloaded intentionally. @ http://localhost:3000/en/host/events/6a3527ef29492f270fcac717:0
[ 4024888ms] [LOG] [API] GET /notifications/unread-count - 200 (199ms) @ http://localhost:3000/_next/static/chunks/_f60c0052._.js:2199
[ 4027896ms] [WARNING] The resource http://localhost:3000/_next/static/chunks/%5Broot-of-the-server%5D__ad960bb7._.css was preloaded using link preload but not used within a few seconds from the window's load event. Please make sure it has an appropriate `as` value and it is preloaded intentionally. @ http://localhost:3000/en/host/events/6a3527ef29492f270fcac717:0
[ 4055105ms] [LOG] [API] GET /notifications/unread-count - 200 (213ms) @ http://localhost:3000/_next/static/chunks/_f60c0052._.js:2199
[ 4058108ms] [WARNING] The resource http://localhost:3000/_next/static/chunks/%5Broot-of-the-server%5D__ad960bb7._.css was preloaded using link preload but not used within a few seconds from the window's load event. Please make sure it has an appropriate `as` value and it is preloaded intentionally. @ http://localhost:3000/en/host/events/6a3527ef29492f270fcac717:0
[ 4085326ms] [LOG] [API] GET /notifications/unread-count - 200 (219ms) @ http://localhost:3000/_next/static/chunks/_f60c0052._.js:2199
[ 4088339ms] [WARNING] The resource http://localhost:3000/_next/static/chunks/%5Broot-of-the-server%5D__ad960bb7._.css was preloaded using link preload but not used within a few seconds from the window's load event. Please make sure it has an appropriate `as` value and it is preloaded intentionally. @ http://localhost:3000/en/host/events/6a3527ef29492f270fcac717:0
[ 4115523ms] [LOG] [API] GET /notifications/unread-count - 200 (197ms) @ http://localhost:3000/_next/static/chunks/_f60c0052._.js:2199
[ 4118536ms] [WARNING] The resource http://localhost:3000/_next/static/chunks/%5Broot-of-the-server%5D__ad960bb7._.css was preloaded using link preload but not used within a few seconds from the window's load event. Please make sure it has an appropriate `as` value and it is preloaded intentionally. @ http://localhost:3000/en/host/events/6a3527ef29492f270fcac717:0
[ 4145733ms] [LOG] [API] GET /notifications/unread-count - 200 (198ms) @ http://localhost:3000/_next/static/chunks/_f60c0052._.js:2199
[ 4148734ms] [WARNING] The resource http://localhost:3000/_next/static/chunks/%5Broot-of-the-server%5D__ad960bb7._.css was preloaded using link preload but not used within a few seconds from the window's load event. Please make sure it has an appropriate `as` value and it is preloaded intentionally. @ http://localhost:3000/en/host/events/6a3527ef29492f270fcac717:0
[ 4176410ms] [LOG] [API] GET /notifications/unread-count - 200 (664ms) @ http://localhost:3000/_next/static/chunks/_f60c0052._.js:2199
[ 4179411ms] [WARNING] The resource http://localhost:3000/_next/static/chunks/%5Broot-of-the-server%5D__ad960bb7._.css was preloaded using link preload but not used within a few seconds from the window's load event. Please make sure it has an appropriate `as` value and it is preloaded intentionally. @ http://localhost:3000/en/host/events/6a3527ef29492f270fcac717:0
[ 4206775ms] [LOG] [API] GET /notifications/unread-count - 200 (363ms) @ http://localhost:3000/_next/static/chunks/_f60c0052._.js:2199
[ 4209776ms] [WARNING] The resource http://localhost:3000/_next/static/chunks/%5Broot-of-the-server%5D__ad960bb7._.css was preloaded using link preload but not used within a few seconds from the window's load event. Please make sure it has an appropriate `as` value and it is preloaded intentionally. @ http://localhost:3000/en/host/events/6a3527ef29492f270fcac717:0
[ 4237027ms] [LOG] [API] GET /notifications/unread-count - 200 (237ms) @ http://localhost:3000/_next/static/chunks/_f60c0052._.js:2199
[ 4240039ms] [WARNING] The resource http://localhost:3000/_next/static/chunks/%5Broot-of-the-server%5D__ad960bb7._.css was preloaded using link preload but not used within a few seconds from the window's load event. Please make sure it has an appropriate `as` value and it is preloaded intentionally. @ http://localhost:3000/en/host/events/6a3527ef29492f270fcac717:0
[ 4267239ms] [LOG] [API] GET /notifications/unread-count - 200 (201ms) @ http://localhost:3000/_next/static/chunks/_f60c0052._.js:2199
[ 4270252ms] [WARNING] The resource http://localhost:3000/_next/static/chunks/%5Broot-of-the-server%5D__ad960bb7._.css was preloaded using link preload but not used within a few seconds from the window's load event. Please make sure it has an appropriate `as` value and it is preloaded intentionally. @ http://localhost:3000/en/host/events/6a3527ef29492f270fcac717:0
[ 4297451ms] [LOG] [API] GET /notifications/unread-count - 200 (201ms) @ http://localhost:3000/_next/static/chunks/_f60c0052._.js:2199
[ 4300465ms] [WARNING] The resource http://localhost:3000/_next/static/chunks/%5Broot-of-the-server%5D__ad960bb7._.css was preloaded using link preload but not used within a few seconds from the window's load event. Please make sure it has an appropriate `as` value and it is preloaded intentionally. @ http://localhost:3000/en/host/events/6a3527ef29492f270fcac717:0
[ 4327662ms] [LOG] [API] GET /notifications/unread-count - 200 (197ms) @ http://localhost:3000/_next/static/chunks/_f60c0052._.js:2199
[ 4330664ms] [WARNING] The resource http://localhost:3000/_next/static/chunks/%5Broot-of-the-server%5D__ad960bb7._.css was preloaded using link preload but not used within a few seconds from the window's load event. Please make sure it has an appropriate `as` value and it is preloaded intentionally. @ http://localhost:3000/en/host/events/6a3527ef29492f270fcac717:0
[ 4357878ms] [LOG] [API] GET /notifications/unread-count - 200 (200ms) @ http://localhost:3000/_next/static/chunks/_f60c0052._.js:2199
[ 4360878ms] [WARNING] The resource http://localhost:3000/_next/static/chunks/%5Broot-of-the-server%5D__ad960bb7._.css was preloaded using link preload but not used within a few seconds from the window's load event. Please make sure it has an appropriate `as` value and it is preloaded intentionally. @ http://localhost:3000/en/host/events/6a3527ef29492f270fcac717:0
[ 4387900ms] [ERROR] Failed to load resource: the server responded with a status of 401 (Unauthorized) @ http://localhost:3000/api/v2/notifications/unread-count:0
[ 4388397ms] [LOG] [API] GET /notifications/unread-count - 200 (215ms) @ http://localhost:3000/_next/static/chunks/_f60c0052._.js:2199
[ 4391406ms] [WARNING] The resource http://localhost:3000/_next/static/chunks/%5Broot-of-the-server%5D__ad960bb7._.css was preloaded using link preload but not used within a few seconds from the window's load event. Please make sure it has an appropriate `as` value and it is preloaded intentionally. @ http://localhost:3000/en/host/events/6a3527ef29492f270fcac717:0
[ 4418649ms] [LOG] [API] GET /notifications/unread-count - 200 (246ms) @ http://localhost:3000/_next/static/chunks/_f60c0052._.js:2199
[ 4421653ms] [WARNING] The resource http://localhost:3000/_next/static/chunks/%5Broot-of-the-server%5D__ad960bb7._.css was preloaded using link preload but not used within a few seconds from the window's load event. Please make sure it has an appropriate `as` value and it is preloaded intentionally. @ http://localhost:3000/en/host/events/6a3527ef29492f270fcac717:0
[ 4448854ms] [LOG] [API] GET /notifications/unread-count - 200 (201ms) @ http://localhost:3000/_next/static/chunks/_f60c0052._.js:2199
[ 4451867ms] [WARNING] The resource http://localhost:3000/_next/static/chunks/%5Broot-of-the-server%5D__ad960bb7._.css was preloaded using link preload but not used within a few seconds from the window's load event. Please make sure it has an appropriate `as` value and it is preloaded intentionally. @ http://localhost:3000/en/host/events/6a3527ef29492f270fcac717:0
[ 4479094ms] [LOG] [API] GET /notifications/unread-count - 200 (230ms) @ http://localhost:3000/_next/static/chunks/_f60c0052._.js:2199
[ 4482096ms] [WARNING] The resource http://localhost:3000/_next/static/chunks/%5Broot-of-the-server%5D__ad960bb7._.css was preloaded using link preload but not used within a few seconds from the window's load event. Please make sure it has an appropriate `as` value and it is preloaded intentionally. @ http://localhost:3000/en/host/events/6a3527ef29492f270fcac717:0
[ 4509297ms] [LOG] [API] GET /notifications/unread-count - 200 (201ms) @ http://localhost:3000/_next/static/chunks/_f60c0052._.js:2199
[ 4512311ms] [WARNING] The resource http://localhost:3000/_next/static/chunks/%5Broot-of-the-server%5D__ad960bb7._.css was preloaded using link preload but not used within a few seconds from the window's load event. Please make sure it has an appropriate `as` value and it is preloaded intentionally. @ http://localhost:3000/en/host/events/6a3527ef29492f270fcac717:0
[ 4539511ms] [LOG] [API] GET /notifications/unread-count - 200 (203ms) @ http://localhost:3000/_next/static/chunks/_f60c0052._.js:2199
[ 4542523ms] [WARNING] The resource http://localhost:3000/_next/static/chunks/%5Broot-of-the-server%5D__ad960bb7._.css was preloaded using link preload but not used within a few seconds from the window's load event. Please make sure it has an appropriate `as` value and it is preloaded intentionally. @ http://localhost:3000/en/host/events/6a3527ef29492f270fcac717:0
[ 4569722ms] [LOG] [API] GET /notifications/unread-count - 200 (200ms) @ http://localhost:3000/_next/static/chunks/_f60c0052._.js:2199
[ 4572736ms] [WARNING] The resource http://localhost:3000/_next/static/chunks/%5Broot-of-the-server%5D__ad960bb7._.css was preloaded using link preload but not used within a few seconds from the window's load event. Please make sure it has an appropriate `as` value and it is preloaded intentionally. @ http://localhost:3000/en/host/events/6a3527ef29492f270fcac717:0
[ 4599921ms] [LOG] [API] GET /notifications/unread-count - 200 (196ms) @ http://localhost:3000/_next/static/chunks/_f60c0052._.js:2199
[ 4602933ms] [WARNING] The resource http://localhost:3000/_next/static/chunks/%5Broot-of-the-server%5D__ad960bb7._.css was preloaded using link preload but not used within a few seconds from the window's load event. Please make sure it has an appropriate `as` value and it is preloaded intentionally. @ http://localhost:3000/en/host/events/6a3527ef29492f270fcac717:0
[ 4630159ms] [LOG] [API] GET /notifications/unread-count - 200 (228ms) @ http://localhost:3000/_next/static/chunks/_f60c0052._.js:2199
[ 4633163ms] [WARNING] The resource http://localhost:3000/_next/static/chunks/%5Broot-of-the-server%5D__ad960bb7._.css was preloaded using link preload but not used within a few seconds from the window's load event. Please make sure it has an appropriate `as` value and it is preloaded intentionally. @ http://localhost:3000/en/host/events/6a3527ef29492f270fcac717:0
[ 4660364ms] [LOG] [API] GET /notifications/unread-count - 200 (201ms) @ http://localhost:3000/_next/static/chunks/_f60c0052._.js:2199
[ 4663377ms] [WARNING] The resource http://localhost:3000/_next/static/chunks/%5Broot-of-the-server%5D__ad960bb7._.css was preloaded using link preload but not used within a few seconds from the window's load event. Please make sure it has an appropriate `as` value and it is preloaded intentionally. @ http://localhost:3000/en/host/events/6a3527ef29492f270fcac717:0
[ 4690576ms] [LOG] [API] GET /notifications/unread-count - 200 (201ms) @ http://localhost:3000/_next/static/chunks/_f60c0052._.js:2199
[ 4693591ms] [WARNING] The resource http://localhost:3000/_next/static/chunks/%5Broot-of-the-server%5D__ad960bb7._.css was preloaded using link preload but not used within a few seconds from the window's load event. Please make sure it has an appropriate `as` value and it is preloaded intentionally. @ http://localhost:3000/en/host/events/6a3527ef29492f270fcac717:0
[ 4720787ms] [LOG] [API] GET /notifications/unread-count - 200 (198ms) @ http://localhost:3000/_next/static/chunks/_f60c0052._.js:2199
[ 4723789ms] [WARNING] The resource http://localhost:3000/_next/static/chunks/%5Broot-of-the-server%5D__ad960bb7._.css was preloaded using link preload but not used within a few seconds from the window's load event. Please make sure it has an appropriate `as` value and it is preloaded intentionally. @ http://localhost:3000/en/host/events/6a3527ef29492f270fcac717:0
[ 4751042ms] [LOG] [API] GET /notifications/unread-count - 200 (240ms) @ http://localhost:3000/_next/static/chunks/_f60c0052._.js:2199
[ 4754051ms] [WARNING] The resource http://localhost:3000/_next/static/chunks/%5Broot-of-the-server%5D__ad960bb7._.css was preloaded using link preload but not used within a few seconds from the window's load event. Please make sure it has an appropriate `as` value and it is preloaded intentionally. @ http://localhost:3000/en/host/events/6a3527ef29492f270fcac717:0
[ 4781258ms] [LOG] [API] GET /notifications/unread-count - 200 (208ms) @ http://localhost:3000/_next/static/chunks/_f60c0052._.js:2199
[ 4784266ms] [WARNING] The resource http://localhost:3000/_next/static/chunks/%5Broot-of-the-server%5D__ad960bb7._.css was preloaded using link preload but not used within a few seconds from the window's load event. Please make sure it has an appropriate `as` value and it is preloaded intentionally. @ http://localhost:3000/en/host/events/6a3527ef29492f270fcac717:0
[ 4811463ms] [LOG] [API] GET /notifications/unread-count - 200 (205ms) @ http://localhost:3000/_next/static/chunks/_f60c0052._.js:2199
[ 4814464ms] [WARNING] The resource http://localhost:3000/_next/static/chunks/%5Broot-of-the-server%5D__ad960bb7._.css was preloaded using link preload but not used within a few seconds from the window's load event. Please make sure it has an appropriate `as` value and it is preloaded intentionally. @ http://localhost:3000/en/host/events/6a3527ef29492f270fcac717:0
