[    2576ms] [INFO] %cDownload the React DevTools for a better development experience: https://react.dev/link/react-devtools font-weight:bold @ http://localhost:3000/_next/static/chunks/node_modules_next_dist_compiled_react-dom_1e674e59._.js:14537
[    2761ms] [INFO] 🌐 i18next is made possible by our own product, Locize — consider powering your project with managed localization (AI, CDN, integrations): https://locize.com 💙 @ http://localhost:3000/_next/static/chunks/node_modules_5dfc3838._.js:3250
[    2867ms] [ERROR] Failed to load resource: the server responded with a status of 401 (Unauthorized) @ http://localhost:3000/api/v2/notifications/unread-count:0
[    2870ms] [ERROR] Failed to load resource: the server responded with a status of 401 (Unauthorized) @ http://localhost:3000/api/v2/events/6a3527ef29492f270fcac717:0
[    2871ms] [ERROR] Failed to load resource: the server responded with a status of 401 (Unauthorized) @ http://localhost:3000/api/v2/events/subscription-info:0
[    3033ms] [ERROR] Failed to load resource: the server responded with a status of 500 (Internal Server Error) @ http://localhost:3000/favicon.ico:0
[    3460ms] [LOG] [API] GET /notifications/unread-count - 200 (265ms) @ http://localhost:3000/_next/static/chunks/_f60c0052._.js:2199
[    3531ms] [LOG] [API] GET /events/subscription-info - 200 (334ms) @ http://localhost:3000/_next/static/chunks/_f60c0052._.js:2199
[    3623ms] [LOG] [API] GET /events/6a3527ef29492f270fcac717 - 200 (427ms) @ http://localhost:3000/_next/static/chunks/_f60c0052._.js:2199
[    3843ms] [LOG] [API] GET /template-categories - 200 (204ms) @ http://localhost:3000/_next/static/chunks/_f60c0052._.js:2199
[    4259ms] [LOG] [API] GET /templates - 200 (621ms) @ http://localhost:3000/_next/static/chunks/_f60c0052._.js:2199
[    7268ms] [WARNING] The resource http://localhost:3000/_next/static/chunks/%5Broot-of-the-server%5D__ad960bb7._.css was preloaded using link preload but not used within a few seconds from the window's load event. Please make sure it has an appropriate `as` value and it is preloaded intentionally. @ http://localhost:3000/en/host/update-event?id=6a3527ef29492f270fcac717&step=3:0
[   14167ms] [WARNING] The resource http://localhost:3000/_next/static/chunks/%5Broot-of-the-server%5D__ad960bb7._.css was preloaded using link preload but not used within a few seconds from the window's load event. Please make sure it has an appropriate `as` value and it is preloaded intentionally. @ http://localhost:3000/en/host/update-event?id=6a3527ef29492f270fcac717&step=3:0
[   18227ms] [LOG] [API] GET /fonts - 200 (40ms) @ http://localhost:3000/_next/static/chunks/_f60c0052._.js:2199
[   21283ms] [WARNING] The resource http://localhost:3000/_next/static/chunks/%5Broot-of-the-server%5D__ad960bb7._.css was preloaded using link preload but not used within a few seconds from the window's load event. Please make sure it has an appropriate `as` value and it is preloaded intentionally. @ http://localhost:3000/en/host/update-event?id=6a3527ef29492f270fcac717&step=3:0
[   33677ms] [LOG] [API] GET /notifications/unread-count - 200 (212ms) @ http://localhost:3000/_next/static/chunks/_f60c0052._.js:2199
[   36682ms] [WARNING] The resource http://localhost:3000/_next/static/chunks/%5Broot-of-the-server%5D__ad960bb7._.css was preloaded using link preload but not used within a few seconds from the window's load event. Please make sure it has an appropriate `as` value and it is preloaded intentionally. @ http://localhost:3000/en/host/update-event?id=6a3527ef29492f270fcac717&step=3:0
[   64005ms] [LOG] [API] GET /notifications/unread-count - 200 (325ms) @ http://localhost:3000/_next/static/chunks/_f60c0052._.js:2199
[   67012ms] [WARNING] The resource http://localhost:3000/_next/static/chunks/%5Broot-of-the-server%5D__ad960bb7._.css was preloaded using link preload but not used within a few seconds from the window's load event. Please make sure it has an appropriate `as` value and it is preloaded intentionally. @ http://localhost:3000/en/host/update-event?id=6a3527ef29492f270fcac717&step=3:0
[   94263ms] [LOG] [API] GET /notifications/unread-count - 200 (252ms) @ http://localhost:3000/_next/static/chunks/_f60c0052._.js:2199
[   97275ms] [WARNING] The resource http://localhost:3000/_next/static/chunks/%5Broot-of-the-server%5D__ad960bb7._.css was preloaded using link preload but not used within a few seconds from the window's load event. Please make sure it has an appropriate `as` value and it is preloaded intentionally. @ http://localhost:3000/en/host/update-event?id=6a3527ef29492f270fcac717&step=3:0
[  124525ms] [LOG] [API] GET /notifications/unread-count - 200 (253ms) @ http://localhost:3000/_next/static/chunks/_f60c0052._.js:2199
[  127538ms] [WARNING] The resource http://localhost:3000/_next/static/chunks/%5Broot-of-the-server%5D__ad960bb7._.css was preloaded using link preload but not used within a few seconds from the window's load event. Please make sure it has an appropriate `as` value and it is preloaded intentionally. @ http://localhost:3000/en/host/update-event?id=6a3527ef29492f270fcac717&step=3:0
[  154798ms] [LOG] [API] GET /notifications/unread-count - 200 (260ms) @ http://localhost:3000/_next/static/chunks/_f60c0052._.js:2199
[  157802ms] [WARNING] The resource http://localhost:3000/_next/static/chunks/%5Broot-of-the-server%5D__ad960bb7._.css was preloaded using link preload but not used within a few seconds from the window's load event. Please make sure it has an appropriate `as` value and it is preloaded intentionally. @ http://localhost:3000/en/host/update-event?id=6a3527ef29492f270fcac717&step=3:0
[  185056ms] [LOG] [API] GET /notifications/unread-count - 200 (257ms) @ http://localhost:3000/_next/static/chunks/_f60c0052._.js:2199
[  188065ms] [WARNING] The resource http://localhost:3000/_next/static/chunks/%5Broot-of-the-server%5D__ad960bb7._.css was preloaded using link preload but not used within a few seconds from the window's load event. Please make sure it has an appropriate `as` value and it is preloaded intentionally. @ http://localhost:3000/en/host/update-event?id=6a3527ef29492f270fcac717&step=3:0
[  215412ms] [LOG] [API] GET /notifications/unread-count - 200 (349ms) @ http://localhost:3000/_next/static/chunks/_f60c0052._.js:2199
[  218412ms] [WARNING] The resource http://localhost:3000/_next/static/chunks/%5Broot-of-the-server%5D__ad960bb7._.css was preloaded using link preload but not used within a few seconds from the window's load event. Please make sure it has an appropriate `as` value and it is preloaded intentionally. @ http://localhost:3000/en/host/update-event?id=6a3527ef29492f270fcac717&step=3:0
[  245648ms] [LOG] [API] GET /notifications/unread-count - 200 (236ms) @ http://localhost:3000/_next/static/chunks/_f60c0052._.js:2199
[  248659ms] [WARNING] The resource http://localhost:3000/_next/static/chunks/%5Broot-of-the-server%5D__ad960bb7._.css was preloaded using link preload but not used within a few seconds from the window's load event. Please make sure it has an appropriate `as` value and it is preloaded intentionally. @ http://localhost:3000/en/host/update-event?id=6a3527ef29492f270fcac717&step=3:0
[  275863ms] [LOG] [API] GET /notifications/unread-count - 200 (205ms) @ http://localhost:3000/_next/static/chunks/_f60c0052._.js:2199
[  278872ms] [WARNING] The resource http://localhost:3000/_next/static/chunks/%5Broot-of-the-server%5D__ad960bb7._.css was preloaded using link preload but not used within a few seconds from the window's load event. Please make sure it has an appropriate `as` value and it is preloaded intentionally. @ http://localhost:3000/en/host/update-event?id=6a3527ef29492f270fcac717&step=3:0
[  306123ms] [LOG] [API] GET /notifications/unread-count - 200 (253ms) @ http://localhost:3000/_next/static/chunks/_f60c0052._.js:2199
[  309127ms] [WARNING] The resource http://localhost:3000/_next/static/chunks/%5Broot-of-the-server%5D__ad960bb7._.css was preloaded using link preload but not used within a few seconds from the window's load event. Please make sure it has an appropriate `as` value and it is preloaded intentionally. @ http://localhost:3000/en/host/update-event?id=6a3527ef29492f270fcac717&step=3:0
[  327367ms] [WARNING] The resource http://localhost:3000/_next/static/chunks/%5Broot-of-the-server%5D__ad960bb7._.css was preloaded using link preload but not used within a few seconds from the window's load event. Please make sure it has an appropriate `as` value and it is preloaded intentionally. @ http://localhost:3000/en/host/update-event?id=6a3527ef29492f270fcac717&step=3:0
[  336474ms] [LOG] [API] GET /notifications/unread-count - 200 (340ms) @ http://localhost:3000/_next/static/chunks/_f60c0052._.js:2199
[  339483ms] [WARNING] The resource http://localhost:3000/_next/static/chunks/%5Broot-of-the-server%5D__ad960bb7._.css was preloaded using link preload but not used within a few seconds from the window's load event. Please make sure it has an appropriate `as` value and it is preloaded intentionally. @ http://localhost:3000/en/host/update-event?id=6a3527ef29492f270fcac717&step=3:0
[  366694ms] [LOG] [API] GET /notifications/unread-count - 200 (218ms) @ http://localhost:3000/_next/static/chunks/_f60c0052._.js:2199
[  369696ms] [WARNING] The resource http://localhost:3000/_next/static/chunks/%5Broot-of-the-server%5D__ad960bb7._.css was preloaded using link preload but not used within a few seconds from the window's load event. Please make sure it has an appropriate `as` value and it is preloaded intentionally. @ http://localhost:3000/en/host/update-event?id=6a3527ef29492f270fcac717&step=3:0
[  396909ms] [LOG] [API] GET /notifications/unread-count - 200 (214ms) @ http://localhost:3000/_next/static/chunks/_f60c0052._.js:2199
[  399911ms] [WARNING] The resource http://localhost:3000/_next/static/chunks/%5Broot-of-the-server%5D__ad960bb7._.css was preloaded using link preload but not used within a few seconds from the window's load event. Please make sure it has an appropriate `as` value and it is preloaded intentionally. @ http://localhost:3000/en/host/update-event?id=6a3527ef29492f270fcac717&step=3:0
[  427230ms] [LOG] [API] GET /notifications/unread-count - 200 (306ms) @ http://localhost:3000/_next/static/chunks/_f60c0052._.js:2199
[  430239ms] [WARNING] The resource http://localhost:3000/_next/static/chunks/%5Broot-of-the-server%5D__ad960bb7._.css was preloaded using link preload but not used within a few seconds from the window's load event. Please make sure it has an appropriate `as` value and it is preloaded intentionally. @ http://localhost:3000/en/host/update-event?id=6a3527ef29492f270fcac717&step=3:0
[  457494ms] [LOG] [API] GET /notifications/unread-count - 200 (256ms) @ http://localhost:3000/_next/static/chunks/_f60c0052._.js:2199
[  460503ms] [WARNING] The resource http://localhost:3000/_next/static/chunks/%5Broot-of-the-server%5D__ad960bb7._.css was preloaded using link preload but not used within a few seconds from the window's load event. Please make sure it has an appropriate `as` value and it is preloaded intentionally. @ http://localhost:3000/en/host/update-event?id=6a3527ef29492f270fcac717&step=3:0
[  487779ms] [LOG] [API] GET /notifications/unread-count - 200 (278ms) @ http://localhost:3000/_next/static/chunks/_f60c0052._.js:2199
[  490783ms] [WARNING] The resource http://localhost:3000/_next/static/chunks/%5Broot-of-the-server%5D__ad960bb7._.css was preloaded using link preload but not used within a few seconds from the window's load event. Please make sure it has an appropriate `as` value and it is preloaded intentionally. @ http://localhost:3000/en/host/update-event?id=6a3527ef29492f270fcac717&step=3:0
[  497434ms] [LOG] [Fast Refresh] rebuilding @ http://localhost:3000/_next/static/chunks/node_modules_next_dist_client_cf1d9188._.js:5956
[  497539ms] [LOG] [Fast Refresh] done in 209ms @ http://localhost:3000/_next/static/chunks/node_modules_next_dist_client_cf1d9188._.js:5816
[  506432ms] [LOG] [Fast Refresh] rebuilding @ http://localhost:3000/_next/static/chunks/node_modules_next_dist_client_cf1d9188._.js:5956
[  506479ms] [LOG] [Fast Refresh] done in 156ms @ http://localhost:3000/_next/static/chunks/node_modules_next_dist_client_cf1d9188._.js:5816
[  506749ms] [LOG] [Fast Refresh] rebuilding @ http://localhost:3000/_next/static/chunks/node_modules_next_dist_client_cf1d9188._.js:5956
[  506751ms] [LOG] [Fast Refresh] done in 108ms @ http://localhost:3000/_next/static/chunks/node_modules_next_dist_client_cf1d9188._.js:5816
[  506884ms] [LOG] [Fast Refresh] rebuilding @ http://localhost:3000/_next/static/chunks/node_modules_next_dist_client_cf1d9188._.js:5956
[  506959ms] [LOG] [Fast Refresh] done in 176ms @ http://localhost:3000/_next/static/chunks/node_modules_next_dist_client_cf1d9188._.js:5816
[  518037ms] [LOG] [API] GET /notifications/unread-count - 200 (255ms) @ http://localhost:3000/_next/static/chunks/_f60c0052._.js:2199
[  521049ms] [WARNING] The resource http://localhost:3000/_next/static/chunks/%5Broot-of-the-server%5D__ad960bb7._.css was preloaded using link preload but not used within a few seconds from the window's load event. Please make sure it has an appropriate `as` value and it is preloaded intentionally. @ http://localhost:3000/en/host/update-event?id=6a3527ef29492f270fcac717&step=3:0
[  548251ms] [LOG] [API] GET /notifications/unread-count - 200 (205ms) @ http://localhost:3000/_next/static/chunks/_f60c0052._.js:2199
[  551260ms] [WARNING] The resource http://localhost:3000/_next/static/chunks/%5Broot-of-the-server%5D__ad960bb7._.css was preloaded using link preload but not used within a few seconds from the window's load event. Please make sure it has an appropriate `as` value and it is preloaded intentionally. @ http://localhost:3000/en/host/update-event?id=6a3527ef29492f270fcac717&step=3:0
[  554197ms] [LOG] [Fast Refresh] rebuilding @ http://localhost:3000/_next/static/chunks/node_modules_next_dist_client_cf1d9188._.js:5956
[  554394ms] [LOG] [Fast Refresh] done in 300ms @ http://localhost:3000/_next/static/chunks/node_modules_next_dist_client_cf1d9188._.js:5816
[  554527ms] [LOG] [Fast Refresh] rebuilding @ http://localhost:3000/_next/static/chunks/node_modules_next_dist_client_cf1d9188._.js:5956
[  554613ms] [ERROR] Failed to load resource: the server responded with a status of 404 (Not Found) @ http://localhost:3000/en/host/update-event?id=6a3527ef29492f270fcac717&step=3&_rsc=KQZ7t7Ta080C0S05:0
[  554647ms] [LOG] [Fast Refresh] done in 233ms @ http://localhost:3000/_next/static/chunks/node_modules_next_dist_client_cf1d9188._.js:5816
[  554929ms] [LOG] [Fast Refresh] rebuilding @ http://localhost:3000/_next/static/chunks/node_modules_next_dist_client_cf1d9188._.js:5956
[  554933ms] [LOG] [Fast Refresh] done in 104ms @ http://localhost:3000/_next/static/chunks/node_modules_next_dist_client_cf1d9188._.js:5816
[  555338ms] [INFO] %cDownload the React DevTools for a better development experience: https://react.dev/link/react-devtools font-weight:bold @ http://localhost:3000/_next/static/chunks/node_modules_next_dist_compiled_react-dom_1e674e59._.js:14537
[  555456ms] [INFO] 🌐 i18next is made possible by our own product, Locize — consider powering your project with managed localization (AI, CDN, integrations): https://locize.com 💙 @ http://localhost:3000/_next/static/chunks/node_modules_5dfc3838._.js:3250
[  555644ms] [LOG] [Fast Refresh] rebuilding @ http://localhost:3000/_next/static/chunks/node_modules_next_dist_client_cf1d9188._.js:5956
[  555680ms] [LOG] [Fast Refresh] done in 139ms @ http://localhost:3000/_next/static/chunks/node_modules_next_dist_client_cf1d9188._.js:5816
[  555769ms] [LOG] [API] GET /notifications/unread-count - 200 (238ms) @ http://localhost:3000/_next/static/chunks/_f60c0052._.js:2199
[  555772ms] [ERROR] Failed to load resource: the server responded with a status of 500 (Internal Server Error) @ http://localhost:3000/favicon.ico:0
[  555854ms] [LOG] [API] GET /events/subscription-info - 200 (324ms) @ http://localhost:3000/_next/static/chunks/_f60c0052._.js:2199
[  556249ms] [LOG] [API] GET /events/6a3527ef29492f270fcac717 - 200 (719ms) @ http://localhost:3000/_next/static/chunks/_f60c0052._.js:2199
[  556485ms] [LOG] [API] GET /template-categories - 200 (220ms) @ http://localhost:3000/_next/static/chunks/_f60c0052._.js:2199
[  557925ms] [LOG] [API] GET /templates - 200 (1660ms) @ http://localhost:3000/_next/static/chunks/_f60c0052._.js:2199
[  560926ms] [WARNING] The resource http://localhost:3000/_next/static/chunks/%5Broot-of-the-server%5D__ad960bb7._.css was preloaded using link preload but not used within a few seconds from the window's load event. Please make sure it has an appropriate `as` value and it is preloaded intentionally. @ http://localhost:3000/en/host/update-event?id=6a3527ef29492f270fcac717&step=3:0
[  585984ms] [LOG] [API] GET /notifications/unread-count - 200 (211ms) @ http://localhost:3000/_next/static/chunks/_f60c0052._.js:2199
[  588988ms] [WARNING] The resource http://localhost:3000/_next/static/chunks/%5Broot-of-the-server%5D__ad960bb7._.css was preloaded using link preload but not used within a few seconds from the window's load event. Please make sure it has an appropriate `as` value and it is preloaded intentionally. @ http://localhost:3000/en/host/update-event?id=6a3527ef29492f270fcac717&step=3:0
[  616220ms] [LOG] [API] GET /notifications/unread-count - 200 (231ms) @ http://localhost:3000/_next/static/chunks/_f60c0052._.js:2199
[  619221ms] [WARNING] The resource http://localhost:3000/_next/static/chunks/%5Broot-of-the-server%5D__ad960bb7._.css was preloaded using link preload but not used within a few seconds from the window's load event. Please make sure it has an appropriate `as` value and it is preloaded intentionally. @ http://localhost:3000/en/host/update-event?id=6a3527ef29492f270fcac717&step=3:0
[  623971ms] [LOG] [Fast Refresh] rebuilding @ http://localhost:3000/_next/static/chunks/node_modules_next_dist_client_cf1d9188._.js:5956
[  624005ms] [LOG] [Fast Refresh] done in 33ms @ http://localhost:3000/_next/static/chunks/node_modules_next_dist_client_cf1d9188._.js:5816
[  636589ms] [LOG] [Fast Refresh] rebuilding @ http://localhost:3000/_next/static/chunks/node_modules_next_dist_client_cf1d9188._.js:5956
[  636619ms] [LOG] [Fast Refresh] done in 54ms @ http://localhost:3000/_next/static/chunks/node_modules_next_dist_client_cf1d9188._.js:5816
[  646445ms] [LOG] [API] GET /notifications/unread-count - 200 (210ms) @ http://localhost:3000/_next/static/chunks/_f60c0052._.js:2199
[  646718ms] [LOG] [Fast Refresh] rebuilding @ http://localhost:3000/_next/static/chunks/node_modules_next_dist_client_cf1d9188._.js:5956
[  646735ms] [LOG] [Fast Refresh] done in 32ms @ http://localhost:3000/_next/static/chunks/node_modules_next_dist_client_cf1d9188._.js:5816
[  649734ms] [WARNING] The resource http://localhost:3000/_next/static/chunks/%5Broot-of-the-server%5D__ad960bb7._.css was preloaded using link preload but not used within a few seconds from the window's load event. Please make sure it has an appropriate `as` value and it is preloaded intentionally. @ http://localhost:3000/en/host/update-event?id=6a3527ef29492f270fcac717&step=3:0
