[     979ms] [LOG] Current Pathname: /en/login @ https://halaa.com.sa/_next/static/chunks/app/%5Blang%5D/(auth-layout)/layout-5f1ed1ba25dc660a.js:0
[     979ms] [LOG] Should Show Slider: true @ https://halaa.com.sa/_next/static/chunks/app/%5Blang%5D/(auth-layout)/layout-5f1ed1ba25dc660a.js:0
[     981ms] [LOG] Current Pathname: /en/login @ https://halaa.com.sa/_next/static/chunks/app/%5Blang%5D/(auth-layout)/layout-5f1ed1ba25dc660a.js:0
[     981ms] [LOG] Should Show Slider: true @ https://halaa.com.sa/_next/static/chunks/app/%5Blang%5D/(auth-layout)/layout-5f1ed1ba25dc660a.js:0
[     982ms] [LOG] Current Pathname: /en/login @ https://halaa.com.sa/_next/static/chunks/app/%5Blang%5D/(auth-layout)/layout-5f1ed1ba25dc660a.js:0
[     982ms] [LOG] Should Show Slider: true @ https://halaa.com.sa/_next/static/chunks/app/%5Blang%5D/(auth-layout)/layout-5f1ed1ba25dc660a.js:0
[     982ms] [LOG] Current Pathname: /en/login @ https://halaa.com.sa/_next/static/chunks/app/%5Blang%5D/(auth-layout)/layout-5f1ed1ba25dc660a.js:0
[     983ms] [LOG] Should Show Slider: true @ https://halaa.com.sa/_next/static/chunks/app/%5Blang%5D/(auth-layout)/layout-5f1ed1ba25dc660a.js:0
[     983ms] [LOG] Current Pathname: /en/login @ https://halaa.com.sa/_next/static/chunks/app/%5Blang%5D/(auth-layout)/layout-5f1ed1ba25dc660a.js:0
[     983ms] [LOG] Should Show Slider: true @ https://halaa.com.sa/_next/static/chunks/app/%5Blang%5D/(auth-layout)/layout-5f1ed1ba25dc660a.js:0
[     985ms] [LOG] Current Pathname: /en/login @ https://halaa.com.sa/_next/static/chunks/app/%5Blang%5D/(auth-layout)/layout-5f1ed1ba25dc660a.js:0
[     985ms] [LOG] Should Show Slider: true @ https://halaa.com.sa/_next/static/chunks/app/%5Blang%5D/(auth-layout)/layout-5f1ed1ba25dc660a.js:0
[     986ms] [LOG] Current Pathname: /en/login @ https://halaa.com.sa/_next/static/chunks/app/%5Blang%5D/(auth-layout)/layout-5f1ed1ba25dc660a.js:0
[     986ms] [LOG] Should Show Slider: true @ https://halaa.com.sa/_next/static/chunks/app/%5Blang%5D/(auth-layout)/layout-5f1ed1ba25dc660a.js:0
[     986ms] [LOG] Current Pathname: /en/login @ https://halaa.com.sa/_next/static/chunks/app/%5Blang%5D/(auth-layout)/layout-5f1ed1ba25dc660a.js:0
[     986ms] [LOG] Should Show Slider: true @ https://halaa.com.sa/_next/static/chunks/app/%5Blang%5D/(auth-layout)/layout-5f1ed1ba25dc660a.js:0
[     987ms] [LOG] Current Pathname: /en/login @ https://halaa.com.sa/_next/static/chunks/app/%5Blang%5D/(auth-layout)/layout-5f1ed1ba25dc660a.js:0
[     987ms] [LOG] Should Show Slider: true @ https://halaa.com.sa/_next/static/chunks/app/%5Blang%5D/(auth-layout)/layout-5f1ed1ba25dc660a.js:0
[     988ms] [LOG] Current Pathname: /en/login @ https://halaa.com.sa/_next/static/chunks/app/%5Blang%5D/(auth-layout)/layout-5f1ed1ba25dc660a.js:0
[     988ms] [LOG] Should Show Slider: true @ https://halaa.com.sa/_next/static/chunks/app/%5Blang%5D/(auth-layout)/layout-5f1ed1ba25dc660a.js:0
[     989ms] [LOG] Current Pathname: /en/login @ https://halaa.com.sa/_next/static/chunks/app/%5Blang%5D/(auth-layout)/layout-5f1ed1ba25dc660a.js:0
[     989ms] [LOG] Should Show Slider: true @ https://halaa.com.sa/_next/static/chunks/app/%5Blang%5D/(auth-layout)/layout-5f1ed1ba25dc660a.js:0
[     989ms] [LOG] Current Pathname: /en/login @ https://halaa.com.sa/_next/static/chunks/app/%5Blang%5D/(auth-layout)/layout-5f1ed1ba25dc660a.js:0
[     990ms] [LOG] Should Show Slider: true @ https://halaa.com.sa/_next/static/chunks/app/%5Blang%5D/(auth-layout)/layout-5f1ed1ba25dc660a.js:0
[     990ms] [LOG] Current Pathname: /en/login @ https://halaa.com.sa/_next/static/chunks/app/%5Blang%5D/(auth-layout)/layout-5f1ed1ba25dc660a.js:0
[     990ms] [LOG] Should Show Slider: true @ https://halaa.com.sa/_next/static/chunks/app/%5Blang%5D/(auth-layout)/layout-5f1ed1ba25dc660a.js:0
[     991ms] [LOG] Current Pathname: /en/login @ https://halaa.com.sa/_next/static/chunks/app/%5Blang%5D/(auth-layout)/layout-5f1ed1ba25dc660a.js:0
[     991ms] [LOG] Should Show Slider: true @ https://halaa.com.sa/_next/static/chunks/app/%5Blang%5D/(auth-layout)/layout-5f1ed1ba25dc660a.js:0
[     991ms] [LOG] Current Pathname: /en/login @ https://halaa.com.sa/_next/static/chunks/app/%5Blang%5D/(auth-layout)/layout-5f1ed1ba25dc660a.js:0
[     991ms] [LOG] Should Show Slider: true @ https://halaa.com.sa/_next/static/chunks/app/%5Blang%5D/(auth-layout)/layout-5f1ed1ba25dc660a.js:0
[     992ms] [LOG] Current Pathname: /en/login @ https://halaa.com.sa/_next/static/chunks/app/%5Blang%5D/(auth-layout)/layout-5f1ed1ba25dc660a.js:0
[     992ms] [LOG] Should Show Slider: true @ https://halaa.com.sa/_next/static/chunks/app/%5Blang%5D/(auth-layout)/layout-5f1ed1ba25dc660a.js:0
[     992ms] [LOG] Current Pathname: /en/login @ https://halaa.com.sa/_next/static/chunks/app/%5Blang%5D/(auth-layout)/layout-5f1ed1ba25dc660a.js:0
[     993ms] [LOG] Should Show Slider: true @ https://halaa.com.sa/_next/static/chunks/app/%5Blang%5D/(auth-layout)/layout-5f1ed1ba25dc660a.js:0
[     993ms] [LOG] Current Pathname: /en/login @ https://halaa.com.sa/_next/static/chunks/app/%5Blang%5D/(auth-layout)/layout-5f1ed1ba25dc660a.js:0
[     993ms] [LOG] Should Show Slider: true @ https://halaa.com.sa/_next/static/chunks/app/%5Blang%5D/(auth-layout)/layout-5f1ed1ba25dc660a.js:0
[     993ms] [LOG] Current Pathname: /en/login @ https://halaa.com.sa/_next/static/chunks/app/%5Blang%5D/(auth-layout)/layout-5f1ed1ba25dc660a.js:0
[     993ms] [LOG] Should Show Slider: true @ https://halaa.com.sa/_next/static/chunks/app/%5Blang%5D/(auth-layout)/layout-5f1ed1ba25dc660a.js:0
[     994ms] [LOG] Current Pathname: /en/login @ https://halaa.com.sa/_next/static/chunks/app/%5Blang%5D/(auth-layout)/layout-5f1ed1ba25dc660a.js:0
[     994ms] [LOG] Should Show Slider: true @ https://halaa.com.sa/_next/static/chunks/app/%5Blang%5D/(auth-layout)/layout-5f1ed1ba25dc660a.js:0
[     994ms] [LOG] Current Pathname: /en/login @ https://halaa.com.sa/_next/static/chunks/app/%5Blang%5D/(auth-layout)/layout-5f1ed1ba25dc660a.js:0
[     994ms] [LOG] Should Show Slider: true @ https://halaa.com.sa/_next/static/chunks/app/%5Blang%5D/(auth-layout)/layout-5f1ed1ba25dc660a.js:0
[     995ms] [LOG] Current Pathname: /en/login @ https://halaa.com.sa/_next/static/chunks/app/%5Blang%5D/(auth-layout)/layout-5f1ed1ba25dc660a.js:0
[     995ms] [LOG] Should Show Slider: true @ https://halaa.com.sa/_next/static/chunks/app/%5Blang%5D/(auth-layout)/layout-5f1ed1ba25dc660a.js:0
[     995ms] [LOG] Current Pathname: /en/login @ https://halaa.com.sa/_next/static/chunks/app/%5Blang%5D/(auth-layout)/layout-5f1ed1ba25dc660a.js:0
[     995ms] [LOG] Should Show Slider: true @ https://halaa.com.sa/_next/static/chunks/app/%5Blang%5D/(auth-layout)/layout-5f1ed1ba25dc660a.js:0
[     996ms] [LOG] Current Pathname: /en/login @ https://halaa.com.sa/_next/static/chunks/app/%5Blang%5D/(auth-layout)/layout-5f1ed1ba25dc660a.js:0
[     996ms] [LOG] Should Show Slider: true @ https://halaa.com.sa/_next/static/chunks/app/%5Blang%5D/(auth-layout)/layout-5f1ed1ba25dc660a.js:0
[     996ms] [LOG] Current Pathname: /en/login @ https://halaa.com.sa/_next/static/chunks/app/%5Blang%5D/(auth-layout)/layout-5f1ed1ba25dc660a.js:0
[     996ms] [LOG] Should Show Slider: true @ https://halaa.com.sa/_next/static/chunks/app/%5Blang%5D/(auth-layout)/layout-5f1ed1ba25dc660a.js:0
[     997ms] [LOG] Current Pathname: /en/login @ https://halaa.com.sa/_next/static/chunks/app/%5Blang%5D/(auth-layout)/layout-5f1ed1ba25dc660a.js:0
[     997ms] [LOG] Should Show Slider: true @ https://halaa.com.sa/_next/static/chunks/app/%5Blang%5D/(auth-layout)/layout-5f1ed1ba25dc660a.js:0
[     997ms] [LOG] Current Pathname: /en/login @ https://halaa.com.sa/_next/static/chunks/app/%5Blang%5D/(auth-layout)/layout-5f1ed1ba25dc660a.js:0
[     997ms] [LOG] Should Show Slider: true @ https://halaa.com.sa/_next/static/chunks/app/%5Blang%5D/(auth-layout)/layout-5f1ed1ba25dc660a.js:0
[     998ms] [LOG] Current Pathname: /en/login @ https://halaa.com.sa/_next/static/chunks/app/%5Blang%5D/(auth-layout)/layout-5f1ed1ba25dc660a.js:0
[     998ms] [LOG] Should Show Slider: true @ https://halaa.com.sa/_next/static/chunks/app/%5Blang%5D/(auth-layout)/layout-5f1ed1ba25dc660a.js:0
[     998ms] [LOG] Current Pathname: /en/login @ https://halaa.com.sa/_next/static/chunks/app/%5Blang%5D/(auth-layout)/layout-5f1ed1ba25dc660a.js:0
[     998ms] [LOG] Should Show Slider: true @ https://halaa.com.sa/_next/static/chunks/app/%5Blang%5D/(auth-layout)/layout-5f1ed1ba25dc660a.js:0
[     999ms] [LOG] Current Pathname: /en/login @ https://halaa.com.sa/_next/static/chunks/app/%5Blang%5D/(auth-layout)/layout-5f1ed1ba25dc660a.js:0
[     999ms] [LOG] Should Show Slider: true @ https://halaa.com.sa/_next/static/chunks/app/%5Blang%5D/(auth-layout)/layout-5f1ed1ba25dc660a.js:0
[     999ms] [LOG] Current Pathname: /en/login @ https://halaa.com.sa/_next/static/chunks/app/%5Blang%5D/(auth-layout)/layout-5f1ed1ba25dc660a.js:0
[     999ms] [LOG] Should Show Slider: true @ https://halaa.com.sa/_next/static/chunks/app/%5Blang%5D/(auth-layout)/layout-5f1ed1ba25dc660a.js:0
[    1000ms] [LOG] Current Pathname: /en/login @ https://halaa.com.sa/_next/static/chunks/app/%5Blang%5D/(auth-layout)/layout-5f1ed1ba25dc660a.js:0
[    1000ms] [LOG] Should Show Slider: true @ https://halaa.com.sa/_next/static/chunks/app/%5Blang%5D/(auth-layout)/layout-5f1ed1ba25dc660a.js:0
[    1000ms] [LOG] Current Pathname: /en/login @ https://halaa.com.sa/_next/static/chunks/app/%5Blang%5D/(auth-layout)/layout-5f1ed1ba25dc660a.js:0
[    1000ms] [LOG] Should Show Slider: true @ https://halaa.com.sa/_next/static/chunks/app/%5Blang%5D/(auth-layout)/layout-5f1ed1ba25dc660a.js:0
[    1002ms] [LOG] Current Pathname: /en/login @ https://halaa.com.sa/_next/static/chunks/app/%5Blang%5D/(auth-layout)/layout-5f1ed1ba25dc660a.js:0
[    1002ms] [LOG] Should Show Slider: true @ https://halaa.com.sa/_next/static/chunks/app/%5Blang%5D/(auth-layout)/layout-5f1ed1ba25dc660a.js:0
[    1002ms] [LOG] Current Pathname: /en/login @ https://halaa.com.sa/_next/static/chunks/app/%5Blang%5D/(auth-layout)/layout-5f1ed1ba25dc660a.js:0
[    1002ms] [LOG] Should Show Slider: true @ https://halaa.com.sa/_next/static/chunks/app/%5Blang%5D/(auth-layout)/layout-5f1ed1ba25dc660a.js:0
[    1003ms] [LOG] Current Pathname: /en/login @ https://halaa.com.sa/_next/static/chunks/app/%5Blang%5D/(auth-layout)/layout-5f1ed1ba25dc660a.js:0
[    1003ms] [LOG] Should Show Slider: true @ https://halaa.com.sa/_next/static/chunks/app/%5Blang%5D/(auth-layout)/layout-5f1ed1ba25dc660a.js:0
[    1003ms] [LOG] Current Pathname: /en/login @ https://halaa.com.sa/_next/static/chunks/app/%5Blang%5D/(auth-layout)/layout-5f1ed1ba25dc660a.js:0
[    1003ms] [LOG] Should Show Slider: true @ https://halaa.com.sa/_next/static/chunks/app/%5Blang%5D/(auth-layout)/layout-5f1ed1ba25dc660a.js:0
[    1004ms] [LOG] Current Pathname: /en/login @ https://halaa.com.sa/_next/static/chunks/app/%5Blang%5D/(auth-layout)/layout-5f1ed1ba25dc660a.js:0
[    1004ms] [LOG] Should Show Slider: true @ https://halaa.com.sa/_next/static/chunks/app/%5Blang%5D/(auth-layout)/layout-5f1ed1ba25dc660a.js:0
[    1004ms] [LOG] Current Pathname: /en/login @ https://halaa.com.sa/_next/static/chunks/app/%5Blang%5D/(auth-layout)/layout-5f1ed1ba25dc660a.js:0
[    1004ms] [LOG] Should Show Slider: true @ https://halaa.com.sa/_next/static/chunks/app/%5Blang%5D/(auth-layout)/layout-5f1ed1ba25dc660a.js:0
[    1005ms] [LOG] Current Pathname: /en/login @ https://halaa.com.sa/_next/static/chunks/app/%5Blang%5D/(auth-layout)/layout-5f1ed1ba25dc660a.js:0
[    1005ms] [LOG] Should Show Slider: true @ https://halaa.com.sa/_next/static/chunks/app/%5Blang%5D/(auth-layout)/layout-5f1ed1ba25dc660a.js:0
[    1005ms] [LOG] Current Pathname: /en/login @ https://halaa.com.sa/_next/static/chunks/app/%5Blang%5D/(auth-layout)/layout-5f1ed1ba25dc660a.js:0
[    1005ms] [LOG] Should Show Slider: true @ https://halaa.com.sa/_next/static/chunks/app/%5Blang%5D/(auth-layout)/layout-5f1ed1ba25dc660a.js:0
[    1005ms] [LOG] Current Pathname: /en/login @ https://halaa.com.sa/_next/static/chunks/app/%5Blang%5D/(auth-layout)/layout-5f1ed1ba25dc660a.js:0
[    1005ms] [LOG] Should Show Slider: true @ https://halaa.com.sa/_next/static/chunks/app/%5Blang%5D/(auth-layout)/layout-5f1ed1ba25dc660a.js:0
[    1006ms] [LOG] Current Pathname: /en/login @ https://halaa.com.sa/_next/static/chunks/app/%5Blang%5D/(auth-layout)/layout-5f1ed1ba25dc660a.js:0
[    1006ms] [LOG] Should Show Slider: true @ https://halaa.com.sa/_next/static/chunks/app/%5Blang%5D/(auth-layout)/layout-5f1ed1ba25dc660a.js:0
[    1006ms] [LOG] Current Pathname: /en/login @ https://halaa.com.sa/_next/static/chunks/app/%5Blang%5D/(auth-layout)/layout-5f1ed1ba25dc660a.js:0
[    1006ms] [LOG] Should Show Slider: true @ https://halaa.com.sa/_next/static/chunks/app/%5Blang%5D/(auth-layout)/layout-5f1ed1ba25dc660a.js:0
[    1007ms] [LOG] Current Pathname: /en/login @ https://halaa.com.sa/_next/static/chunks/app/%5Blang%5D/(auth-layout)/layout-5f1ed1ba25dc660a.js:0
[    1007ms] [LOG] Should Show Slider: true @ https://halaa.com.sa/_next/static/chunks/app/%5Blang%5D/(auth-layout)/layout-5f1ed1ba25dc660a.js:0
[    1007ms] [LOG] Current Pathname: /en/login @ https://halaa.com.sa/_next/static/chunks/app/%5Blang%5D/(auth-layout)/layout-5f1ed1ba25dc660a.js:0
[    1007ms] [LOG] Should Show Slider: true @ https://halaa.com.sa/_next/static/chunks/app/%5Blang%5D/(auth-layout)/layout-5f1ed1ba25dc660a.js:0
[    1008ms] [LOG] Current Pathname: /en/login @ https://halaa.com.sa/_next/static/chunks/app/%5Blang%5D/(auth-layout)/layout-5f1ed1ba25dc660a.js:0
[    1008ms] [LOG] Should Show Slider: true @ https://halaa.com.sa/_next/static/chunks/app/%5Blang%5D/(auth-layout)/layout-5f1ed1ba25dc660a.js:0
[    1008ms] [LOG] Current Pathname: /en/login @ https://halaa.com.sa/_next/static/chunks/app/%5Blang%5D/(auth-layout)/layout-5f1ed1ba25dc660a.js:0
[    1008ms] [LOG] Should Show Slider: true @ https://halaa.com.sa/_next/static/chunks/app/%5Blang%5D/(auth-layout)/layout-5f1ed1ba25dc660a.js:0
[    1009ms] [LOG] Current Pathname: /en/login @ https://halaa.com.sa/_next/static/chunks/app/%5Blang%5D/(auth-layout)/layout-5f1ed1ba25dc660a.js:0
[    1009ms] [LOG] Should Show Slider: true @ https://halaa.com.sa/_next/static/chunks/app/%5Blang%5D/(auth-layout)/layout-5f1ed1ba25dc660a.js:0
[    1009ms] [LOG] Current Pathname: /en/login @ https://halaa.com.sa/_next/static/chunks/app/%5Blang%5D/(auth-layout)/layout-5f1ed1ba25dc660a.js:0
[    1009ms] [LOG] Should Show Slider: true @ https://halaa.com.sa/_next/static/chunks/app/%5Blang%5D/(auth-layout)/layout-5f1ed1ba25dc660a.js:0
[    1009ms] [LOG] Current Pathname: /en/login @ https://halaa.com.sa/_next/static/chunks/app/%5Blang%5D/(auth-layout)/layout-5f1ed1ba25dc660a.js:0
[    1009ms] [LOG] Should Show Slider: true @ https://halaa.com.sa/_next/static/chunks/app/%5Blang%5D/(auth-layout)/layout-5f1ed1ba25dc660a.js:0
[    1011ms] [LOG] Current Pathname: /en/login @ https://halaa.com.sa/_next/static/chunks/app/%5Blang%5D/(auth-layout)/layout-5f1ed1ba25dc660a.js:0
[    1011ms] [LOG] Should Show Slider: true @ https://halaa.com.sa/_next/static/chunks/app/%5Blang%5D/(auth-layout)/layout-5f1ed1ba25dc660a.js:0
[    1011ms] [LOG] Current Pathname: /en/login @ https://halaa.com.sa/_next/static/chunks/app/%5Blang%5D/(auth-layout)/layout-5f1ed1ba25dc660a.js:0
[    1011ms] [LOG] Should Show Slider: true @ https://halaa.com.sa/_next/static/chunks/app/%5Blang%5D/(auth-layout)/layout-5f1ed1ba25dc660a.js:0
[    1012ms] [LOG] Current Pathname: /en/login @ https://halaa.com.sa/_next/static/chunks/app/%5Blang%5D/(auth-layout)/layout-5f1ed1ba25dc660a.js:0
[    1012ms] [LOG] Should Show Slider: true @ https://halaa.com.sa/_next/static/chunks/app/%5Blang%5D/(auth-layout)/layout-5f1ed1ba25dc660a.js:0
[    1012ms] [LOG] Current Pathname: /en/login @ https://halaa.com.sa/_next/static/chunks/app/%5Blang%5D/(auth-layout)/layout-5f1ed1ba25dc660a.js:0
[    1012ms] [LOG] Should Show Slider: true @ https://halaa.com.sa/_next/static/chunks/app/%5Blang%5D/(auth-layout)/layout-5f1ed1ba25dc660a.js:0
[    1012ms] [LOG] Current Pathname: /en/login @ https://halaa.com.sa/_next/static/chunks/app/%5Blang%5D/(auth-layout)/layout-5f1ed1ba25dc660a.js:0
[    1012ms] [LOG] Should Show Slider: true @ https://halaa.com.sa/_next/static/chunks/app/%5Blang%5D/(auth-layout)/layout-5f1ed1ba25dc660a.js:0
[    1013ms] [LOG] Current Pathname: /en/login @ https://halaa.com.sa/_next/static/chunks/app/%5Blang%5D/(auth-layout)/layout-5f1ed1ba25dc660a.js:0
[    1013ms] [LOG] Should Show Slider: true @ https://halaa.com.sa/_next/static/chunks/app/%5Blang%5D/(auth-layout)/layout-5f1ed1ba25dc660a.js:0
[    1013ms] [LOG] Current Pathname: /en/login @ https://halaa.com.sa/_next/static/chunks/app/%5Blang%5D/(auth-layout)/layout-5f1ed1ba25dc660a.js:0
[    1013ms] [LOG] Should Show Slider: true @ https://halaa.com.sa/_next/static/chunks/app/%5Blang%5D/(auth-layout)/layout-5f1ed1ba25dc660a.js:0
[    1014ms] [LOG] Current Pathname: /en/login @ https://halaa.com.sa/_next/static/chunks/app/%5Blang%5D/(auth-layout)/layout-5f1ed1ba25dc660a.js:0
[    1014ms] [LOG] Should Show Slider: true @ https://halaa.com.sa/_next/static/chunks/app/%5Blang%5D/(auth-layout)/layout-5f1ed1ba25dc660a.js:0
[    1014ms] [LOG] Current Pathname: /en/login @ https://halaa.com.sa/_next/static/chunks/app/%5Blang%5D/(auth-layout)/layout-5f1ed1ba25dc660a.js:0
[    1014ms] [LOG] Should Show Slider: true @ https://halaa.com.sa/_next/static/chunks/app/%5Blang%5D/(auth-layout)/layout-5f1ed1ba25dc660a.js:0
[    1014ms] [LOG] Current Pathname: /en/login @ https://halaa.com.sa/_next/static/chunks/app/%5Blang%5D/(auth-layout)/layout-5f1ed1ba25dc660a.js:0
[    1015ms] [LOG] Should Show Slider: true @ https://halaa.com.sa/_next/static/chunks/app/%5Blang%5D/(auth-layout)/layout-5f1ed1ba25dc660a.js:0
[    1015ms] [LOG] Current Pathname: /en/login @ https://halaa.com.sa/_next/static/chunks/app/%5Blang%5D/(auth-layout)/layout-5f1ed1ba25dc660a.js:0
[    1015ms] [LOG] Should Show Slider: true @ https://halaa.com.sa/_next/static/chunks/app/%5Blang%5D/(auth-layout)/layout-5f1ed1ba25dc660a.js:0
[    1015ms] [LOG] Current Pathname: /en/login @ https://halaa.com.sa/_next/static/chunks/app/%5Blang%5D/(auth-layout)/layout-5f1ed1ba25dc660a.js:0
[    1015ms] [LOG] Should Show Slider: true @ https://halaa.com.sa/_next/static/chunks/app/%5Blang%5D/(auth-layout)/layout-5f1ed1ba25dc660a.js:0
[    1016ms] [LOG] Current Pathname: /en/login @ https://halaa.com.sa/_next/static/chunks/app/%5Blang%5D/(auth-layout)/layout-5f1ed1ba25dc660a.js:0
[    1016ms] [LOG] Should Show Slider: true @ https://halaa.com.sa/_next/static/chunks/app/%5Blang%5D/(auth-layout)/layout-5f1ed1ba25dc660a.js:0
[    1016ms] [LOG] Current Pathname: /en/login @ https://halaa.com.sa/_next/static/chunks/app/%5Blang%5D/(auth-layout)/layout-5f1ed1ba25dc660a.js:0
[    1016ms] [LOG] Should Show Slider: true @ https://halaa.com.sa/_next/static/chunks/app/%5Blang%5D/(auth-layout)/layout-5f1ed1ba25dc660a.js:0
[    1016ms] [LOG] Current Pathname: /en/login @ https://halaa.com.sa/_next/static/chunks/app/%5Blang%5D/(auth-layout)/layout-5f1ed1ba25dc660a.js:0
[    1016ms] [LOG] Should Show Slider: true @ https://halaa.com.sa/_next/static/chunks/app/%5Blang%5D/(auth-layout)/layout-5f1ed1ba25dc660a.js:0
[    1017ms] [LOG] Current Pathname: /en/login @ https://halaa.com.sa/_next/static/chunks/app/%5Blang%5D/(auth-layout)/layout-5f1ed1ba25dc660a.js:0
[    1017ms] [LOG] Should Show Slider: true @ https://halaa.com.sa/_next/static/chunks/app/%5Blang%5D/(auth-layout)/layout-5f1ed1ba25dc660a.js:0
[    1017ms] [LOG] Current Pathname: /en/login @ https://halaa.com.sa/_next/static/chunks/app/%5Blang%5D/(auth-layout)/layout-5f1ed1ba25dc660a.js:0
[    1017ms] [LOG] Should Show Slider: true @ https://halaa.com.sa/_next/static/chunks/app/%5Blang%5D/(auth-layout)/layout-5f1ed1ba25dc660a.js:0
[    1017ms] [LOG] Current Pathname: /en/login @ https://halaa.com.sa/_next/static/chunks/app/%5Blang%5D/(auth-layout)/layout-5f1ed1ba25dc660a.js:0
[    1017ms] [LOG] Should Show Slider: true @ https://halaa.com.sa/_next/static/chunks/app/%5Blang%5D/(auth-layout)/layout-5f1ed1ba25dc660a.js:0
[    1018ms] [LOG] Current Pathname: /en/login @ https://halaa.com.sa/_next/static/chunks/app/%5Blang%5D/(auth-layout)/layout-5f1ed1ba25dc660a.js:0
[    1018ms] [LOG] Should Show Slider: true @ https://halaa.com.sa/_next/static/chunks/app/%5Blang%5D/(auth-layout)/layout-5f1ed1ba25dc660a.js:0
[    1018ms] [LOG] Current Pathname: /en/login @ https://halaa.com.sa/_next/static/chunks/app/%5Blang%5D/(auth-layout)/layout-5f1ed1ba25dc660a.js:0
[    1018ms] [LOG] Should Show Slider: true @ https://halaa.com.sa/_next/static/chunks/app/%5Blang%5D/(auth-layout)/layout-5f1ed1ba25dc660a.js:0
[    1018ms] [LOG] Current Pathname: /en/login @ https://halaa.com.sa/_next/static/chunks/app/%5Blang%5D/(auth-layout)/layout-5f1ed1ba25dc660a.js:0
[    1019ms] [LOG] Should Show Slider: true @ https://halaa.com.sa/_next/static/chunks/app/%5Blang%5D/(auth-layout)/layout-5f1ed1ba25dc660a.js:0
[    1019ms] [LOG] Current Pathname: /en/login @ https://halaa.com.sa/_next/static/chunks/app/%5Blang%5D/(auth-layout)/layout-5f1ed1ba25dc660a.js:0
[    1019ms] [LOG] Should Show Slider: true @ https://halaa.com.sa/_next/static/chunks/app/%5Blang%5D/(auth-layout)/layout-5f1ed1ba25dc660a.js:0
[    1019ms] [LOG] Current Pathname: /en/login @ https://halaa.com.sa/_next/static/chunks/app/%5Blang%5D/(auth-layout)/layout-5f1ed1ba25dc660a.js:0
[    1019ms] [LOG] Should Show Slider: true @ https://halaa.com.sa/_next/static/chunks/app/%5Blang%5D/(auth-layout)/layout-5f1ed1ba25dc660a.js:0
[    1020ms] [LOG] Current Pathname: /en/login @ https://halaa.com.sa/_next/static/chunks/app/%5Blang%5D/(auth-layout)/layout-5f1ed1ba25dc660a.js:0
[    1020ms] [LOG] Should Show Slider: true @ https://halaa.com.sa/_next/static/chunks/app/%5Blang%5D/(auth-layout)/layout-5f1ed1ba25dc660a.js:0
[    1020ms] [LOG] Current Pathname: /en/login @ https://halaa.com.sa/_next/static/chunks/app/%5Blang%5D/(auth-layout)/layout-5f1ed1ba25dc660a.js:0
[    1020ms] [LOG] Should Show Slider: true @ https://halaa.com.sa/_next/static/chunks/app/%5Blang%5D/(auth-layout)/layout-5f1ed1ba25dc660a.js:0
[    1021ms] [LOG] Current Pathname: /en/login @ https://halaa.com.sa/_next/static/chunks/app/%5Blang%5D/(auth-layout)/layout-5f1ed1ba25dc660a.js:0
[    1021ms] [LOG] Should Show Slider: true @ https://halaa.com.sa/_next/static/chunks/app/%5Blang%5D/(auth-layout)/layout-5f1ed1ba25dc660a.js:0
[    1021ms] [LOG] Current Pathname: /en/login @ https://halaa.com.sa/_next/static/chunks/app/%5Blang%5D/(auth-layout)/layout-5f1ed1ba25dc660a.js:0
[    1021ms] [LOG] Should Show Slider: true @ https://halaa.com.sa/_next/static/chunks/app/%5Blang%5D/(auth-layout)/layout-5f1ed1ba25dc660a.js:0
[    1021ms] [LOG] Current Pathname: /en/login @ https://halaa.com.sa/_next/static/chunks/app/%5Blang%5D/(auth-layout)/layout-5f1ed1ba25dc660a.js:0
[    1021ms] [LOG] Should Show Slider: true @ https://halaa.com.sa/_next/static/chunks/app/%5Blang%5D/(auth-layout)/layout-5f1ed1ba25dc660a.js:0
[    1022ms] [LOG] Current Pathname: /en/login @ https://halaa.com.sa/_next/static/chunks/app/%5Blang%5D/(auth-layout)/layout-5f1ed1ba25dc660a.js:0
[    1022ms] [LOG] Should Show Slider: true @ https://halaa.com.sa/_next/static/chunks/app/%5Blang%5D/(auth-layout)/layout-5f1ed1ba25dc660a.js:0
[    1022ms] [LOG] Current Pathname: /en/login @ https://halaa.com.sa/_next/static/chunks/app/%5Blang%5D/(auth-layout)/layout-5f1ed1ba25dc660a.js:0
[    1022ms] [LOG] Should Show Slider: true @ https://halaa.com.sa/_next/static/chunks/app/%5Blang%5D/(auth-layout)/layout-5f1ed1ba25dc660a.js:0
[    1022ms] [LOG] Current Pathname: /en/login @ https://halaa.com.sa/_next/static/chunks/app/%5Blang%5D/(auth-layout)/layout-5f1ed1ba25dc660a.js:0
[    1023ms] [LOG] Should Show Slider: true @ https://halaa.com.sa/_next/static/chunks/app/%5Blang%5D/(auth-layout)/layout-5f1ed1ba25dc660a.js:0
[    1023ms] [LOG] Current Pathname: /en/login @ https://halaa.com.sa/_next/static/chunks/app/%5Blang%5D/(auth-layout)/layout-5f1ed1ba25dc660a.js:0
[    1023ms] [LOG] Should Show Slider: true @ https://halaa.com.sa/_next/static/chunks/app/%5Blang%5D/(auth-layout)/layout-5f1ed1ba25dc660a.js:0
[    1023ms] [LOG] Current Pathname: /en/login @ https://halaa.com.sa/_next/static/chunks/app/%5Blang%5D/(auth-layout)/layout-5f1ed1ba25dc660a.js:0
[    1023ms] [LOG] Should Show Slider: true @ https://halaa.com.sa/_next/static/chunks/app/%5Blang%5D/(auth-layout)/layout-5f1ed1ba25dc660a.js:0
[    1024ms] [LOG] Current Pathname: /en/login @ https://halaa.com.sa/_next/static/chunks/app/%5Blang%5D/(auth-layout)/layout-5f1ed1ba25dc660a.js:0
[    1024ms] [LOG] Should Show Slider: true @ https://halaa.com.sa/_next/static/chunks/app/%5Blang%5D/(auth-layout)/layout-5f1ed1ba25dc660a.js:0
[    1024ms] [LOG] Current Pathname: /en/login @ https://halaa.com.sa/_next/static/chunks/app/%5Blang%5D/(auth-layout)/layout-5f1ed1ba25dc660a.js:0
[    1024ms] [LOG] Should Show Slider: true @ https://halaa.com.sa/_next/static/chunks/app/%5Blang%5D/(auth-layout)/layout-5f1ed1ba25dc660a.js:0
[    1025ms] [LOG] Current Pathname: /en/login @ https://halaa.com.sa/_next/static/chunks/app/%5Blang%5D/(auth-layout)/layout-5f1ed1ba25dc660a.js:0
[    1025ms] [LOG] Should Show Slider: true @ https://halaa.com.sa/_next/static/chunks/app/%5Blang%5D/(auth-layout)/layout-5f1ed1ba25dc660a.js:0
[    1025ms] [LOG] Current Pathname: /en/login @ https://halaa.com.sa/_next/static/chunks/app/%5Blang%5D/(auth-layout)/layout-5f1ed1ba25dc660a.js:0
[    1025ms] [LOG] Should Show Slider: true @ https://halaa.com.sa/_next/static/chunks/app/%5Blang%5D/(auth-layout)/layout-5f1ed1ba25dc660a.js:0
[    1025ms] [LOG] Current Pathname: /en/login @ https://halaa.com.sa/_next/static/chunks/app/%5Blang%5D/(auth-layout)/layout-5f1ed1ba25dc660a.js:0
[    1025ms] [LOG] Should Show Slider: true @ https://halaa.com.sa/_next/static/chunks/app/%5Blang%5D/(auth-layout)/layout-5f1ed1ba25dc660a.js:0
[    1026ms] [LOG] Current Pathname: /en/login @ https://halaa.com.sa/_next/static/chunks/app/%5Blang%5D/(auth-layout)/layout-5f1ed1ba25dc660a.js:0
[    1026ms] [LOG] Should Show Slider: true @ https://halaa.com.sa/_next/static/chunks/app/%5Blang%5D/(auth-layout)/layout-5f1ed1ba25dc660a.js:0
[    1026ms] [LOG] Current Pathname: /en/login @ https://halaa.com.sa/_next/static/chunks/app/%5Blang%5D/(auth-layout)/layout-5f1ed1ba25dc660a.js:0
[    1026ms] [LOG] Should Show Slider: true @ https://halaa.com.sa/_next/static/chunks/app/%5Blang%5D/(auth-layout)/layout-5f1ed1ba25dc660a.js:0
[    1027ms] [LOG] Current Pathname: /en/login @ https://halaa.com.sa/_next/static/chunks/app/%5Blang%5D/(auth-layout)/layout-5f1ed1ba25dc660a.js:0
[    1027ms] [LOG] Should Show Slider: true @ https://halaa.com.sa/_next/static/chunks/app/%5Blang%5D/(auth-layout)/layout-5f1ed1ba25dc660a.js:0
[    1027ms] [LOG] Current Pathname: /en/login @ https://halaa.com.sa/_next/static/chunks/app/%5Blang%5D/(auth-layout)/layout-5f1ed1ba25dc660a.js:0
[    1027ms] [LOG] Should Show Slider: true @ https://halaa.com.sa/_next/static/chunks/app/%5Blang%5D/(auth-layout)/layout-5f1ed1ba25dc660a.js:0
[    1027ms] [LOG] Current Pathname: /en/login @ https://halaa.com.sa/_next/static/chunks/app/%5Blang%5D/(auth-layout)/layout-5f1ed1ba25dc660a.js:0
[    1027ms] [LOG] Should Show Slider: true @ https://halaa.com.sa/_next/static/chunks/app/%5Blang%5D/(auth-layout)/layout-5f1ed1ba25dc660a.js:0
[    1028ms] [LOG] Current Pathname: /en/login @ https://halaa.com.sa/_next/static/chunks/app/%5Blang%5D/(auth-layout)/layout-5f1ed1ba25dc660a.js:0
[    1028ms] [LOG] Should Show Slider: true @ https://halaa.com.sa/_next/static/chunks/app/%5Blang%5D/(auth-layout)/layout-5f1ed1ba25dc660a.js:0
[    1028ms] [LOG] Current Pathname: /en/login @ https://halaa.com.sa/_next/static/chunks/app/%5Blang%5D/(auth-layout)/layout-5f1ed1ba25dc660a.js:0
[    1028ms] [LOG] Should Show Slider: true @ https://halaa.com.sa/_next/static/chunks/app/%5Blang%5D/(auth-layout)/layout-5f1ed1ba25dc660a.js:0
[    1029ms] [LOG] Current Pathname: /en/login @ https://halaa.com.sa/_next/static/chunks/app/%5Blang%5D/(auth-layout)/layout-5f1ed1ba25dc660a.js:0
[    1029ms] [LOG] Should Show Slider: true @ https://halaa.com.sa/_next/static/chunks/app/%5Blang%5D/(auth-layout)/layout-5f1ed1ba25dc660a.js:0
[    1029ms] [LOG] Current Pathname: /en/login @ https://halaa.com.sa/_next/static/chunks/app/%5Blang%5D/(auth-layout)/layout-5f1ed1ba25dc660a.js:0
[    1029ms] [LOG] Should Show Slider: true @ https://halaa.com.sa/_next/static/chunks/app/%5Blang%5D/(auth-layout)/layout-5f1ed1ba25dc660a.js:0
[    1029ms] [LOG] Current Pathname: /en/login @ https://halaa.com.sa/_next/static/chunks/app/%5Blang%5D/(auth-layout)/layout-5f1ed1ba25dc660a.js:0
[    1029ms] [LOG] Should Show Slider: true @ https://halaa.com.sa/_next/static/chunks/app/%5Blang%5D/(auth-layout)/layout-5f1ed1ba25dc660a.js:0
[    1030ms] [LOG] Current Pathname: /en/login @ https://halaa.com.sa/_next/static/chunks/app/%5Blang%5D/(auth-layout)/layout-5f1ed1ba25dc660a.js:0
[    1030ms] [LOG] Should Show Slider: true @ https://halaa.com.sa/_next/static/chunks/app/%5Blang%5D/(auth-layout)/layout-5f1ed1ba25dc660a.js:0
[    1030ms] [LOG] Current Pathname: /en/login @ https://halaa.com.sa/_next/static/chunks/app/%5Blang%5D/(auth-layout)/layout-5f1ed1ba25dc660a.js:0
[    1030ms] [LOG] Should Show Slider: true @ https://halaa.com.sa/_next/static/chunks/app/%5Blang%5D/(auth-layout)/layout-5f1ed1ba25dc660a.js:0
[    1031ms] [LOG] Current Pathname: /en/login @ https://halaa.com.sa/_next/static/chunks/app/%5Blang%5D/(auth-layout)/layout-5f1ed1ba25dc660a.js:0
[    1031ms] [LOG] Should Show Slider: true @ https://halaa.com.sa/_next/static/chunks/app/%5Blang%5D/(auth-layout)/layout-5f1ed1ba25dc660a.js:0
[    1031ms] [LOG] Current Pathname: /en/login @ https://halaa.com.sa/_next/static/chunks/app/%5Blang%5D/(auth-layout)/layout-5f1ed1ba25dc660a.js:0
[    1031ms] [LOG] Should Show Slider: true @ https://halaa.com.sa/_next/static/chunks/app/%5Blang%5D/(auth-layout)/layout-5f1ed1ba25dc660a.js:0
[    1031ms] [LOG] Current Pathname: /en/login @ https://halaa.com.sa/_next/static/chunks/app/%5Blang%5D/(auth-layout)/layout-5f1ed1ba25dc660a.js:0
[    1031ms] [LOG] Should Show Slider: true @ https://halaa.com.sa/_next/static/chunks/app/%5Blang%5D/(auth-layout)/layout-5f1ed1ba25dc660a.js:0
[    1032ms] [LOG] Current Pathname: /en/login @ https://halaa.com.sa/_next/static/chunks/app/%5Blang%5D/(auth-layout)/layout-5f1ed1ba25dc660a.js:0
[    1032ms] [LOG] Should Show Slider: true @ https://halaa.com.sa/_next/static/chunks/app/%5Blang%5D/(auth-layout)/layout-5f1ed1ba25dc660a.js:0
[    1032ms] [LOG] Current Pathname: /en/login @ https://halaa.com.sa/_next/static/chunks/app/%5Blang%5D/(auth-layout)/layout-5f1ed1ba25dc660a.js:0
[    1032ms] [LOG] Should Show Slider: true @ https://halaa.com.sa/_next/static/chunks/app/%5Blang%5D/(auth-layout)/layout-5f1ed1ba25dc660a.js:0
[    1033ms] [LOG] Current Pathname: /en/login @ https://halaa.com.sa/_next/static/chunks/app/%5Blang%5D/(auth-layout)/layout-5f1ed1ba25dc660a.js:0
[    1033ms] [LOG] Should Show Slider: true @ https://halaa.com.sa/_next/static/chunks/app/%5Blang%5D/(auth-layout)/layout-5f1ed1ba25dc660a.js:0
[    1035ms] [LOG] Current Pathname: /en/login @ https://halaa.com.sa/_next/static/chunks/app/%5Blang%5D/(auth-layout)/layout-5f1ed1ba25dc660a.js:0
[    1035ms] [LOG] Should Show Slider: true @ https://halaa.com.sa/_next/static/chunks/app/%5Blang%5D/(auth-layout)/layout-5f1ed1ba25dc660a.js:0
[    1035ms] [LOG] Current Pathname: /en/login @ https://halaa.com.sa/_next/static/chunks/app/%5Blang%5D/(auth-layout)/layout-5f1ed1ba25dc660a.js:0
[    1035ms] [LOG] Should Show Slider: true @ https://halaa.com.sa/_next/static/chunks/app/%5Blang%5D/(auth-layout)/layout-5f1ed1ba25dc660a.js:0
[    1035ms] [LOG] Current Pathname: /en/login @ https://halaa.com.sa/_next/static/chunks/app/%5Blang%5D/(auth-layout)/layout-5f1ed1ba25dc660a.js:0
[    1036ms] [LOG] Should Show Slider: true @ https://halaa.com.sa/_next/static/chunks/app/%5Blang%5D/(auth-layout)/layout-5f1ed1ba25dc660a.js:0
[    1036ms] [LOG] Current Pathname: /en/login @ https://halaa.com.sa/_next/static/chunks/app/%5Blang%5D/(auth-layout)/layout-5f1ed1ba25dc660a.js:0
[    1036ms] [LOG] Should Show Slider: true @ https://halaa.com.sa/_next/static/chunks/app/%5Blang%5D/(auth-layout)/layout-5f1ed1ba25dc660a.js:0
[    1036ms] [LOG] Current Pathname: /en/login @ https://halaa.com.sa/_next/static/chunks/app/%5Blang%5D/(auth-layout)/layout-5f1ed1ba25dc660a.js:0
[    1036ms] [LOG] Should Show Slider: true @ https://halaa.com.sa/_next/static/chunks/app/%5Blang%5D/(auth-layout)/layout-5f1ed1ba25dc660a.js:0
[    1037ms] [LOG] Current Pathname: /en/login @ https://halaa.com.sa/_next/static/chunks/app/%5Blang%5D/(auth-layout)/layout-5f1ed1ba25dc660a.js:0
[    1037ms] [LOG] Should Show Slider: true @ https://halaa.com.sa/_next/static/chunks/app/%5Blang%5D/(auth-layout)/layout-5f1ed1ba25dc660a.js:0
[    1037ms] [LOG] Current Pathname: /en/login @ https://halaa.com.sa/_next/static/chunks/app/%5Blang%5D/(auth-layout)/layout-5f1ed1ba25dc660a.js:0
[    1037ms] [LOG] Should Show Slider: true @ https://halaa.com.sa/_next/static/chunks/app/%5Blang%5D/(auth-layout)/layout-5f1ed1ba25dc660a.js:0
[    1038ms] [LOG] Current Pathname: /en/login @ https://halaa.com.sa/_next/static/chunks/app/%5Blang%5D/(auth-layout)/layout-5f1ed1ba25dc660a.js:0
[    1038ms] [LOG] Should Show Slider: true @ https://halaa.com.sa/_next/static/chunks/app/%5Blang%5D/(auth-layout)/layout-5f1ed1ba25dc660a.js:0
[    1038ms] [LOG] Current Pathname: /en/login @ https://halaa.com.sa/_next/static/chunks/app/%5Blang%5D/(auth-layout)/layout-5f1ed1ba25dc660a.js:0
[    1038ms] [LOG] Should Show Slider: true @ https://halaa.com.sa/_next/static/chunks/app/%5Blang%5D/(auth-layout)/layout-5f1ed1ba25dc660a.js:0
[    1039ms] [LOG] Current Pathname: /en/login @ https://halaa.com.sa/_next/static/chunks/app/%5Blang%5D/(auth-layout)/layout-5f1ed1ba25dc660a.js:0
[    1039ms] [LOG] Should Show Slider: true @ https://halaa.com.sa/_next/static/chunks/app/%5Blang%5D/(auth-layout)/layout-5f1ed1ba25dc660a.js:0
[    1039ms] [LOG] Current Pathname: /en/login @ https://halaa.com.sa/_next/static/chunks/app/%5Blang%5D/(auth-layout)/layout-5f1ed1ba25dc660a.js:0
[    1039ms] [LOG] Should Show Slider: true @ https://halaa.com.sa/_next/static/chunks/app/%5Blang%5D/(auth-layout)/layout-5f1ed1ba25dc660a.js:0
[    1039ms] [LOG] Current Pathname: /en/login @ https://halaa.com.sa/_next/static/chunks/app/%5Blang%5D/(auth-layout)/layout-5f1ed1ba25dc660a.js:0
[    1039ms] [LOG] Should Show Slider: true @ https://halaa.com.sa/_next/static/chunks/app/%5Blang%5D/(auth-layout)/layout-5f1ed1ba25dc660a.js:0
[    1040ms] [LOG] Current Pathname: /en/login @ https://halaa.com.sa/_next/static/chunks/app/%5Blang%5D/(auth-layout)/layout-5f1ed1ba25dc660a.js:0
[    1040ms] [LOG] Should Show Slider: true @ https://halaa.com.sa/_next/static/chunks/app/%5Blang%5D/(auth-layout)/layout-5f1ed1ba25dc660a.js:0
[    1040ms] [LOG] Current Pathname: /en/login @ https://halaa.com.sa/_next/static/chunks/app/%5Blang%5D/(auth-layout)/layout-5f1ed1ba25dc660a.js:0
[    1040ms] [LOG] Should Show Slider: true @ https://halaa.com.sa/_next/static/chunks/app/%5Blang%5D/(auth-layout)/layout-5f1ed1ba25dc660a.js:0
[    1040ms] [LOG] Current Pathname: /en/login @ https://halaa.com.sa/_next/static/chunks/app/%5Blang%5D/(auth-layout)/layout-5f1ed1ba25dc660a.js:0
[    1041ms] [LOG] Should Show Slider: true @ https://halaa.com.sa/_next/static/chunks/app/%5Blang%5D/(auth-layout)/layout-5f1ed1ba25dc660a.js:0
[    1041ms] [LOG] Current Pathname: /en/login @ https://halaa.com.sa/_next/static/chunks/app/%5Blang%5D/(auth-layout)/layout-5f1ed1ba25dc660a.js:0
[    1041ms] [LOG] Should Show Slider: true @ https://halaa.com.sa/_next/static/chunks/app/%5Blang%5D/(auth-layout)/layout-5f1ed1ba25dc660a.js:0
[    1041ms] [LOG] Current Pathname: /en/login @ https://halaa.com.sa/_next/static/chunks/app/%5Blang%5D/(auth-layout)/layout-5f1ed1ba25dc660a.js:0
[    1041ms] [LOG] Should Show Slider: true @ https://halaa.com.sa/_next/static/chunks/app/%5Blang%5D/(auth-layout)/layout-5f1ed1ba25dc660a.js:0
[    1042ms] [LOG] Current Pathname: /en/login @ https://halaa.com.sa/_next/static/chunks/app/%5Blang%5D/(auth-layout)/layout-5f1ed1ba25dc660a.js:0
[    1042ms] [LOG] Should Show Slider: true @ https://halaa.com.sa/_next/static/chunks/app/%5Blang%5D/(auth-layout)/layout-5f1ed1ba25dc660a.js:0
[    1042ms] [LOG] Current Pathname: /en/login @ https://halaa.com.sa/_next/static/chunks/app/%5Blang%5D/(auth-layout)/layout-5f1ed1ba25dc660a.js:0
[    1042ms] [LOG] Should Show Slider: true @ https://halaa.com.sa/_next/static/chunks/app/%5Blang%5D/(auth-layout)/layout-5f1ed1ba25dc660a.js:0
[    1043ms] [LOG] Current Pathname: /en/login @ https://halaa.com.sa/_next/static/chunks/app/%5Blang%5D/(auth-layout)/layout-5f1ed1ba25dc660a.js:0
[    1043ms] [LOG] Should Show Slider: true @ https://halaa.com.sa/_next/static/chunks/app/%5Blang%5D/(auth-layout)/layout-5f1ed1ba25dc660a.js:0
[    1043ms] [LOG] Current Pathname: /en/login @ https://halaa.com.sa/_next/static/chunks/app/%5Blang%5D/(auth-layout)/layout-5f1ed1ba25dc660a.js:0
[    1043ms] [LOG] Should Show Slider: true @ https://halaa.com.sa/_next/static/chunks/app/%5Blang%5D/(auth-layout)/layout-5f1ed1ba25dc660a.js:0
[    1044ms] [LOG] Current Pathname: /en/login @ https://halaa.com.sa/_next/static/chunks/app/%5Blang%5D/(auth-layout)/layout-5f1ed1ba25dc660a.js:0
[    1044ms] [LOG] Should Show Slider: true @ https://halaa.com.sa/_next/static/chunks/app/%5Blang%5D/(auth-layout)/layout-5f1ed1ba25dc660a.js:0
[    1044ms] [LOG] Current Pathname: /en/login @ https://halaa.com.sa/_next/static/chunks/app/%5Blang%5D/(auth-layout)/layout-5f1ed1ba25dc660a.js:0
[    1044ms] [LOG] Should Show Slider: true @ https://halaa.com.sa/_next/static/chunks/app/%5Blang%5D/(auth-layout)/layout-5f1ed1ba25dc660a.js:0
[    1045ms] [LOG] Current Pathname: /en/login @ https://halaa.com.sa/_next/static/chunks/app/%5Blang%5D/(auth-layout)/layout-5f1ed1ba25dc660a.js:0
[    1045ms] [LOG] Should Show Slider: true @ https://halaa.com.sa/_next/static/chunks/app/%5Blang%5D/(auth-layout)/layout-5f1ed1ba25dc660a.js:0
[    1045ms] [LOG] Current Pathname: /en/login @ https://halaa.com.sa/_next/static/chunks/app/%5Blang%5D/(auth-layout)/layout-5f1ed1ba25dc660a.js:0
[    1045ms] [LOG] Should Show Slider: true @ https://halaa.com.sa/_next/static/chunks/app/%5Blang%5D/(auth-layout)/layout-5f1ed1ba25dc660a.js:0
[    1046ms] [LOG] Current Pathname: /en/login @ https://halaa.com.sa/_next/static/chunks/app/%5Blang%5D/(auth-layout)/layout-5f1ed1ba25dc660a.js:0
[    1046ms] [LOG] Should Show Slider: true @ https://halaa.com.sa/_next/static/chunks/app/%5Blang%5D/(auth-layout)/layout-5f1ed1ba25dc660a.js:0
[    1047ms] [LOG] Current Pathname: /en/login @ https://halaa.com.sa/_next/static/chunks/app/%5Blang%5D/(auth-layout)/layout-5f1ed1ba25dc660a.js:0
[    1047ms] [LOG] Should Show Slider: true @ https://halaa.com.sa/_next/static/chunks/app/%5Blang%5D/(auth-layout)/layout-5f1ed1ba25dc660a.js:0
[    1047ms] [LOG] Current Pathname: /en/login @ https://halaa.com.sa/_next/static/chunks/app/%5Blang%5D/(auth-layout)/layout-5f1ed1ba25dc660a.js:0
[    1048ms] [LOG] Should Show Slider: true @ https://halaa.com.sa/_next/static/chunks/app/%5Blang%5D/(auth-layout)/layout-5f1ed1ba25dc660a.js:0
[    1048ms] [LOG] Current Pathname: /en/login @ https://halaa.com.sa/_next/static/chunks/app/%5Blang%5D/(auth-layout)/layout-5f1ed1ba25dc660a.js:0
[    1048ms] [LOG] Should Show Slider: true @ https://halaa.com.sa/_next/static/chunks/app/%5Blang%5D/(auth-layout)/layout-5f1ed1ba25dc660a.js:0
[    1048ms] [LOG] Current Pathname: /en/login @ https://halaa.com.sa/_next/static/chunks/app/%5Blang%5D/(auth-layout)/layout-5f1ed1ba25dc660a.js:0
[    1048ms] [LOG] Should Show Slider: true @ https://halaa.com.sa/_next/static/chunks/app/%5Blang%5D/(auth-layout)/layout-5f1ed1ba25dc660a.js:0
[    1049ms] [LOG] Current Pathname: /en/login @ https://halaa.com.sa/_next/static/chunks/app/%5Blang%5D/(auth-layout)/layout-5f1ed1ba25dc660a.js:0
[    1049ms] [LOG] Should Show Slider: true @ https://halaa.com.sa/_next/static/chunks/app/%5Blang%5D/(auth-layout)/layout-5f1ed1ba25dc660a.js:0
[    1049ms] [LOG] Current Pathname: /en/login @ https://halaa.com.sa/_next/static/chunks/app/%5Blang%5D/(auth-layout)/layout-5f1ed1ba25dc660a.js:0
[    1049ms] [LOG] Should Show Slider: true @ https://halaa.com.sa/_next/static/chunks/app/%5Blang%5D/(auth-layout)/layout-5f1ed1ba25dc660a.js:0
[    1049ms] [LOG] Current Pathname: /en/login @ https://halaa.com.sa/_next/static/chunks/app/%5Blang%5D/(auth-layout)/layout-5f1ed1ba25dc660a.js:0
[    1050ms] [LOG] Should Show Slider: true @ https://halaa.com.sa/_next/static/chunks/app/%5Blang%5D/(auth-layout)/layout-5f1ed1ba25dc660a.js:0
[    1050ms] [LOG] Current Pathname: /en/login @ https://halaa.com.sa/_next/static/chunks/app/%5Blang%5D/(auth-layout)/layout-5f1ed1ba25dc660a.js:0
[    1050ms] [LOG] Should Show Slider: true @ https://halaa.com.sa/_next/static/chunks/app/%5Blang%5D/(auth-layout)/layout-5f1ed1ba25dc660a.js:0
[    1050ms] [LOG] Current Pathname: /en/login @ https://halaa.com.sa/_next/static/chunks/app/%5Blang%5D/(auth-layout)/layout-5f1ed1ba25dc660a.js:0
[    1050ms] [LOG] Should Show Slider: true @ https://halaa.com.sa/_next/static/chunks/app/%5Blang%5D/(auth-layout)/layout-5f1ed1ba25dc660a.js:0
[    1051ms] [LOG] Current Pathname: /en/login @ https://halaa.com.sa/_next/static/chunks/app/%5Blang%5D/(auth-layout)/layout-5f1ed1ba25dc660a.js:0
[    1051ms] [LOG] Should Show Slider: true @ https://halaa.com.sa/_next/static/chunks/app/%5Blang%5D/(auth-layout)/layout-5f1ed1ba25dc660a.js:0
[    1051ms] [LOG] Current Pathname: /en/login @ https://halaa.com.sa/_next/static/chunks/app/%5Blang%5D/(auth-layout)/layout-5f1ed1ba25dc660a.js:0
[    1051ms] [LOG] Should Show Slider: true @ https://halaa.com.sa/_next/static/chunks/app/%5Blang%5D/(auth-layout)/layout-5f1ed1ba25dc660a.js:0
[    1051ms] [LOG] Current Pathname: /en/login @ https://halaa.com.sa/_next/static/chunks/app/%5Blang%5D/(auth-layout)/layout-5f1ed1ba25dc660a.js:0
[    1051ms] [LOG] Should Show Slider: true @ https://halaa.com.sa/_next/static/chunks/app/%5Blang%5D/(auth-layout)/layout-5f1ed1ba25dc660a.js:0
[    1055ms] [LOG] Current Pathname: /en/login @ https://halaa.com.sa/_next/static/chunks/app/%5Blang%5D/(auth-layout)/layout-5f1ed1ba25dc660a.js:0
[    1055ms] [LOG] Should Show Slider: true @ https://halaa.com.sa/_next/static/chunks/app/%5Blang%5D/(auth-layout)/layout-5f1ed1ba25dc660a.js:0
[    1060ms] [LOG] Current Pathname: /en/login @ https://halaa.com.sa/_next/static/chunks/app/%5Blang%5D/(auth-layout)/layout-5f1ed1ba25dc660a.js:0
[    1060ms] [LOG] Should Show Slider: true @ https://halaa.com.sa/_next/static/chunks/app/%5Blang%5D/(auth-layout)/layout-5f1ed1ba25dc660a.js:0
[    1396ms] [ERROR] Failed to load resource: the server responded with a status of 500 (Internal Server Error) @ https://halaa.com.sa/favicon.ico:0
[    6857ms] [WARNING] Form submission canceled because the form is not connected @ https://halaa.com.sa/en/login:0
[    6967ms] [VERBOSE] [DOM] Input elements should have autocomplete attributes (suggested: "current-password"): (More info: https://goo.gl/9p2vKq) %o @ https://halaa.com.sa/en/login:0
[   27406ms] Error: Minified React error #418; visit https://react.dev/errors/418?args[]=text&args[]= for the full message or use the non-minified dev environment for full errors and additional helpful warnings.
    at rD (https://halaa.com.sa/_next/static/chunks/4bd1b696-100b9d70ed4e49c1.js:1:35062)
    at rO (https://halaa.com.sa/_next/static/chunks/4bd1b696-100b9d70ed4e49c1.js:1:36095)
    at https://halaa.com.sa/_next/static/chunks/4bd1b696-100b9d70ed4e49c1.js:1:118083
    at ix (https://halaa.com.sa/_next/static/chunks/4bd1b696-100b9d70ed4e49c1.js:1:122955)
    at ik (https://halaa.com.sa/_next/static/chunks/4bd1b696-100b9d70ed4e49c1.js:1:114743)
    at https://halaa.com.sa/_next/static/chunks/4bd1b696-100b9d70ed4e49c1.js:1:110730
    at iu (https://halaa.com.sa/_next/static/chunks/4bd1b696-100b9d70ed4e49c1.js:1:110831)
    at iX (https://halaa.com.sa/_next/static/chunks/4bd1b696-100b9d70ed4e49c1.js:1:132934)
    at MessagePort.w (https://halaa.com.sa/_next/static/chunks/1255-eae4096fb21f1304.js:1:65046)
[   28425ms] [ERROR] Failed to load resource: the server responded with a status of 500 (Internal Server Error) @ https://halaa.com.sa/favicon.ico:0
