[     420ms] [LOG] [Fast Refresh] rebuilding @ http://localhost:3001/_next/static/chunks/node_modules_next_dist_client_cf1d9188._.js:5956
[    1138ms] [LOG] [Fast Refresh] done in 822ms @ http://localhost:3001/_next/static/chunks/node_modules_next_dist_client_cf1d9188._.js:5816
[    3720ms] [INFO] %cDownload the React DevTools for a better development experience: https://react.dev/link/react-devtools font-weight:bold @ http://localhost:3001/_next/static/chunks/node_modules_next_dist_compiled_react-dom_1e674e59._.js:14537
[    3799ms] [INFO] 🌐 i18next is made possible by our own product, Locize — consider powering your project with managed localization (AI, CDN, integrations): https://locize.com 💙 @ http://localhost:3001/_next/static/chunks/node_modules_5dfc3838._.js:3250
[    3902ms] [WARNING] Image with src "/template-cards/1.png" is using quality "80" which is not configured in images.qualities. This config will be required starting in Next.js 16.
Read more: https://nextjs.org/docs/messages/next-image-unconfigured-qualities @ http://localhost:3001/_next/static/chunks/node_modules_next_dist_b0daae9a._.js:1014
[    3904ms] [WARNING] Image with src "/template-cards/2.png" is using quality "80" which is not configured in images.qualities. This config will be required starting in Next.js 16.
Read more: https://nextjs.org/docs/messages/next-image-unconfigured-qualities @ http://localhost:3001/_next/static/chunks/node_modules_next_dist_b0daae9a._.js:1014
[    3905ms] [WARNING] Image with src "/template-cards/3.png" is using quality "80" which is not configured in images.qualities. This config will be required starting in Next.js 16.
Read more: https://nextjs.org/docs/messages/next-image-unconfigured-qualities @ http://localhost:3001/_next/static/chunks/node_modules_next_dist_b0daae9a._.js:1014
[    3906ms] [WARNING] Image with src "/template-cards/4.png" is using quality "80" which is not configured in images.qualities. This config will be required starting in Next.js 16.
Read more: https://nextjs.org/docs/messages/next-image-unconfigured-qualities @ http://localhost:3001/_next/static/chunks/node_modules_next_dist_b0daae9a._.js:1014
[    3907ms] [WARNING] Image with src "/template-cards/5.png" is using quality "80" which is not configured in images.qualities. This config will be required starting in Next.js 16.
Read more: https://nextjs.org/docs/messages/next-image-unconfigured-qualities @ http://localhost:3001/_next/static/chunks/node_modules_next_dist_b0daae9a._.js:1014
[    3908ms] [WARNING] Image with src "/template-cards/6.png" is using quality "80" which is not configured in images.qualities. This config will be required starting in Next.js 16.
Read more: https://nextjs.org/docs/messages/next-image-unconfigured-qualities @ http://localhost:3001/_next/static/chunks/node_modules_next_dist_b0daae9a._.js:1014
[    3909ms] [WARNING] Image with src "/template-cards/7.png" is using quality "80" which is not configured in images.qualities. This config will be required starting in Next.js 16.
Read more: https://nextjs.org/docs/messages/next-image-unconfigured-qualities @ http://localhost:3001/_next/static/chunks/node_modules_next_dist_b0daae9a._.js:1014
[    3910ms] [WARNING] Image with src "/template-cards/8.png" is using quality "80" which is not configured in images.qualities. This config will be required starting in Next.js 16.
Read more: https://nextjs.org/docs/messages/next-image-unconfigured-qualities @ http://localhost:3001/_next/static/chunks/node_modules_next_dist_b0daae9a._.js:1014
[    3912ms] [WARNING] Image with src "/template-cards/9.png" is using quality "80" which is not configured in images.qualities. This config will be required starting in Next.js 16.
Read more: https://nextjs.org/docs/messages/next-image-unconfigured-qualities @ http://localhost:3001/_next/static/chunks/node_modules_next_dist_b0daae9a._.js:1014
[    3913ms] [WARNING] Image with src "/template-cards/10.png" is using quality "80" which is not configured in images.qualities. This config will be required starting in Next.js 16.
Read more: https://nextjs.org/docs/messages/next-image-unconfigured-qualities @ http://localhost:3001/_next/static/chunks/node_modules_next_dist_b0daae9a._.js:1014
[    3914ms] [WARNING] Image with src "/template-cards/11.png" is using quality "80" which is not configured in images.qualities. This config will be required starting in Next.js 16.
Read more: https://nextjs.org/docs/messages/next-image-unconfigured-qualities @ http://localhost:3001/_next/static/chunks/node_modules_next_dist_b0daae9a._.js:1014
[    3915ms] [WARNING] Image with src "/template-cards/12.png" is using quality "80" which is not configured in images.qualities. This config will be required starting in Next.js 16.
Read more: https://nextjs.org/docs/messages/next-image-unconfigured-qualities @ http://localhost:3001/_next/static/chunks/node_modules_next_dist_b0daae9a._.js:1014
[    3917ms] [WARNING] Image with src "/template-cards/13.png" is using quality "80" which is not configured in images.qualities. This config will be required starting in Next.js 16.
Read more: https://nextjs.org/docs/messages/next-image-unconfigured-qualities @ http://localhost:3001/_next/static/chunks/node_modules_next_dist_b0daae9a._.js:1014
[    3918ms] [WARNING] Image with src "/template-cards/14.jpg" is using quality "80" which is not configured in images.qualities. This config will be required starting in Next.js 16.
Read more: https://nextjs.org/docs/messages/next-image-unconfigured-qualities @ http://localhost:3001/_next/static/chunks/node_modules_next_dist_b0daae9a._.js:1014
[    3919ms] [WARNING] Image with src "/template-cards/15.png" is using quality "80" which is not configured in images.qualities. This config will be required starting in Next.js 16.
Read more: https://nextjs.org/docs/messages/next-image-unconfigured-qualities @ http://localhost:3001/_next/static/chunks/node_modules_next_dist_b0daae9a._.js:1014
[    3920ms] [WARNING] Image with src "/template-cards/16.png" is using quality "80" which is not configured in images.qualities. This config will be required starting in Next.js 16.
Read more: https://nextjs.org/docs/messages/next-image-unconfigured-qualities @ http://localhost:3001/_next/static/chunks/node_modules_next_dist_b0daae9a._.js:1014
[    4052ms] [ERROR] Failed to load resource: the server responded with a status of 500 (Internal Server Error) @ http://localhost:3001/favicon.ico:0
[    4452ms] [LOG] [API] GET /plans/landing - 200 (430ms) @ http://localhost:3001/_next/static/chunks/_a37f5ea3._.js:2619
[    7506ms] [WARNING] The resource http://localhost:3001/_next/static/chunks/%5Broot-of-the-server%5D__ad960bb7._.css was preloaded using link preload but not used within a few seconds from the window's load event. Please make sure it has an appropriate `as` value and it is preloaded intentionally. @ http://localhost:3001/ar:0
[   34699ms] [WARNING] The resource http://localhost:3001/_next/static/chunks/%5Broot-of-the-server%5D__ad960bb7._.css was preloaded using link preload but not used within a few seconds from the window's load event. Please make sure it has an appropriate `as` value and it is preloaded intentionally. @ http://localhost:3001/ar:0
[  110636ms] [LOG] [Fast Refresh] rebuilding @ http://localhost:3001/_next/static/chunks/node_modules_next_dist_client_cf1d9188._.js:5956
[  110686ms] [LOG] [Fast Refresh] done in 42ms @ http://localhost:3001/_next/static/chunks/node_modules_next_dist_client_cf1d9188._.js:5816
