[     258ms] [LOG] [Fast Refresh] rebuilding @ http://localhost:3000/_next/static/chunks/node_modules_next_dist_client_cf1d9188._.js:5956
[    1003ms] [LOG] [Fast Refresh] done in 856ms @ http://localhost:3000/_next/static/chunks/node_modules_next_dist_client_cf1d9188._.js:5816
[    1282ms] [INFO] %cDownload the React DevTools for a better development experience: https://react.dev/link/react-devtools font-weight:bold @ http://localhost:3000/_next/static/chunks/node_modules_next_dist_compiled_react-dom_1e674e59._.js:14537
[    1428ms] [INFO] 🌐 i18next is made possible by our own product, Locize — consider powering your project with managed localization (AI, CDN, integrations): https://locize.com 💙 @ http://localhost:3000/_next/static/chunks/node_modules_5dfc3838._.js:3250
[    1725ms] [LOG] [Fast Refresh] rebuilding @ http://localhost:3000/_next/static/chunks/node_modules_next_dist_client_cf1d9188._.js:5956
[    1763ms] [LOG] [Fast Refresh] done in 141ms @ http://localhost:3000/_next/static/chunks/node_modules_next_dist_client_cf1d9188._.js:5816
[    1840ms] [ERROR] Failed to load resource: the server responded with a status of 500 (Internal Server Error) @ http://localhost:3000/favicon.ico:0
[    2048ms] [LOG] [API] GET /events/subscription-info - 200 (455ms) @ http://localhost:3000/_next/static/chunks/_f60c0052._.js:2199
[    2379ms] [LOG] [API] GET /notifications/unread-count - 200 (786ms) @ http://localhost:3000/_next/static/chunks/_f60c0052._.js:2199
[    4103ms] [LOG] [API] GET /events/6a3527ef29492f270fcac717 - 200 (2510ms) @ http://localhost:3000/_next/static/chunks/_f60c0052._.js:2199
[    4325ms] [LOG] [API] GET /template-categories - 200 (208ms) @ http://localhost:3000/_next/static/chunks/_f60c0052._.js:2199
[    4527ms] [LOG] [API] GET /templates - 200 (411ms) @ http://localhost:3000/_next/static/chunks/_f60c0052._.js:2199
[    7540ms] [WARNING] The resource http://localhost:3000/_next/static/chunks/%5Broot-of-the-server%5D__ad960bb7._.css was preloaded using link preload but not used within a few seconds from the window's load event. Please make sure it has an appropriate `as` value and it is preloaded intentionally. @ http://localhost:3000/en/host/update-event?id=6a3527ef29492f270fcac717&step=3:0
[   12987ms] [LOG] [API] GET /fonts - 200 (23ms) @ http://localhost:3000/_next/static/chunks/_f60c0052._.js:2199
[   16039ms] [WARNING] The resource http://localhost:3000/_next/static/chunks/%5Broot-of-the-server%5D__ad960bb7._.css was preloaded using link preload but not used within a few seconds from the window's load event. Please make sure it has an appropriate `as` value and it is preloaded intentionally. @ http://localhost:3000/en/host/update-event?id=6a3527ef29492f270fcac717&step=3:0
[   32608ms] [LOG] [API] GET /notifications/unread-count - 200 (218ms) @ http://localhost:3000/_next/static/chunks/_f60c0052._.js:2199
[   35620ms] [WARNING] The resource http://localhost:3000/_next/static/chunks/%5Broot-of-the-server%5D__ad960bb7._.css was preloaded using link preload but not used within a few seconds from the window's load event. Please make sure it has an appropriate `as` value and it is preloaded intentionally. @ http://localhost:3000/en/host/update-event?id=6a3527ef29492f270fcac717&step=3:0
[   62822ms] [LOG] [API] GET /notifications/unread-count - 200 (203ms) @ http://localhost:3000/_next/static/chunks/_f60c0052._.js:2199
[   65835ms] [WARNING] The resource http://localhost:3000/_next/static/chunks/%5Broot-of-the-server%5D__ad960bb7._.css was preloaded using link preload but not used within a few seconds from the window's load event. Please make sure it has an appropriate `as` value and it is preloaded intentionally. @ http://localhost:3000/en/host/update-event?id=6a3527ef29492f270fcac717&step=3:0
[   74600ms] [WARNING] The resource http://localhost:3000/_next/static/chunks/%5Broot-of-the-server%5D__ad960bb7._.css was preloaded using link preload but not used within a few seconds from the window's load event. Please make sure it has an appropriate `as` value and it is preloaded intentionally. @ http://localhost:3000/en/host/update-event?id=6a3527ef29492f270fcac717&step=3:0
[   75405ms] [ERROR] Access to image at 'https://hallamangement.s3.eu-north-1.amazonaws.com/templates/seed-w2/original-1778078784985-wedding_gulf_groom.jpg' from origin 'http://localhost:3000' has been blocked by CORS policy: No 'Access-Control-Allow-Origin' header is present on the requested resource. @ http://localhost:3000/en/host/update-event?id=6a3527ef29492f270fcac717&step=3:0
[   75405ms] [ERROR] Failed to load resource: net::ERR_FAILED @ https://hallamangement.s3.eu-north-1.amazonaws.com/templates/seed-w2/original-1778078784985-wedding_gulf_groom.jpg:0
[   75431ms] [WARNING] Canvas2D: Multiple readback operations using getImageData are faster with the willReadFrequently attribute set to true. See: https://html.spec.whatwg.org/multipage/canvas.html#concept-canvas-will-read-frequently @ :12
[   78449ms] [WARNING] The resource http://localhost:3000/_next/static/chunks/%5Broot-of-the-server%5D__ad960bb7._.css was preloaded using link preload but not used within a few seconds from the window's load event. Please make sure it has an appropriate `as` value and it is preloaded intentionally. @ http://localhost:3000/en/host/update-event?id=6a3527ef29492f270fcac717&step=3:0
[   93033ms] [LOG] [API] GET /notifications/unread-count - 200 (207ms) @ http://localhost:3000/_next/static/chunks/_f60c0052._.js:2199
[   96047ms] [WARNING] The resource http://localhost:3000/_next/static/chunks/%5Broot-of-the-server%5D__ad960bb7._.css was preloaded using link preload but not used within a few seconds from the window's load event. Please make sure it has an appropriate `as` value and it is preloaded intentionally. @ http://localhost:3000/en/host/update-event?id=6a3527ef29492f270fcac717&step=3:0
[  118445ms] [WARNING] The resource http://localhost:3000/_next/static/chunks/%5Broot-of-the-server%5D__ad960bb7._.css was preloaded using link preload but not used within a few seconds from the window's load event. Please make sure it has an appropriate `as` value and it is preloaded intentionally. @ http://localhost:3000/en/host/update-event?id=6a3527ef29492f270fcac717&step=3:0
[  123304ms] [LOG] [API] GET /notifications/unread-count - 200 (259ms) @ http://localhost:3000/_next/static/chunks/_f60c0052._.js:2199
[  126309ms] [WARNING] The resource http://localhost:3000/_next/static/chunks/%5Broot-of-the-server%5D__ad960bb7._.css was preloaded using link preload but not used within a few seconds from the window's load event. Please make sure it has an appropriate `as` value and it is preloaded intentionally. @ http://localhost:3000/en/host/update-event?id=6a3527ef29492f270fcac717&step=3:0
[  153554ms] [LOG] [API] GET /notifications/unread-count - 200 (246ms) @ http://localhost:3000/_next/static/chunks/_f60c0052._.js:2199
[  156558ms] [WARNING] The resource http://localhost:3000/_next/static/chunks/%5Broot-of-the-server%5D__ad960bb7._.css was preloaded using link preload but not used within a few seconds from the window's load event. Please make sure it has an appropriate `as` value and it is preloaded intentionally. @ http://localhost:3000/en/host/update-event?id=6a3527ef29492f270fcac717&step=3:0
[  164228ms] [WARNING] The resource http://localhost:3000/_next/static/chunks/%5Broot-of-the-server%5D__ad960bb7._.css was preloaded using link preload but not used within a few seconds from the window's load event. Please make sure it has an appropriate `as` value and it is preloaded intentionally. @ http://localhost:3000/en/host/update-event?id=6a3527ef29492f270fcac717&step=3:0
[  183780ms] [LOG] [API] GET /notifications/unread-count - 200 (223ms) @ http://localhost:3000/_next/static/chunks/_f60c0052._.js:2199
[  186789ms] [WARNING] The resource http://localhost:3000/_next/static/chunks/%5Broot-of-the-server%5D__ad960bb7._.css was preloaded using link preload but not used within a few seconds from the window's load event. Please make sure it has an appropriate `as` value and it is preloaded intentionally. @ http://localhost:3000/en/host/update-event?id=6a3527ef29492f270fcac717&step=3:0
[  214374ms] [LOG] [API] GET /notifications/unread-count - 200 (591ms) @ http://localhost:3000/_next/static/chunks/_f60c0052._.js:2199
[  217385ms] [WARNING] The resource http://localhost:3000/_next/static/chunks/%5Broot-of-the-server%5D__ad960bb7._.css was preloaded using link preload but not used within a few seconds from the window's load event. Please make sure it has an appropriate `as` value and it is preloaded intentionally. @ http://localhost:3000/en/host/update-event?id=6a3527ef29492f270fcac717&step=3:0
[  244837ms] [LOG] [API] GET /notifications/unread-count - 200 (453ms) @ http://localhost:3000/_next/static/chunks/_f60c0052._.js:2199
[  247849ms] [WARNING] The resource http://localhost:3000/_next/static/chunks/%5Broot-of-the-server%5D__ad960bb7._.css was preloaded using link preload but not used within a few seconds from the window's load event. Please make sure it has an appropriate `as` value and it is preloaded intentionally. @ http://localhost:3000/en/host/update-event?id=6a3527ef29492f270fcac717&step=3:0
[  274855ms] [ERROR] Failed to load resource: the server responded with a status of 401 (Unauthorized) @ http://localhost:3000/api/v2/notifications/unread-count:0
[  275386ms] [LOG] [API] GET /notifications/unread-count - 200 (206ms) @ http://localhost:3000/_next/static/chunks/_f60c0052._.js:2199
[  278390ms] [WARNING] The resource http://localhost:3000/_next/static/chunks/%5Broot-of-the-server%5D__ad960bb7._.css was preloaded using link preload but not used within a few seconds from the window's load event. Please make sure it has an appropriate `as` value and it is preloaded intentionally. @ http://localhost:3000/en/host/update-event?id=6a3527ef29492f270fcac717&step=3:0
[  305590ms] [LOG] [API] GET /notifications/unread-count - 200 (198ms) @ http://localhost:3000/_next/static/chunks/_f60c0052._.js:2199
[  308592ms] [WARNING] The resource http://localhost:3000/_next/static/chunks/%5Broot-of-the-server%5D__ad960bb7._.css was preloaded using link preload but not used within a few seconds from the window's load event. Please make sure it has an appropriate `as` value and it is preloaded intentionally. @ http://localhost:3000/en/host/update-event?id=6a3527ef29492f270fcac717&step=3:0
