[    3633ms] [WARNING] Unrecognized feature: 'document-domain'. @ https://s.yimg.com/wm/afe/ddc103b324419d63fba3b2f2267eeb3db825232ca33c12f58cb85115b1ec158b/_next/static/chunks/4bd1b696-df4c0fb946159b6a.js:0
[    3633ms] [WARNING] Unrecognized feature: 'speaker-selection'. @ https://s.yimg.com/wm/afe/ddc103b324419d63fba3b2f2267eeb3db825232ca33c12f58cb85115b1ec158b/_next/static/chunks/4bd1b696-df4c0fb946159b6a.js:0
[    3637ms] [WARNING] An iframe which has both allow-scripts and allow-same-origin for its sandbox attribute can escape its sandboxing. @ https://s.yimg.com/wm/afe/ddc103b324419d63fba3b2f2267eeb3db825232ca33c12f58cb85115b1ec158b/_next/static/chunks/4bd1b696-df4c0fb946159b6a.js:0
[    3642ms] [WARNING] An iframe which has both allow-scripts and allow-same-origin for its sandbox attribute can escape its sandboxing. @ https://s.yimg.com/wm/afe/ddc103b324419d63fba3b2f2267eeb3db825232ca33c12f58cb85115b1ec158b/_next/static/chunks/4bd1b696-df4c0fb946159b6a.js:0
[    5350ms] [WARNING] Failed to execute 'write' on 'Document': It isn't possible to write into a document from an asynchronously-loaded external script unless it is explicitly opened. @ https://securepubads.g.doubleclick.net/tag/js/gpt.js:10
[    3633ms] [WARNING] Unrecognized feature: 'document-domain'. @ https://s.yimg.com/wm/afe/ddc103b324419d63fba3b2f2267eeb3db825232ca33c12f58cb85115b1ec158b/_next/static/chunks/4bd1b696-df4c0fb946159b6a.js:0
[    3633ms] [WARNING] Unrecognized feature: 'speaker-selection'. @ https://s.yimg.com/wm/afe/ddc103b324419d63fba3b2f2267eeb3db825232ca33c12f58cb85115b1ec158b/_next/static/chunks/4bd1b696-df4c0fb946159b6a.js:0
[    3637ms] [WARNING] An iframe which has both allow-scripts and allow-same-origin for its sandbox attribute can escape its sandboxing. @ https://s.yimg.com/wm/afe/ddc103b324419d63fba3b2f2267eeb3db825232ca33c12f58cb85115b1ec158b/_next/static/chunks/4bd1b696-df4c0fb946159b6a.js:0
[    3642ms] [WARNING] An iframe which has both allow-scripts and allow-same-origin for its sandbox attribute can escape its sandboxing. @ https://s.yimg.com/wm/afe/ddc103b324419d63fba3b2f2267eeb3db825232ca33c12f58cb85115b1ec158b/_next/static/chunks/4bd1b696-df4c0fb946159b6a.js:0
[    7597ms] [ERROR] Attestation check for Shared Storage on https://www.googleadservices.com failed. @ https://www.googleadservices.com/pagead/managed/js/activeview/current/reach_worklet.html:0
[    8742ms] [ERROR] Failed to load resource: the server responded with a status of 400 () @ https://cm.mgid.com/m?cdsp=834149&c=784685a4-7000-43ca-916b-7f3043995c84:0
[   13633ms] [WARNING] An iframe which has both allow-scripts and allow-same-origin for its sandbox attribute can escape its sandboxing. @ https://s.yimg.com/wm/afe/ddc103b324419d63fba3b2f2267eeb3db825232ca33c12f58cb85115b1ec158b/_next/static/chunks/4bd1b696-df4c0fb946159b6a.js:0
[   13643ms] [WARNING] An iframe which has both allow-scripts and allow-same-origin for its sandbox attribute can escape its sandboxing. @ https://s.yimg.com/wm/afe/ddc103b324419d63fba3b2f2267eeb3db825232ca33c12f58cb85115b1ec158b/_next/static/chunks/4bd1b696-df4c0fb946159b6a.js:0
[   13654ms] [VERBOSE] [DOM] Password forms should have (optionally hidden) username fields for accessibility: (More info: https://goo.gl/9p2vKq) %o @ https://login.yahoo.com/account/challenge/password?src=ym-oasis&pspid=1197802296&activity=header-signin&authMechanism=primary&display=login&done=https%3A%2F%2Fmail.yahoo.com%2F&sessionIndex=QQ--&acrumb=iQQHcBVN:0
[   13710ms] [WARNING] Analytics init() has already been called @ https://s.yimg.com/ss/analytics3.js:0
[   14000ms] [WARNING] Failed to execute 'write' on 'Document': It isn't possible to write into a document from an asynchronously-loaded external script unless it is explicitly opened. @ https://securepubads.g.doubleclick.net/tag/js/gpt.js:10
[   14124ms] [WARNING] Canvas2D: Multiple readback operations using getImageData are faster with the willReadFrequently attribute set to true. See: https://html.spec.whatwg.org/multipage/canvas.html#concept-canvas-will-read-frequently @ https://s.yimg.com/wm/mbr/js/ipqs-us-east-pixel-0.1.2.js:0
[   14144ms] [WARNING] Canvas2D: Multiple readback operations using getImageData are faster with the willReadFrequently attribute set to true. See: https://html.spec.whatwg.org/multipage/canvas.html#concept-canvas-will-read-frequently @ https://s.yimg.com/wm/mbr/js/ipqs-us-east-pixel-0.1.2.js:0
[   14367ms] [WARNING] Canvas2D: Multiple readback operations using getImageData are faster with the willReadFrequently attribute set to true. See: https://html.spec.whatwg.org/multipage/canvas.html#concept-canvas-will-read-frequently @ https://s.yimg.com/wm/mbr/js/ipqs-us-east-pixel-0.1.2.js:0
[   14376ms] [WARNING] Canvas2D: Multiple readback operations using getImageData are faster with the willReadFrequently attribute set to true. See: https://html.spec.whatwg.org/multipage/canvas.html#concept-canvas-will-read-frequently @ https://s.yimg.com/wm/mbr/js/ipqs-us-east-pixel-0.1.2.js:0
[    3633ms] [WARNING] Unrecognized feature: 'document-domain'. @ https://s.yimg.com/wm/afe/ddc103b324419d63fba3b2f2267eeb3db825232ca33c12f58cb85115b1ec158b/_next/static/chunks/4bd1b696-df4c0fb946159b6a.js:0
[    3633ms] [WARNING] Unrecognized feature: 'speaker-selection'. @ https://s.yimg.com/wm/afe/ddc103b324419d63fba3b2f2267eeb3db825232ca33c12f58cb85115b1ec158b/_next/static/chunks/4bd1b696-df4c0fb946159b6a.js:0
[    3637ms] [WARNING] An iframe which has both allow-scripts and allow-same-origin for its sandbox attribute can escape its sandboxing. @ https://s.yimg.com/wm/afe/ddc103b324419d63fba3b2f2267eeb3db825232ca33c12f58cb85115b1ec158b/_next/static/chunks/4bd1b696-df4c0fb946159b6a.js:0
[    3642ms] [WARNING] An iframe which has both allow-scripts and allow-same-origin for its sandbox attribute can escape its sandboxing. @ https://s.yimg.com/wm/afe/ddc103b324419d63fba3b2f2267eeb3db825232ca33c12f58cb85115b1ec158b/_next/static/chunks/4bd1b696-df4c0fb946159b6a.js:0
[   13633ms] [WARNING] An iframe which has both allow-scripts and allow-same-origin for its sandbox attribute can escape its sandboxing. @ https://s.yimg.com/wm/afe/ddc103b324419d63fba3b2f2267eeb3db825232ca33c12f58cb85115b1ec158b/_next/static/chunks/4bd1b696-df4c0fb946159b6a.js:0
[   13643ms] [WARNING] An iframe which has both allow-scripts and allow-same-origin for its sandbox attribute can escape its sandboxing. @ https://s.yimg.com/wm/afe/ddc103b324419d63fba3b2f2267eeb3db825232ca33c12f58cb85115b1ec158b/_next/static/chunks/4bd1b696-df4c0fb946159b6a.js:0
[   14124ms] [WARNING] Canvas2D: Multiple readback operations using getImageData are faster with the willReadFrequently attribute set to true. See: https://html.spec.whatwg.org/multipage/canvas.html#concept-canvas-will-read-frequently @ https://s.yimg.com/wm/mbr/js/ipqs-us-east-pixel-0.1.2.js:0
[   14144ms] [WARNING] Canvas2D: Multiple readback operations using getImageData are faster with the willReadFrequently attribute set to true. See: https://html.spec.whatwg.org/multipage/canvas.html#concept-canvas-will-read-frequently @ https://s.yimg.com/wm/mbr/js/ipqs-us-east-pixel-0.1.2.js:0
[   14367ms] [WARNING] Canvas2D: Multiple readback operations using getImageData are faster with the willReadFrequently attribute set to true. See: https://html.spec.whatwg.org/multipage/canvas.html#concept-canvas-will-read-frequently @ https://s.yimg.com/wm/mbr/js/ipqs-us-east-pixel-0.1.2.js:0
[   14376ms] [WARNING] Canvas2D: Multiple readback operations using getImageData are faster with the willReadFrequently attribute set to true. See: https://html.spec.whatwg.org/multipage/canvas.html#concept-canvas-will-read-frequently @ https://s.yimg.com/wm/mbr/js/ipqs-us-east-pixel-0.1.2.js:0
[    3633ms] [WARNING] Unrecognized feature: 'document-domain'. @ https://s.yimg.com/wm/afe/ddc103b324419d63fba3b2f2267eeb3db825232ca33c12f58cb85115b1ec158b/_next/static/chunks/4bd1b696-df4c0fb946159b6a.js:0
[    3633ms] [WARNING] Unrecognized feature: 'speaker-selection'. @ https://s.yimg.com/wm/afe/ddc103b324419d63fba3b2f2267eeb3db825232ca33c12f58cb85115b1ec158b/_next/static/chunks/4bd1b696-df4c0fb946159b6a.js:0
[    3637ms] [WARNING] An iframe which has both allow-scripts and allow-same-origin for its sandbox attribute can escape its sandboxing. @ https://s.yimg.com/wm/afe/ddc103b324419d63fba3b2f2267eeb3db825232ca33c12f58cb85115b1ec158b/_next/static/chunks/4bd1b696-df4c0fb946159b6a.js:0
[    3642ms] [WARNING] An iframe which has both allow-scripts and allow-same-origin for its sandbox attribute can escape its sandboxing. @ https://s.yimg.com/wm/afe/ddc103b324419d63fba3b2f2267eeb3db825232ca33c12f58cb85115b1ec158b/_next/static/chunks/4bd1b696-df4c0fb946159b6a.js:0
[   13633ms] [WARNING] An iframe which has both allow-scripts and allow-same-origin for its sandbox attribute can escape its sandboxing. @ https://s.yimg.com/wm/afe/ddc103b324419d63fba3b2f2267eeb3db825232ca33c12f58cb85115b1ec158b/_next/static/chunks/4bd1b696-df4c0fb946159b6a.js:0
[   13643ms] [WARNING] An iframe which has both allow-scripts and allow-same-origin for its sandbox attribute can escape its sandboxing. @ https://s.yimg.com/wm/afe/ddc103b324419d63fba3b2f2267eeb3db825232ca33c12f58cb85115b1ec158b/_next/static/chunks/4bd1b696-df4c0fb946159b6a.js:0
[   14124ms] [WARNING] Canvas2D: Multiple readback operations using getImageData are faster with the willReadFrequently attribute set to true. See: https://html.spec.whatwg.org/multipage/canvas.html#concept-canvas-will-read-frequently @ https://s.yimg.com/wm/mbr/js/ipqs-us-east-pixel-0.1.2.js:0
[   14144ms] [WARNING] Canvas2D: Multiple readback operations using getImageData are faster with the willReadFrequently attribute set to true. See: https://html.spec.whatwg.org/multipage/canvas.html#concept-canvas-will-read-frequently @ https://s.yimg.com/wm/mbr/js/ipqs-us-east-pixel-0.1.2.js:0
[   14367ms] [WARNING] Canvas2D: Multiple readback operations using getImageData are faster with the willReadFrequently attribute set to true. See: https://html.spec.whatwg.org/multipage/canvas.html#concept-canvas-will-read-frequently @ https://s.yimg.com/wm/mbr/js/ipqs-us-east-pixel-0.1.2.js:0
[   14376ms] [WARNING] Canvas2D: Multiple readback operations using getImageData are faster with the willReadFrequently attribute set to true. See: https://html.spec.whatwg.org/multipage/canvas.html#concept-canvas-will-read-frequently @ https://s.yimg.com/wm/mbr/js/ipqs-us-east-pixel-0.1.2.js:0
[   15523ms] [ERROR] Attestation check for Shared Storage on https://www.googleadservices.com failed. @ https://www.googleadservices.com/pagead/managed/js/activeview/current/reach_worklet.html:0
[    3633ms] [WARNING] Unrecognized feature: 'document-domain'. @ https://s.yimg.com/wm/afe/ddc103b324419d63fba3b2f2267eeb3db825232ca33c12f58cb85115b1ec158b/_next/static/chunks/4bd1b696-df4c0fb946159b6a.js:0
[    3633ms] [WARNING] Unrecognized feature: 'speaker-selection'. @ https://s.yimg.com/wm/afe/ddc103b324419d63fba3b2f2267eeb3db825232ca33c12f58cb85115b1ec158b/_next/static/chunks/4bd1b696-df4c0fb946159b6a.js:0
[    3637ms] [WARNING] An iframe which has both allow-scripts and allow-same-origin for its sandbox attribute can escape its sandboxing. @ https://s.yimg.com/wm/afe/ddc103b324419d63fba3b2f2267eeb3db825232ca33c12f58cb85115b1ec158b/_next/static/chunks/4bd1b696-df4c0fb946159b6a.js:0
[    3642ms] [WARNING] An iframe which has both allow-scripts and allow-same-origin for its sandbox attribute can escape its sandboxing. @ https://s.yimg.com/wm/afe/ddc103b324419d63fba3b2f2267eeb3db825232ca33c12f58cb85115b1ec158b/_next/static/chunks/4bd1b696-df4c0fb946159b6a.js:0
[   13633ms] [WARNING] An iframe which has both allow-scripts and allow-same-origin for its sandbox attribute can escape its sandboxing. @ https://s.yimg.com/wm/afe/ddc103b324419d63fba3b2f2267eeb3db825232ca33c12f58cb85115b1ec158b/_next/static/chunks/4bd1b696-df4c0fb946159b6a.js:0
[   13643ms] [WARNING] An iframe which has both allow-scripts and allow-same-origin for its sandbox attribute can escape its sandboxing. @ https://s.yimg.com/wm/afe/ddc103b324419d63fba3b2f2267eeb3db825232ca33c12f58cb85115b1ec158b/_next/static/chunks/4bd1b696-df4c0fb946159b6a.js:0
[   14124ms] [WARNING] Canvas2D: Multiple readback operations using getImageData are faster with the willReadFrequently attribute set to true. See: https://html.spec.whatwg.org/multipage/canvas.html#concept-canvas-will-read-frequently @ https://s.yimg.com/wm/mbr/js/ipqs-us-east-pixel-0.1.2.js:0
[   14144ms] [WARNING] Canvas2D: Multiple readback operations using getImageData are faster with the willReadFrequently attribute set to true. See: https://html.spec.whatwg.org/multipage/canvas.html#concept-canvas-will-read-frequently @ https://s.yimg.com/wm/mbr/js/ipqs-us-east-pixel-0.1.2.js:0
[   14367ms] [WARNING] Canvas2D: Multiple readback operations using getImageData are faster with the willReadFrequently attribute set to true. See: https://html.spec.whatwg.org/multipage/canvas.html#concept-canvas-will-read-frequently @ https://s.yimg.com/wm/mbr/js/ipqs-us-east-pixel-0.1.2.js:0
[   14376ms] [WARNING] Canvas2D: Multiple readback operations using getImageData are faster with the willReadFrequently attribute set to true. See: https://html.spec.whatwg.org/multipage/canvas.html#concept-canvas-will-read-frequently @ https://s.yimg.com/wm/mbr/js/ipqs-us-east-pixel-0.1.2.js:0
[    3633ms] [WARNING] Unrecognized feature: 'document-domain'. @ https://s.yimg.com/wm/afe/ddc103b324419d63fba3b2f2267eeb3db825232ca33c12f58cb85115b1ec158b/_next/static/chunks/4bd1b696-df4c0fb946159b6a.js:0
[    3633ms] [WARNING] Unrecognized feature: 'speaker-selection'. @ https://s.yimg.com/wm/afe/ddc103b324419d63fba3b2f2267eeb3db825232ca33c12f58cb85115b1ec158b/_next/static/chunks/4bd1b696-df4c0fb946159b6a.js:0
[    3637ms] [WARNING] An iframe which has both allow-scripts and allow-same-origin for its sandbox attribute can escape its sandboxing. @ https://s.yimg.com/wm/afe/ddc103b324419d63fba3b2f2267eeb3db825232ca33c12f58cb85115b1ec158b/_next/static/chunks/4bd1b696-df4c0fb946159b6a.js:0
[    3642ms] [WARNING] An iframe which has both allow-scripts and allow-same-origin for its sandbox attribute can escape its sandboxing. @ https://s.yimg.com/wm/afe/ddc103b324419d63fba3b2f2267eeb3db825232ca33c12f58cb85115b1ec158b/_next/static/chunks/4bd1b696-df4c0fb946159b6a.js:0
[   13633ms] [WARNING] An iframe which has both allow-scripts and allow-same-origin for its sandbox attribute can escape its sandboxing. @ https://s.yimg.com/wm/afe/ddc103b324419d63fba3b2f2267eeb3db825232ca33c12f58cb85115b1ec158b/_next/static/chunks/4bd1b696-df4c0fb946159b6a.js:0
[   13643ms] [WARNING] An iframe which has both allow-scripts and allow-same-origin for its sandbox attribute can escape its sandboxing. @ https://s.yimg.com/wm/afe/ddc103b324419d63fba3b2f2267eeb3db825232ca33c12f58cb85115b1ec158b/_next/static/chunks/4bd1b696-df4c0fb946159b6a.js:0
[   14124ms] [WARNING] Canvas2D: Multiple readback operations using getImageData are faster with the willReadFrequently attribute set to true. See: https://html.spec.whatwg.org/multipage/canvas.html#concept-canvas-will-read-frequently @ https://s.yimg.com/wm/mbr/js/ipqs-us-east-pixel-0.1.2.js:0
[   14144ms] [WARNING] Canvas2D: Multiple readback operations using getImageData are faster with the willReadFrequently attribute set to true. See: https://html.spec.whatwg.org/multipage/canvas.html#concept-canvas-will-read-frequently @ https://s.yimg.com/wm/mbr/js/ipqs-us-east-pixel-0.1.2.js:0
[   14367ms] [WARNING] Canvas2D: Multiple readback operations using getImageData are faster with the willReadFrequently attribute set to true. See: https://html.spec.whatwg.org/multipage/canvas.html#concept-canvas-will-read-frequently @ https://s.yimg.com/wm/mbr/js/ipqs-us-east-pixel-0.1.2.js:0
[   14376ms] [WARNING] Canvas2D: Multiple readback operations using getImageData are faster with the willReadFrequently attribute set to true. See: https://html.spec.whatwg.org/multipage/canvas.html#concept-canvas-will-read-frequently @ https://s.yimg.com/wm/mbr/js/ipqs-us-east-pixel-0.1.2.js:0
[   27599ms] [WARNING] Canvas2D: Multiple readback operations using getImageData are faster with the willReadFrequently attribute set to true. See: https://html.spec.whatwg.org/multipage/canvas.html#concept-canvas-will-read-frequently @ https://s.yimg.com/wm/mbr/js/ipqs-us-east-pixel-0.1.2.js:0
[   27611ms] [WARNING] Canvas2D: Multiple readback operations using getImageData are faster with the willReadFrequently attribute set to true. See: https://html.spec.whatwg.org/multipage/canvas.html#concept-canvas-will-read-frequently @ https://s.yimg.com/wm/mbr/js/ipqs-us-east-pixel-0.1.2.js:0
[   29826ms] [WARNING] An iframe which has both allow-scripts and allow-same-origin for its sandbox attribute can escape its sandboxing. @ https://s.yimg.com/wm/afe/ddc103b324419d63fba3b2f2267eeb3db825232ca33c12f58cb85115b1ec158b/_next/static/chunks/4bd1b696-df4c0fb946159b6a.js:0
[   29836ms] [WARNING] An iframe which has both allow-scripts and allow-same-origin for its sandbox attribute can escape its sandboxing. @ https://s.yimg.com/wm/afe/ddc103b324419d63fba3b2f2267eeb3db825232ca33c12f58cb85115b1ec158b/_next/static/chunks/4bd1b696-df4c0fb946159b6a.js:0
[   29859ms] [WARNING] Analytics init() has already been called @ https://s.yimg.com/ss/analytics3.js:0
[   14000ms] [WARNING] Failed to execute 'write' on 'Document': It isn't possible to write into a document from an asynchronously-loaded external script unless it is explicitly opened. @ https://securepubads.g.doubleclick.net/tag/js/gpt.js:10
[   30034ms] [WARNING] Failed to execute 'write' on 'Document': It isn't possible to write into a document from an asynchronously-loaded external script unless it is explicitly opened. @ https://securepubads.g.doubleclick.net/tag/js/gpt.js:10
[    3633ms] [WARNING] Unrecognized feature: 'document-domain'. @ https://s.yimg.com/wm/afe/ddc103b324419d63fba3b2f2267eeb3db825232ca33c12f58cb85115b1ec158b/_next/static/chunks/4bd1b696-df4c0fb946159b6a.js:0
[    3633ms] [WARNING] Unrecognized feature: 'speaker-selection'. @ https://s.yimg.com/wm/afe/ddc103b324419d63fba3b2f2267eeb3db825232ca33c12f58cb85115b1ec158b/_next/static/chunks/4bd1b696-df4c0fb946159b6a.js:0
[    3637ms] [WARNING] An iframe which has both allow-scripts and allow-same-origin for its sandbox attribute can escape its sandboxing. @ https://s.yimg.com/wm/afe/ddc103b324419d63fba3b2f2267eeb3db825232ca33c12f58cb85115b1ec158b/_next/static/chunks/4bd1b696-df4c0fb946159b6a.js:0
[    3642ms] [WARNING] An iframe which has both allow-scripts and allow-same-origin for its sandbox attribute can escape its sandboxing. @ https://s.yimg.com/wm/afe/ddc103b324419d63fba3b2f2267eeb3db825232ca33c12f58cb85115b1ec158b/_next/static/chunks/4bd1b696-df4c0fb946159b6a.js:0
[   13633ms] [WARNING] An iframe which has both allow-scripts and allow-same-origin for its sandbox attribute can escape its sandboxing. @ https://s.yimg.com/wm/afe/ddc103b324419d63fba3b2f2267eeb3db825232ca33c12f58cb85115b1ec158b/_next/static/chunks/4bd1b696-df4c0fb946159b6a.js:0
[   13643ms] [WARNING] An iframe which has both allow-scripts and allow-same-origin for its sandbox attribute can escape its sandboxing. @ https://s.yimg.com/wm/afe/ddc103b324419d63fba3b2f2267eeb3db825232ca33c12f58cb85115b1ec158b/_next/static/chunks/4bd1b696-df4c0fb946159b6a.js:0
[   14124ms] [WARNING] Canvas2D: Multiple readback operations using getImageData are faster with the willReadFrequently attribute set to true. See: https://html.spec.whatwg.org/multipage/canvas.html#concept-canvas-will-read-frequently @ https://s.yimg.com/wm/mbr/js/ipqs-us-east-pixel-0.1.2.js:0
[   14144ms] [WARNING] Canvas2D: Multiple readback operations using getImageData are faster with the willReadFrequently attribute set to true. See: https://html.spec.whatwg.org/multipage/canvas.html#concept-canvas-will-read-frequently @ https://s.yimg.com/wm/mbr/js/ipqs-us-east-pixel-0.1.2.js:0
[   14367ms] [WARNING] Canvas2D: Multiple readback operations using getImageData are faster with the willReadFrequently attribute set to true. See: https://html.spec.whatwg.org/multipage/canvas.html#concept-canvas-will-read-frequently @ https://s.yimg.com/wm/mbr/js/ipqs-us-east-pixel-0.1.2.js:0
[   14376ms] [WARNING] Canvas2D: Multiple readback operations using getImageData are faster with the willReadFrequently attribute set to true. See: https://html.spec.whatwg.org/multipage/canvas.html#concept-canvas-will-read-frequently @ https://s.yimg.com/wm/mbr/js/ipqs-us-east-pixel-0.1.2.js:0
[   27599ms] [WARNING] Canvas2D: Multiple readback operations using getImageData are faster with the willReadFrequently attribute set to true. See: https://html.spec.whatwg.org/multipage/canvas.html#concept-canvas-will-read-frequently @ https://s.yimg.com/wm/mbr/js/ipqs-us-east-pixel-0.1.2.js:0
[   27611ms] [WARNING] Canvas2D: Multiple readback operations using getImageData are faster with the willReadFrequently attribute set to true. See: https://html.spec.whatwg.org/multipage/canvas.html#concept-canvas-will-read-frequently @ https://s.yimg.com/wm/mbr/js/ipqs-us-east-pixel-0.1.2.js:0
[   29826ms] [WARNING] An iframe which has both allow-scripts and allow-same-origin for its sandbox attribute can escape its sandboxing. @ https://s.yimg.com/wm/afe/ddc103b324419d63fba3b2f2267eeb3db825232ca33c12f58cb85115b1ec158b/_next/static/chunks/4bd1b696-df4c0fb946159b6a.js:0
[   29836ms] [WARNING] An iframe which has both allow-scripts and allow-same-origin for its sandbox attribute can escape its sandboxing. @ https://s.yimg.com/wm/afe/ddc103b324419d63fba3b2f2267eeb3db825232ca33c12f58cb85115b1ec158b/_next/static/chunks/4bd1b696-df4c0fb946159b6a.js:0
[   30761ms] [ERROR] Attestation check for Shared Storage on https://www.googleadservices.com failed. @ https://www.googleadservices.com/pagead/managed/js/activeview/current/reach_worklet.html:0
