[     132ms] [LOG] [Fast Refresh] rebuilding @ http://localhost:3100/_next/static/chunks/node_modules_next_dist_client_cf1d9188._.js:5956
[     146ms] [LOG] [Fast Refresh] done in 116ms @ http://localhost:3100/_next/static/chunks/node_modules_next_dist_client_cf1d9188._.js:5816
[     359ms] [INFO] %cDownload the React DevTools for a better development experience: https://react.dev/link/react-devtools font-weight:bold @ http://localhost:3100/_next/static/chunks/node_modules_next_dist_compiled_react-dom_1e674e59._.js:14537
[     411ms] [INFO] 🌐 i18next is made possible by our own product, Locize — consider powering your project with managed localization (AI, CDN, integrations): https://locize.com 💙 @ http://localhost:3100/_next/static/chunks/node_modules_5dfc3838._.js:3250
[     650ms] [ERROR] Failed to load resource: the server responded with a status of 500 (Internal Server Error) @ http://localhost:3100/favicon.ico:0
[     672ms] [LOG] [API] GET /vendors/categories - 200 (167ms) @ http://localhost:3100/_next/static/chunks/_15479c69._.js:719
[     674ms] [LOG] [API] GET /locations/regions - 200 (168ms) @ http://localhost:3100/_next/static/chunks/_15479c69._.js:719
[     692ms] [LOG] [API] GET /locations/cities/1 - 200 (187ms) @ http://localhost:3100/_next/static/chunks/_15479c69._.js:719
[    1526ms] [LOG] [API] GET /vendors/public - 200 (1020ms) @ http://localhost:3100/_next/static/chunks/_15479c69._.js:719
[    2697ms] [ERROR] Failed to load resource: the server responded with a status of 404 (Not Found) @ http://localhost:3100/_next/image?url=https%3A%2F%2Fexample.com%2Fportfolio1.jpg&w=384&q=75:0
[    5715ms] [WARNING] The resource http://localhost:3100/_next/static/chunks/%5Broot-of-the-server%5D__ad960bb7._.css was preloaded using link preload but not used within a few seconds from the window's load event. Please make sure it has an appropriate `as` value and it is preloaded intentionally. @ http://localhost:3100/ar/market-place?regionId=1:0
[   13148ms] [WARNING] The resource http://localhost:3100/_next/static/chunks/%5Broot-of-the-server%5D__ad960bb7._.css was preloaded using link preload but not used within a few seconds from the window's load event. Please make sure it has an appropriate `as` value and it is preloaded intentionally. @ http://localhost:3100/ar/market-place?regionId=1:0
[   78659ms] [WARNING] The resource http://localhost:3100/_next/static/chunks/%5Broot-of-the-server%5D__ad960bb7._.css was preloaded using link preload but not used within a few seconds from the window's load event. Please make sure it has an appropriate `as` value and it is preloaded intentionally. @ http://localhost:3100/ar/market-place?regionId=1:0
[   78987ms] [INFO] %cDownload the React DevTools for a better development experience: https://react.dev/link/react-devtools font-weight:bold @ http://localhost:3100/_next/static/chunks/node_modules_next_dist_compiled_react-dom_1e674e59._.js:14537
[   79022ms] [INFO] 🌐 i18next is made possible by our own product, Locize — consider powering your project with managed localization (AI, CDN, integrations): https://locize.com 💙 @ http://localhost:3100/_next/static/chunks/node_modules_5dfc3838._.js:3250
[   79092ms] [LOG] [API] GET /vendors/categories - 200 (24ms) @ http://localhost:3100/_next/static/chunks/_15479c69._.js:719
[   79107ms] [LOG] [API] GET /locations/regions - 200 (39ms) @ http://localhost:3100/_next/static/chunks/_15479c69._.js:719
[   79111ms] [LOG] [API] GET /locations/cities/1 - 200 (43ms) @ http://localhost:3100/_next/static/chunks/_15479c69._.js:719
[   79192ms] [LOG] [Fast Refresh] rebuilding @ http://localhost:3100/_next/static/chunks/node_modules_next_dist_client_cf1d9188._.js:5956
[   79205ms] [LOG] [Fast Refresh] done in 121ms @ http://localhost:3100/_next/static/chunks/node_modules_next_dist_client_cf1d9188._.js:5816
[   79270ms] [ERROR] Failed to load resource: the server responded with a status of 500 (Internal Server Error) @ http://localhost:3100/favicon.ico:0
[   80653ms] [LOG] [API] GET /vendors/public - 200 (1586ms) @ http://localhost:3100/_next/static/chunks/_15479c69._.js:719
[   81158ms] [ERROR] Failed to load resource: the server responded with a status of 404 (Not Found) @ http://localhost:3100/_next/image?url=https%3A%2F%2Fexample.com%2Fportfolio1.jpg&w=384&q=75:0
[   84121ms] [WARNING] Detected `scroll-behavior: smooth` on the `<html>` element. In a future version, Next.js will no longer automatically disable smooth scrolling during route transitions. To prepare for this change, add `data-scroll-behavior="smooth"` to your <html> element. Learn more: https://nextjs.org/docs/messages/missing-data-scroll-behavior @ http://localhost:3100/_next/static/chunks/node_modules_next_dist_b0daae9a._.js:1014
[   84223ms] [LOG] [Fast Refresh] rebuilding @ http://localhost:3100/_next/static/chunks/node_modules_next_dist_client_cf1d9188._.js:5956
[   84268ms] [LOG] [Fast Refresh] done in 152ms @ http://localhost:3100/_next/static/chunks/node_modules_next_dist_client_cf1d9188._.js:5816
[   84334ms] [ERROR] Failed to load resource: the server responded with a status of 500 (Internal Server Error) @ http://localhost:3100/favicon.ico:0
[   84455ms] [ERROR] Failed to load resource: the server responded with a status of 404 (Not Found) @ http://localhost:3100/_next/image?url=https%3A%2F%2Fexample.com%2Fportfolio1.jpg&w=1920&q=75:0
[   84666ms] [ERROR] Failed to load resource: the server responded with a status of 404 (Not Found) @ http://localhost:3100/_next/image?url=https%3A%2F%2Fexample.com%2Fportfolio2.jpg&w=384&q=75:0
[   84673ms] [ERROR] Failed to load resource: the server responded with a status of 404 (Not Found) @ http://localhost:3100/_next/image?url=https%3A%2F%2Fexample.com%2Fportfolio1.jpg&w=640&q=75:0
[   88372ms] [WARNING] The resource http://localhost:3100/_next/static/chunks/%5Broot-of-the-server%5D__ad960bb7._.css was preloaded using link preload but not used within a few seconds from the window's load event. Please make sure it has an appropriate `as` value and it is preloaded intentionally. @ http://localhost:3100/ar/market-place/vendors/6a242e4b3002caa95e9e5edb:0
[  292424ms] [LOG] [Fast Refresh] rebuilding @ http://localhost:3100/_next/static/chunks/node_modules_next_dist_client_cf1d9188._.js:5956
[  292437ms] [LOG] [Fast Refresh] done in 70ms @ http://localhost:3100/_next/static/chunks/node_modules_next_dist_client_cf1d9188._.js:5816
[  303723ms] [LOG] [Fast Refresh] rebuilding @ http://localhost:3100/_next/static/chunks/node_modules_next_dist_client_cf1d9188._.js:5956
[  303750ms] [LOG] [Fast Refresh] done in 24ms @ http://localhost:3100/_next/static/chunks/node_modules_next_dist_client_cf1d9188._.js:5816
[  315835ms] [LOG] [Fast Refresh] rebuilding @ http://localhost:3100/_next/static/chunks/node_modules_next_dist_client_cf1d9188._.js:5956
[  315849ms] [LOG] [Fast Refresh] done in 54ms @ http://localhost:3100/_next/static/chunks/node_modules_next_dist_client_cf1d9188._.js:5816
[  336464ms] [LOG] [Fast Refresh] rebuilding @ http://localhost:3100/_next/static/chunks/node_modules_next_dist_client_cf1d9188._.js:5956
[  336498ms] [LOG] [Fast Refresh] done in 17ms @ http://localhost:3100/_next/static/chunks/node_modules_next_dist_client_cf1d9188._.js:5816
[  339479ms] [WARNING] The resource http://localhost:3100/_next/static/chunks/%5Broot-of-the-server%5D__ad960bb7._.css was preloaded using link preload but not used within a few seconds from the window's load event. Please make sure it has an appropriate `as` value and it is preloaded intentionally. @ http://localhost:3100/ar/market-place/vendors/6a242e4b3002caa95e9e5edb:0
[  353329ms] [LOG] [Fast Refresh] rebuilding @ http://localhost:3100/_next/static/chunks/node_modules_next_dist_client_cf1d9188._.js:5956
[  353345ms] [LOG] [Fast Refresh] done in 34ms @ http://localhost:3100/_next/static/chunks/node_modules_next_dist_client_cf1d9188._.js:5816
[  356344ms] [WARNING] The resource http://localhost:3100/_next/static/chunks/%5Broot-of-the-server%5D__ad960bb7._.css was preloaded using link preload but not used within a few seconds from the window's load event. Please make sure it has an appropriate `as` value and it is preloaded intentionally. @ http://localhost:3100/ar/market-place/vendors/6a242e4b3002caa95e9e5edb:0
[  367326ms] [LOG] [Fast Refresh] rebuilding @ http://localhost:3100/_next/static/chunks/node_modules_next_dist_client_cf1d9188._.js:5956
[  367362ms] [LOG] [Fast Refresh] done in 15ms @ http://localhost:3100/_next/static/chunks/node_modules_next_dist_client_cf1d9188._.js:5816
[  370342ms] [WARNING] The resource http://localhost:3100/_next/static/chunks/%5Broot-of-the-server%5D__ad960bb7._.css was preloaded using link preload but not used within a few seconds from the window's load event. Please make sure it has an appropriate `as` value and it is preloaded intentionally. @ http://localhost:3100/ar/market-place/vendors/6a242e4b3002caa95e9e5edb:0
[  382727ms] [LOG] [Fast Refresh] rebuilding @ http://localhost:3100/_next/static/chunks/node_modules_next_dist_client_cf1d9188._.js:5956
[  382760ms] [LOG] [Fast Refresh] done in 36ms @ http://localhost:3100/_next/static/chunks/node_modules_next_dist_client_cf1d9188._.js:5816
[  393127ms] [LOG] [Fast Refresh] rebuilding @ http://localhost:3100/_next/static/chunks/node_modules_next_dist_client_cf1d9188._.js:5956
[  393142ms] [LOG] [Fast Refresh] done in 36ms @ http://localhost:3100/_next/static/chunks/node_modules_next_dist_client_cf1d9188._.js:5816
[  406610ms] [LOG] [Fast Refresh] rebuilding @ http://localhost:3100/_next/static/chunks/node_modules_next_dist_client_cf1d9188._.js:5956
[  406625ms] [LOG] [Fast Refresh] done in 54ms @ http://localhost:3100/_next/static/chunks/node_modules_next_dist_client_cf1d9188._.js:5816
[  439287ms] [LOG] [Fast Refresh] rebuilding @ http://localhost:3100/_next/static/chunks/node_modules_next_dist_client_cf1d9188._.js:5956
[  439320ms] [LOG] [Fast Refresh] done in 19ms @ http://localhost:3100/_next/static/chunks/node_modules_next_dist_client_cf1d9188._.js:5816
[  442301ms] [WARNING] The resource http://localhost:3100/_next/static/chunks/%5Broot-of-the-server%5D__ad960bb7._.css was preloaded using link preload but not used within a few seconds from the window's load event. Please make sure it has an appropriate `as` value and it is preloaded intentionally. @ http://localhost:3100/ar/market-place/vendors/6a242e4b3002caa95e9e5edb:0
[  451850ms] [LOG] [Fast Refresh] rebuilding @ http://localhost:3100/_next/static/chunks/node_modules_next_dist_client_cf1d9188._.js:5956
[  451886ms] [LOG] [Fast Refresh] done in 33ms @ http://localhost:3100/_next/static/chunks/node_modules_next_dist_client_cf1d9188._.js:5816
[  454869ms] [WARNING] The resource http://localhost:3100/_next/static/chunks/%5Broot-of-the-server%5D__ad960bb7._.css was preloaded using link preload but not used within a few seconds from the window's load event. Please make sure it has an appropriate `as` value and it is preloaded intentionally. @ http://localhost:3100/ar/market-place/vendors/6a242e4b3002caa95e9e5edb:0
[  545776ms] [LOG] [Fast Refresh] rebuilding @ http://localhost:3100/_next/static/chunks/node_modules_next_dist_client_cf1d9188._.js:5956
[  545808ms] [LOG] [Fast Refresh] done in 38ms @ http://localhost:3100/_next/static/chunks/node_modules_next_dist_client_cf1d9188._.js:5816
[  563642ms] [LOG] [Fast Refresh] rebuilding @ http://localhost:3100/_next/static/chunks/node_modules_next_dist_client_cf1d9188._.js:5956
[  563674ms] [LOG] [Fast Refresh] done in 35ms @ http://localhost:3100/_next/static/chunks/node_modules_next_dist_client_cf1d9188._.js:5816
[  676056ms] [LOG] [Fast Refresh] rebuilding @ http://localhost:3100/_next/static/chunks/node_modules_next_dist_client_cf1d9188._.js:5956
[  676069ms] [ERROR] [Turbopack HMR] Expected module to match pattern: [project]/labbe/localization/locales/ar/marketplace.json (json) @ http://localhost:3100/_next/static/chunks/node_modules_next_dist_b0daae9a._.js:2405
[  676135ms] [LOG] [Fast Refresh] done in 23ms @ http://localhost:3100/_next/static/chunks/node_modules_next_dist_client_cf1d9188._.js:5816
[  676243ms] [LOG] [Fast Refresh] rebuilding @ http://localhost:3100/_next/static/chunks/node_modules_next_dist_client_cf1d9188._.js:5956
[  676401ms] [LOG] [Fast Refresh] done in 262ms @ http://localhost:3100/_next/static/chunks/node_modules_next_dist_client_cf1d9188._.js:5816
[  679943ms] [WARNING] The resource http://localhost:3100/_next/static/chunks/%5Broot-of-the-server%5D__ad960bb7._.css was preloaded using link preload but not used within a few seconds from the window's load event. Please make sure it has an appropriate `as` value and it is preloaded intentionally. @ http://localhost:3100/ar/market-place/vendors/6a242e4b3002caa95e9e5edb:0
[  687242ms] [LOG] [Fast Refresh] rebuilding @ http://localhost:3100/_next/static/chunks/node_modules_next_dist_client_cf1d9188._.js:5956
[  687264ms] [ERROR] [Turbopack HMR] Expected module to match pattern: [project]/labbe/localization/locales/en/marketplace.json (json) @ http://localhost:3100/_next/static/chunks/node_modules_next_dist_b0daae9a._.js:2405
[  687350ms] [LOG] [Fast Refresh] done in 38ms @ http://localhost:3100/_next/static/chunks/node_modules_next_dist_client_cf1d9188._.js:5816
[  687542ms] [LOG] [Fast Refresh] rebuilding @ http://localhost:3100/_next/static/chunks/node_modules_next_dist_client_cf1d9188._.js:5956
[  687702ms] [LOG] [Fast Refresh] done in 273ms @ http://localhost:3100/_next/static/chunks/node_modules_next_dist_client_cf1d9188._.js:5816
[  688144ms] [LOG] [Fast Refresh] rebuilding @ http://localhost:3100/_next/static/chunks/node_modules_next_dist_client_cf1d9188._.js:5956
[  688155ms] [LOG] [Fast Refresh] done in 114ms @ http://localhost:3100/_next/static/chunks/node_modules_next_dist_client_cf1d9188._.js:5816
[  691243ms] [WARNING] The resource http://localhost:3100/_next/static/chunks/%5Broot-of-the-server%5D__ad960bb7._.css was preloaded using link preload but not used within a few seconds from the window's load event. Please make sure it has an appropriate `as` value and it is preloaded intentionally. @ http://localhost:3100/ar/market-place/vendors/6a242e4b3002caa95e9e5edb:0
[  768807ms] [LOG] [Fast Refresh] rebuilding @ http://localhost:3100/_next/static/chunks/node_modules_next_dist_client_cf1d9188._.js:5956
[  768834ms] [LOG] [Fast Refresh] done in 42ms @ http://localhost:3100/_next/static/chunks/node_modules_next_dist_client_cf1d9188._.js:5816
[  771832ms] [WARNING] The resource http://localhost:3100/_next/static/chunks/%5Broot-of-the-server%5D__ad960bb7._.css was preloaded using link preload but not used within a few seconds from the window's load event. Please make sure it has an appropriate `as` value and it is preloaded intentionally. @ http://localhost:3100/ar/market-place/vendors/6a242e4b3002caa95e9e5edb:0
[  784946ms] [LOG] [Fast Refresh] rebuilding @ http://localhost:3100/_next/static/chunks/node_modules_next_dist_client_cf1d9188._.js:5956
[  784985ms] [LOG] [Fast Refresh] done in 31ms @ http://localhost:3100/_next/static/chunks/node_modules_next_dist_client_cf1d9188._.js:5816
[  787964ms] [WARNING] The resource http://localhost:3100/_next/static/chunks/%5Broot-of-the-server%5D__ad960bb7._.css was preloaded using link preload but not used within a few seconds from the window's load event. Please make sure it has an appropriate `as` value and it is preloaded intentionally. @ http://localhost:3100/ar/market-place/vendors/6a242e4b3002caa95e9e5edb:0
[  835912ms] [LOG] [Fast Refresh] rebuilding @ http://localhost:3100/_next/static/chunks/node_modules_next_dist_client_cf1d9188._.js:5956
[  835946ms] [LOG] [Fast Refresh] done in 34ms @ http://localhost:3100/_next/static/chunks/node_modules_next_dist_client_cf1d9188._.js:5816
[  838926ms] [WARNING] The resource http://localhost:3100/_next/static/chunks/%5Broot-of-the-server%5D__ad960bb7._.css was preloaded using link preload but not used within a few seconds from the window's load event. Please make sure it has an appropriate `as` value and it is preloaded intentionally. @ http://localhost:3100/ar/market-place/vendors/6a242e4b3002caa95e9e5edb:0
[  858863ms] [LOG] [Fast Refresh] rebuilding @ http://localhost:3100/_next/static/chunks/node_modules_next_dist_client_cf1d9188._.js:5956
[  858893ms] [LOG] [Fast Refresh] done in 38ms @ http://localhost:3100/_next/static/chunks/node_modules_next_dist_client_cf1d9188._.js:5816
[  861890ms] [WARNING] The resource http://localhost:3100/_next/static/chunks/%5Broot-of-the-server%5D__ad960bb7._.css was preloaded using link preload but not used within a few seconds from the window's load event. Please make sure it has an appropriate `as` value and it is preloaded intentionally. @ http://localhost:3100/ar/market-place/vendors/6a242e4b3002caa95e9e5edb:0
[  871190ms] [LOG] [Fast Refresh] rebuilding @ http://localhost:3100/_next/static/chunks/node_modules_next_dist_client_cf1d9188._.js:5956
[  871223ms] [LOG] [Fast Refresh] done in 33ms @ http://localhost:3100/_next/static/chunks/node_modules_next_dist_client_cf1d9188._.js:5816
[  874207ms] [WARNING] The resource http://localhost:3100/_next/static/chunks/%5Broot-of-the-server%5D__ad960bb7._.css was preloaded using link preload but not used within a few seconds from the window's load event. Please make sure it has an appropriate `as` value and it is preloaded intentionally. @ http://localhost:3100/ar/market-place/vendors/6a242e4b3002caa95e9e5edb:0
[  885538ms] [LOG] [Fast Refresh] rebuilding @ http://localhost:3100/_next/static/chunks/node_modules_next_dist_client_cf1d9188._.js:5956
[  885572ms] [LOG] [Fast Refresh] done in 17ms @ http://localhost:3100/_next/static/chunks/node_modules_next_dist_client_cf1d9188._.js:5816
[  888554ms] [WARNING] The resource http://localhost:3100/_next/static/chunks/%5Broot-of-the-server%5D__ad960bb7._.css was preloaded using link preload but not used within a few seconds from the window's load event. Please make sure it has an appropriate `as` value and it is preloaded intentionally. @ http://localhost:3100/ar/market-place/vendors/6a242e4b3002caa95e9e5edb:0
[  896887ms] [LOG] [Fast Refresh] rebuilding @ http://localhost:3100/_next/static/chunks/node_modules_next_dist_client_cf1d9188._.js:5956
[  896922ms] [LOG] [Fast Refresh] done in 16ms @ http://localhost:3100/_next/static/chunks/node_modules_next_dist_client_cf1d9188._.js:5816
[  899920ms] [WARNING] The resource http://localhost:3100/_next/static/chunks/%5Broot-of-the-server%5D__ad960bb7._.css was preloaded using link preload but not used within a few seconds from the window's load event. Please make sure it has an appropriate `as` value and it is preloaded intentionally. @ http://localhost:3100/ar/market-place/vendors/6a242e4b3002caa95e9e5edb:0
