[     158ms] [LOG] [Fast Refresh] rebuilding @ http://localhost:3000/_next/static/chunks/node_modules_next_dist_client_cf1d9188._.js:5956
[     206ms] [LOG] [Fast Refresh] done in 152ms @ http://localhost:3000/_next/static/chunks/node_modules_next_dist_client_cf1d9188._.js:5816
[     389ms] [INFO] %cDownload the React DevTools for a better development experience: https://react.dev/link/react-devtools font-weight:bold @ http://localhost:3000/_next/static/chunks/node_modules_next_dist_compiled_react-dom_1e674e59._.js:14537
[     436ms] [INFO] 🌐 i18next is made possible by our own product, Locize — consider powering your project with managed localization (AI, CDN, integrations): https://locize.com 💙 @ http://localhost:3000/_next/static/chunks/node_modules_5dfc3838._.js:3250
[     511ms] [LOG] [API] POST /auth/logout - 200 (16ms) @ http://localhost:3000/_next/static/chunks/_711775fa._.js:2469
[     609ms] [LOG] [Fast Refresh] rebuilding @ http://localhost:3000/_next/static/chunks/node_modules_next_dist_client_cf1d9188._.js:5956
[     620ms] [LOG] [Fast Refresh] done in 118ms @ http://localhost:3000/_next/static/chunks/node_modules_next_dist_client_cf1d9188._.js:5816
[     685ms] [ERROR] Failed to load resource: the server responded with a status of 500 (Internal Server Error) @ http://localhost:3000/favicon.ico:0
[    3542ms] [WARNING] Image with src "/login/2.png" was detected as the Largest Contentful Paint (LCP). Please add the "priority" property if this image is above the fold.
Read more: https://nextjs.org/docs/api-reference/next/image#priority @ http://localhost:3000/_next/static/chunks/node_modules_next_dist_b0daae9a._.js:1014
[    8458ms] [WARNING] Form submission canceled because the form is not connected @ http://localhost:3000/ar/login:0
[    8558ms] [VERBOSE] [DOM] Input elements should have autocomplete attributes (suggested: "current-password"): (More info: https://goo.gl/9p2vKq) %o @ http://localhost:3000/ar/login:0
[   27487ms] [WARNING] The resource http://localhost:3000/_next/static/chunks/%5Broot-of-the-server%5D__ad960bb7._.css was preloaded using link preload but not used within a few seconds from the window's load event. Please make sure it has an appropriate `as` value and it is preloaded intentionally. @ http://localhost:3000/ar/login:0
[   32717ms] [LOG] [API] POST /auth/login - 200 (501ms) @ http://localhost:3000/_next/static/chunks/_711775fa._.js:2469
[   32856ms] [LOG] [Fast Refresh] rebuilding @ http://localhost:3000/_next/static/chunks/node_modules_next_dist_client_cf1d9188._.js:5956
[   32865ms] [LOG] [Fast Refresh] done in 113ms @ http://localhost:3000/_next/static/chunks/node_modules_next_dist_client_cf1d9188._.js:5816
[   33350ms] [INFO] %cDownload the React DevTools for a better development experience: https://react.dev/link/react-devtools font-weight:bold @ http://localhost:3000/_next/static/chunks/node_modules_next_dist_compiled_react-dom_1e674e59._.js:14537
[   33372ms] [LOG] %c%s%c [API] GET /dashboard/host - 200 (387ms) background: #e6e6e6;background: light-dark(rgba(0,0,0,0.1), rgba(255,255,255,0.25));color: #000000;color: light-dark(#000000, #ffffff);border-radius: 2px  Server   @ about://React/Server/D:%5Challa%5Clabbe%5C.next%5Cserver%5Cchunks%5Cssr%5C%5Broot-of-the-server%5D__7d3e9836._.js?7:764
[   33437ms] [INFO] 🌐 i18next is made possible by our own product, Locize — consider powering your project with managed localization (AI, CDN, integrations): https://locize.com 💙 @ http://localhost:3000/_next/static/chunks/node_modules_5dfc3838._.js:3250
[   33604ms] [LOG] [API] GET /template-categories - 200 (88ms) @ http://localhost:3000/_next/static/chunks/_4ce6cd05._.js:2132
[   33655ms] [ERROR] Failed to load resource: the server responded with a status of 500 (Internal Server Error) @ http://localhost:3000/favicon.ico:0
[   33728ms] [LOG] [API] GET /notifications/unread-count - 200 (211ms) @ http://localhost:3000/_next/static/chunks/_4ce6cd05._.js:2132
[   33878ms] [LOG] [API] GET /templates - 200 (361ms) @ http://localhost:3000/_next/static/chunks/_4ce6cd05._.js:2132
[   36904ms] [WARNING] The resource http://localhost:3000/_next/static/chunks/%5Broot-of-the-server%5D__ad960bb7._.css was preloaded using link preload but not used within a few seconds from the window's load event. Please make sure it has an appropriate `as` value and it is preloaded intentionally. @ http://localhost:3000/ar/host:0
[   42489ms] [WARNING] Image with src "https://hallamangement.s3.eu-north-1.amazonaws.com/templates/seed-w2/thumb-1778078950130-conference.jpg.webp" was detected as the Largest Contentful Paint (LCP). Please add the "priority" property if this image is above the fold.
Read more: https://nextjs.org/docs/api-reference/next/image#priority @ http://localhost:3000/_next/static/chunks/node_modules_next_dist_b0daae9a._.js:1014
[   45325ms] [WARNING] The resource http://localhost:3000/_next/static/chunks/%5Broot-of-the-server%5D__ad960bb7._.css was preloaded using link preload but not used within a few seconds from the window's load event. Please make sure it has an appropriate `as` value and it is preloaded intentionally. @ http://localhost:3000/ar/host:0
[   63948ms] [LOG] [API] GET /notifications/unread-count - 200 (212ms) @ http://localhost:3000/_next/static/chunks/_4ce6cd05._.js:2132
[   66960ms] [WARNING] The resource http://localhost:3000/_next/static/chunks/%5Broot-of-the-server%5D__ad960bb7._.css was preloaded using link preload but not used within a few seconds from the window's load event. Please make sure it has an appropriate `as` value and it is preloaded intentionally. @ http://localhost:3000/ar/host:0
[   94173ms] [LOG] [API] GET /notifications/unread-count - 200 (209ms) @ http://localhost:3000/_next/static/chunks/_4ce6cd05._.js:2132
[   97186ms] [WARNING] The resource http://localhost:3000/_next/static/chunks/%5Broot-of-the-server%5D__ad960bb7._.css was preloaded using link preload but not used within a few seconds from the window's load event. Please make sure it has an appropriate `as` value and it is preloaded intentionally. @ http://localhost:3000/ar/host:0
[  124394ms] [LOG] [API] GET /notifications/unread-count - 200 (206ms) @ http://localhost:3000/_next/static/chunks/_4ce6cd05._.js:2132
[  127396ms] [WARNING] The resource http://localhost:3000/_next/static/chunks/%5Broot-of-the-server%5D__ad960bb7._.css was preloaded using link preload but not used within a few seconds from the window's load event. Please make sure it has an appropriate `as` value and it is preloaded intentionally. @ http://localhost:3000/ar/host:0
[  147210ms] [LOG] [Fast Refresh] rebuilding @ http://localhost:3000/_next/static/chunks/node_modules_next_dist_client_cf1d9188._.js:5956
[  147580ms] [LOG] [Fast Refresh] done in 473ms @ http://localhost:3000/_next/static/chunks/node_modules_next_dist_client_cf1d9188._.js:5816
[  147694ms] [LOG] [Fast Refresh] rebuilding @ http://localhost:3000/_next/static/chunks/node_modules_next_dist_client_cf1d9188._.js:5956
[  147694ms] [LOG] [Fast Refresh] done in 113ms @ http://localhost:3000/_next/static/chunks/node_modules_next_dist_client_cf1d9188._.js:5816
[  148608ms] [LOG] %c%s%c [API] GET /events/stats - 200 (216ms) background: #e6e6e6;background: light-dark(rgba(0,0,0,0.1), rgba(255,255,255,0.25));color: #000000;color: light-dark(#000000, #ffffff);border-radius: 2px  Server   @ about://React/Server/D:%5Challa%5Clabbe%5C.next%5Cserver%5Cchunks%5Cssr%5C%5Broot-of-the-server%5D__7d3e9836._.js?7:764
[  148608ms] [LOG] %c%s%c [API] GET /events/my-events - 200 (344ms) background: #e6e6e6;background: light-dark(rgba(0,0,0,0.1), rgba(255,255,255,0.25));color: #000000;color: light-dark(#000000, #ffffff);border-radius: 2px  Server   @ about://React/Server/D:%5Challa%5Clabbe%5C.next%5Cserver%5Cchunks%5Cssr%5C%5Broot-of-the-server%5D__7d3e9836._.js?7:764
[  148742ms] [WARNING] Detected `scroll-behavior: smooth` on the `<html>` element. In a future version, Next.js will no longer automatically disable smooth scrolling during route transitions. To prepare for this change, add `data-scroll-behavior="smooth"` to your <html> element. Learn more: https://nextjs.org/docs/messages/missing-data-scroll-behavior @ http://localhost:3000/_next/static/chunks/node_modules_next_dist_b0daae9a._.js:1014
[  148977ms] [ERROR] Failed to load resource: the server responded with a status of 500 (Internal Server Error) @ http://localhost:3000/favicon.ico:0
[  152009ms] [WARNING] The resource http://localhost:3000/_next/static/chunks/%5Broot-of-the-server%5D__ad960bb7._.css was preloaded using link preload but not used within a few seconds from the window's load event. Please make sure it has an appropriate `as` value and it is preloaded intentionally. @ http://localhost:3000/ar/host/events:0
[  152009ms] [WARNING] The resource http://localhost:3000/_next/static/media/18165c2c9bd6a371-s.p.70a6c15c.woff2 was preloaded using link preload but not used within a few seconds from the window's load event. Please make sure it has an appropriate `as` value and it is preloaded intentionally. @ http://localhost:3000/ar/host/events:0
[  152009ms] [WARNING] The resource http://localhost:3000/_next/static/media/f48d461c03e0a8ec-s.p.4f85faee.woff2 was preloaded using link preload but not used within a few seconds from the window's load event. Please make sure it has an appropriate `as` value and it is preloaded intentionally. @ http://localhost:3000/ar/host/events:0
[  152009ms] [WARNING] The resource http://localhost:3000/_next/static/media/e7b64a7fde1a3d32-s.p.c2772084.woff2 was preloaded using link preload but not used within a few seconds from the window's load event. Please make sure it has an appropriate `as` value and it is preloaded intentionally. @ http://localhost:3000/ar/host/events:0
[  152009ms] [WARNING] The resource http://localhost:3000/_next/static/media/3c37948f7e3aafda-s.p.8458e040.woff2 was preloaded using link preload but not used within a few seconds from the window's load event. Please make sure it has an appropriate `as` value and it is preloaded intentionally. @ http://localhost:3000/ar/host/events:0
[  152009ms] [WARNING] The resource http://localhost:3000/_next/static/media/f0e0669539caf32a-s.p.e7ea314c.woff2 was preloaded using link preload but not used within a few seconds from the window's load event. Please make sure it has an appropriate `as` value and it is preloaded intentionally. @ http://localhost:3000/ar/host/events:0
[  152009ms] [WARNING] The resource http://localhost:3000/_next/static/media/1d2cc0c079997359-s.p.3e57c327.woff2 was preloaded using link preload but not used within a few seconds from the window's load event. Please make sure it has an appropriate `as` value and it is preloaded intentionally. @ http://localhost:3000/ar/host/events:0
[  152009ms] [WARNING] The resource http://localhost:3000/_next/static/media/3a179c97f46f8d27-s.p.9dba6c5c.woff2 was preloaded using link preload but not used within a few seconds from the window's load event. Please make sure it has an appropriate `as` value and it is preloaded intentionally. @ http://localhost:3000/ar/host/events:0
[  152009ms] [WARNING] The resource http://localhost:3000/_next/static/media/d41831e24743a3c1-s.p.ae65d18e.woff2 was preloaded using link preload but not used within a few seconds from the window's load event. Please make sure it has an appropriate `as` value and it is preloaded intentionally. @ http://localhost:3000/ar/host/events:0
[  152009ms] [WARNING] The resource http://localhost:3000/_next/static/media/a11ec078145f8b0e-s.p.6f712cad.woff2 was preloaded using link preload but not used within a few seconds from the window's load event. Please make sure it has an appropriate `as` value and it is preloaded intentionally. @ http://localhost:3000/ar/host/events:0
[  153310ms] [LOG] [Fast Refresh] rebuilding @ http://localhost:3000/_next/static/chunks/node_modules_next_dist_client_cf1d9188._.js:5956
[  153626ms] [LOG] [Fast Refresh] done in 426ms @ http://localhost:3000/_next/static/chunks/node_modules_next_dist_client_cf1d9188._.js:5816
[  154158ms] [LOG] [Fast Refresh] rebuilding @ http://localhost:3000/_next/static/chunks/node_modules_next_dist_client_cf1d9188._.js:5956
[  154229ms] [LOG] [Fast Refresh] done in 183ms @ http://localhost:3000/_next/static/chunks/node_modules_next_dist_client_cf1d9188._.js:5816
[  154323ms] [ERROR] Failed to load resource: the server responded with a status of 500 (Internal Server Error) @ http://localhost:3000/favicon.ico:0
[  154378ms] [LOG] [API] GET /subscriptions/payments - 200 (305ms) @ http://localhost:3000/_next/static/chunks/_4ce6cd05._.js:2132
[  154898ms] [LOG] [API] GET /notifications/unread-count - 200 (498ms) @ http://localhost:3000/_next/static/chunks/_4ce6cd05._.js:2132
[  157908ms] [WARNING] The resource http://localhost:3000/_next/static/chunks/%5Broot-of-the-server%5D__ad960bb7._.css was preloaded using link preload but not used within a few seconds from the window's load event. Please make sure it has an appropriate `as` value and it is preloaded intentionally. @ http://localhost:3000/ar/host/payments:0
[  157908ms] [WARNING] The resource http://localhost:3000/_next/static/media/18165c2c9bd6a371-s.p.70a6c15c.woff2 was preloaded using link preload but not used within a few seconds from the window's load event. Please make sure it has an appropriate `as` value and it is preloaded intentionally. @ http://localhost:3000/ar/host/payments:0
[  157908ms] [WARNING] The resource http://localhost:3000/_next/static/media/f48d461c03e0a8ec-s.p.4f85faee.woff2 was preloaded using link preload but not used within a few seconds from the window's load event. Please make sure it has an appropriate `as` value and it is preloaded intentionally. @ http://localhost:3000/ar/host/payments:0
[  157908ms] [WARNING] The resource http://localhost:3000/_next/static/media/e7b64a7fde1a3d32-s.p.c2772084.woff2 was preloaded using link preload but not used within a few seconds from the window's load event. Please make sure it has an appropriate `as` value and it is preloaded intentionally. @ http://localhost:3000/ar/host/payments:0
[  157908ms] [WARNING] The resource http://localhost:3000/_next/static/media/3c37948f7e3aafda-s.p.8458e040.woff2 was preloaded using link preload but not used within a few seconds from the window's load event. Please make sure it has an appropriate `as` value and it is preloaded intentionally. @ http://localhost:3000/ar/host/payments:0
[  157908ms] [WARNING] The resource http://localhost:3000/_next/static/media/f0e0669539caf32a-s.p.e7ea314c.woff2 was preloaded using link preload but not used within a few seconds from the window's load event. Please make sure it has an appropriate `as` value and it is preloaded intentionally. @ http://localhost:3000/ar/host/payments:0
[  157908ms] [WARNING] The resource http://localhost:3000/_next/static/media/1d2cc0c079997359-s.p.3e57c327.woff2 was preloaded using link preload but not used within a few seconds from the window's load event. Please make sure it has an appropriate `as` value and it is preloaded intentionally. @ http://localhost:3000/ar/host/payments:0
[  157908ms] [WARNING] The resource http://localhost:3000/_next/static/media/3a179c97f46f8d27-s.p.9dba6c5c.woff2 was preloaded using link preload but not used within a few seconds from the window's load event. Please make sure it has an appropriate `as` value and it is preloaded intentionally. @ http://localhost:3000/ar/host/payments:0
[  157908ms] [WARNING] The resource http://localhost:3000/_next/static/media/d41831e24743a3c1-s.p.ae65d18e.woff2 was preloaded using link preload but not used within a few seconds from the window's load event. Please make sure it has an appropriate `as` value and it is preloaded intentionally. @ http://localhost:3000/ar/host/payments:0
[  157908ms] [WARNING] The resource http://localhost:3000/_next/static/media/a11ec078145f8b0e-s.p.6f712cad.woff2 was preloaded using link preload but not used within a few seconds from the window's load event. Please make sure it has an appropriate `as` value and it is preloaded intentionally. @ http://localhost:3000/ar/host/payments:0
[  160361ms] [LOG] [Fast Refresh] rebuilding @ http://localhost:3000/_next/static/chunks/node_modules_next_dist_client_cf1d9188._.js:5956
[  160385ms] [LOG] [Fast Refresh] done in 131ms @ http://localhost:3000/_next/static/chunks/node_modules_next_dist_client_cf1d9188._.js:5816
[  160455ms] [ERROR] Failed to load resource: the server responded with a status of 500 (Internal Server Error) @ http://localhost:3000/favicon.ico:0
[  160517ms] [LOG] [API] GET /tickets - 200 (276ms) @ http://localhost:3000/_next/static/chunks/_4ce6cd05._.js:2132
[  161841ms] [LOG] [Fast Refresh] rebuilding @ http://localhost:3000/_next/static/chunks/node_modules_next_dist_client_cf1d9188._.js:5956
[  162276ms] [LOG] [Fast Refresh] done in 548ms @ http://localhost:3000/_next/static/chunks/node_modules_next_dist_client_cf1d9188._.js:5816
[  162377ms] [LOG] [Fast Refresh] rebuilding @ http://localhost:3000/_next/static/chunks/node_modules_next_dist_client_cf1d9188._.js:5956
[  162408ms] [LOG] [Fast Refresh] done in 132ms @ http://localhost:3000/_next/static/chunks/node_modules_next_dist_client_cf1d9188._.js:5816
[  163407ms] [LOG] %c%s%c [API] GET /plans/host - 200 (340ms) background: #e6e6e6;background: light-dark(rgba(0,0,0,0.1), rgba(255,255,255,0.25));color: #000000;color: light-dark(#000000, #ffffff);border-radius: 2px  Server   @ about://React/Server/D:%5Challa%5Clabbe%5C.next%5Cserver%5Cchunks%5Cssr%5C%5Broot-of-the-server%5D__7d3e9836._.js?7:764
[  163407ms] [LOG] %c%s%c [API] GET /subscriptions/my-subscription - 200 (264ms) background: #e6e6e6;background: light-dark(rgba(0,0,0,0.1), rgba(255,255,255,0.25));color: #000000;color: light-dark(#000000, #ffffff);border-radius: 2px  Server   @ about://React/Server/D:%5Challa%5Clabbe%5C.next%5Cserver%5Cchunks%5Cssr%5C%5Broot-of-the-server%5D__7d3e9836._.js?7:764
[  163523ms] [LOG] [Fast Refresh] rebuilding @ http://localhost:3000/_next/static/chunks/node_modules_next_dist_client_cf1d9188._.js:5956
[  163653ms] [LOG] [Fast Refresh] done in 234ms @ http://localhost:3000/_next/static/chunks/node_modules_next_dist_client_cf1d9188._.js:5816
[  163720ms] [ERROR] Failed to load resource: the server responded with a status of 500 (Internal Server Error) @ http://localhost:3000/favicon.ico:0
[  166758ms] [WARNING] The resource http://localhost:3000/_next/static/chunks/%5Broot-of-the-server%5D__ad960bb7._.css was preloaded using link preload but not used within a few seconds from the window's load event. Please make sure it has an appropriate `as` value and it is preloaded intentionally. @ http://localhost:3000/ar/host/plans:0
[  166758ms] [WARNING] The resource http://localhost:3000/_next/static/media/18165c2c9bd6a371-s.p.70a6c15c.woff2 was preloaded using link preload but not used within a few seconds from the window's load event. Please make sure it has an appropriate `as` value and it is preloaded intentionally. @ http://localhost:3000/ar/host/plans:0
[  166758ms] [WARNING] The resource http://localhost:3000/_next/static/media/f48d461c03e0a8ec-s.p.4f85faee.woff2 was preloaded using link preload but not used within a few seconds from the window's load event. Please make sure it has an appropriate `as` value and it is preloaded intentionally. @ http://localhost:3000/ar/host/plans:0
[  166758ms] [WARNING] The resource http://localhost:3000/_next/static/media/e7b64a7fde1a3d32-s.p.c2772084.woff2 was preloaded using link preload but not used within a few seconds from the window's load event. Please make sure it has an appropriate `as` value and it is preloaded intentionally. @ http://localhost:3000/ar/host/plans:0
[  166758ms] [WARNING] The resource http://localhost:3000/_next/static/media/3c37948f7e3aafda-s.p.8458e040.woff2 was preloaded using link preload but not used within a few seconds from the window's load event. Please make sure it has an appropriate `as` value and it is preloaded intentionally. @ http://localhost:3000/ar/host/plans:0
[  166758ms] [WARNING] The resource http://localhost:3000/_next/static/media/f0e0669539caf32a-s.p.e7ea314c.woff2 was preloaded using link preload but not used within a few seconds from the window's load event. Please make sure it has an appropriate `as` value and it is preloaded intentionally. @ http://localhost:3000/ar/host/plans:0
[  166758ms] [WARNING] The resource http://localhost:3000/_next/static/media/1d2cc0c079997359-s.p.3e57c327.woff2 was preloaded using link preload but not used within a few seconds from the window's load event. Please make sure it has an appropriate `as` value and it is preloaded intentionally. @ http://localhost:3000/ar/host/plans:0
[  166758ms] [WARNING] The resource http://localhost:3000/_next/static/media/3a179c97f46f8d27-s.p.9dba6c5c.woff2 was preloaded using link preload but not used within a few seconds from the window's load event. Please make sure it has an appropriate `as` value and it is preloaded intentionally. @ http://localhost:3000/ar/host/plans:0
[  166758ms] [WARNING] The resource http://localhost:3000/_next/static/media/d41831e24743a3c1-s.p.ae65d18e.woff2 was preloaded using link preload but not used within a few seconds from the window's load event. Please make sure it has an appropriate `as` value and it is preloaded intentionally. @ http://localhost:3000/ar/host/plans:0
[  166758ms] [WARNING] The resource http://localhost:3000/_next/static/media/a11ec078145f8b0e-s.p.6f712cad.woff2 was preloaded using link preload but not used within a few seconds from the window's load event. Please make sure it has an appropriate `as` value and it is preloaded intentionally. @ http://localhost:3000/ar/host/plans:0
[  184571ms] [LOG] [API] GET /services/public - 200 (252ms) @ http://localhost:3000/_next/static/chunks/_4ce6cd05._.js:2132
[  184589ms] [ERROR] Failed to load resource: the server responded with a status of 500 (Internal Server Error) @ http://localhost:3000/favicon.ico:0
[  184991ms] [ERROR] Failed to load resource: the server responded with a status of 403 (Forbidden) @ http://localhost:3000/_next/image?url=https%3A%2F%2Fhallamangement.s3.eu-north-1.amazonaws.com%2Fvendors%2Fservices%2F69ee38f0542490955b2ab3f4%2F66e28e77-ecce-4eda-9282-265f1fc03462-1779450680672-7a0416901803e629.jpeg%3FX-Amz-Algorithm%3DAWS4-HMAC-SHA256%26X-Amz-Content-Sha256%3DUNSIGNED-PAYLOAD%26X-Amz-Credential%3DAKIA4LGDAXN6E3NWNJRH%252F20260529%252Feu-north-1%252Fs3%252Faws4_request%26X-Amz-Date%3D20260529T172126Z%26X-Amz-Expires%3D3600%26X-Amz-Signature%3D648cd112df2dd025ad36c252f100ff6717af1d5f586ee62e1fe77e8c7f743147%26X-Amz-SignedHeaders%3Dhost%26x-amz-checksum-mode%3DENABLED%26x-id%3DGetObject&w=640&q=75:0
[  185003ms] [ERROR] Failed to load resource: the server responded with a status of 403 (Forbidden) @ http://localhost:3000/_next/image?url=https%3A%2F%2Fhallamangement.s3.eu-north-1.amazonaws.com%2Fhttps%253A%2F%2Fhallamangement.s3.eu-north-1.amazonaws.com%2Fvendors%2Flogos%2Ftemp%2F4-1778708266832-f03ee87ed4f40aea.png%3FX-Amz-Algorithm%3DAWS4-HMAC-SHA256%26X-Amz-Content-Sha256%3DUNSIGNED-PAYLOAD%26X-Amz-Credential%3DAKIA4LGDAXN6E3NWNJRH%252F20260529%252Feu-north-1%252Fs3%252Faws4_request%26X-Amz-Date%3D20260529T172126Z%26X-Amz-Expires%3D3600%26X-Amz-Signature%3D38d56d866d871b2b9349750bd468480e6f78d931b2e161378603920361707833%26X-Amz-SignedHeaders%3Dhost%26x-amz-checksum-mode%3DENABLED%26x-id%3DGetObject&w=640&q=75:0
[  188005ms] [WARNING] The resource http://localhost:3000/_next/static/chunks/%5Broot-of-the-server%5D__ad960bb7._.css was preloaded using link preload but not used within a few seconds from the window's load event. Please make sure it has an appropriate `as` value and it is preloaded intentionally. @ http://localhost:3000/ar/market-place:0
[  188005ms] [WARNING] The resource http://localhost:3000/_next/static/media/18165c2c9bd6a371-s.p.70a6c15c.woff2 was preloaded using link preload but not used within a few seconds from the window's load event. Please make sure it has an appropriate `as` value and it is preloaded intentionally. @ http://localhost:3000/ar/market-place:0
[  188005ms] [WARNING] The resource http://localhost:3000/_next/static/media/f48d461c03e0a8ec-s.p.4f85faee.woff2 was preloaded using link preload but not used within a few seconds from the window's load event. Please make sure it has an appropriate `as` value and it is preloaded intentionally. @ http://localhost:3000/ar/market-place:0
[  188005ms] [WARNING] The resource http://localhost:3000/_next/static/media/e7b64a7fde1a3d32-s.p.c2772084.woff2 was preloaded using link preload but not used within a few seconds from the window's load event. Please make sure it has an appropriate `as` value and it is preloaded intentionally. @ http://localhost:3000/ar/market-place:0
[  188005ms] [WARNING] The resource http://localhost:3000/_next/static/media/3c37948f7e3aafda-s.p.8458e040.woff2 was preloaded using link preload but not used within a few seconds from the window's load event. Please make sure it has an appropriate `as` value and it is preloaded intentionally. @ http://localhost:3000/ar/market-place:0
[  188005ms] [WARNING] The resource http://localhost:3000/_next/static/media/f0e0669539caf32a-s.p.e7ea314c.woff2 was preloaded using link preload but not used within a few seconds from the window's load event. Please make sure it has an appropriate `as` value and it is preloaded intentionally. @ http://localhost:3000/ar/market-place:0
[  188005ms] [WARNING] The resource http://localhost:3000/_next/static/media/1d2cc0c079997359-s.p.3e57c327.woff2 was preloaded using link preload but not used within a few seconds from the window's load event. Please make sure it has an appropriate `as` value and it is preloaded intentionally. @ http://localhost:3000/ar/market-place:0
[  188005ms] [WARNING] The resource http://localhost:3000/_next/static/media/3a179c97f46f8d27-s.p.9dba6c5c.woff2 was preloaded using link preload but not used within a few seconds from the window's load event. Please make sure it has an appropriate `as` value and it is preloaded intentionally. @ http://localhost:3000/ar/market-place:0
[  188005ms] [WARNING] The resource http://localhost:3000/_next/static/media/d41831e24743a3c1-s.p.ae65d18e.woff2 was preloaded using link preload but not used within a few seconds from the window's load event. Please make sure it has an appropriate `as` value and it is preloaded intentionally. @ http://localhost:3000/ar/market-place:0
[  188005ms] [WARNING] The resource http://localhost:3000/_next/static/media/a11ec078145f8b0e-s.p.6f712cad.woff2 was preloaded using link preload but not used within a few seconds from the window's load event. Please make sure it has an appropriate `as` value and it is preloaded intentionally. @ http://localhost:3000/ar/market-place:0
[  188823ms] [LOG] [API] GET /notifications/unread-count - 200 (234ms) @ http://localhost:3000/_next/static/chunks/_4ce6cd05._.js:2132
[  188825ms] [ERROR] Failed to load resource: the server responded with a status of 500 (Internal Server Error) @ http://localhost:3000/favicon.ico:0
[  191854ms] [WARNING] The resource http://localhost:3000/_next/static/chunks/%5Broot-of-the-server%5D__ad960bb7._.css was preloaded using link preload but not used within a few seconds from the window's load event. Please make sure it has an appropriate `as` value and it is preloaded intentionally. @ http://localhost:3000/ar/host/plans:0
[  191854ms] [WARNING] The resource http://localhost:3000/_next/static/media/18165c2c9bd6a371-s.p.70a6c15c.woff2 was preloaded using link preload but not used within a few seconds from the window's load event. Please make sure it has an appropriate `as` value and it is preloaded intentionally. @ http://localhost:3000/ar/host/plans:0
[  191854ms] [WARNING] The resource http://localhost:3000/_next/static/media/f48d461c03e0a8ec-s.p.4f85faee.woff2 was preloaded using link preload but not used within a few seconds from the window's load event. Please make sure it has an appropriate `as` value and it is preloaded intentionally. @ http://localhost:3000/ar/host/plans:0
[  191854ms] [WARNING] The resource http://localhost:3000/_next/static/media/e7b64a7fde1a3d32-s.p.c2772084.woff2 was preloaded using link preload but not used within a few seconds from the window's load event. Please make sure it has an appropriate `as` value and it is preloaded intentionally. @ http://localhost:3000/ar/host/plans:0
[  191854ms] [WARNING] The resource http://localhost:3000/_next/static/media/3c37948f7e3aafda-s.p.8458e040.woff2 was preloaded using link preload but not used within a few seconds from the window's load event. Please make sure it has an appropriate `as` value and it is preloaded intentionally. @ http://localhost:3000/ar/host/plans:0
[  191854ms] [WARNING] The resource http://localhost:3000/_next/static/media/f0e0669539caf32a-s.p.e7ea314c.woff2 was preloaded using link preload but not used within a few seconds from the window's load event. Please make sure it has an appropriate `as` value and it is preloaded intentionally. @ http://localhost:3000/ar/host/plans:0
[  191854ms] [WARNING] The resource http://localhost:3000/_next/static/media/1d2cc0c079997359-s.p.3e57c327.woff2 was preloaded using link preload but not used within a few seconds from the window's load event. Please make sure it has an appropriate `as` value and it is preloaded intentionally. @ http://localhost:3000/ar/host/plans:0
[  191854ms] [WARNING] The resource http://localhost:3000/_next/static/media/3a179c97f46f8d27-s.p.9dba6c5c.woff2 was preloaded using link preload but not used within a few seconds from the window's load event. Please make sure it has an appropriate `as` value and it is preloaded intentionally. @ http://localhost:3000/ar/host/plans:0
[  191854ms] [WARNING] The resource http://localhost:3000/_next/static/media/d41831e24743a3c1-s.p.ae65d18e.woff2 was preloaded using link preload but not used within a few seconds from the window's load event. Please make sure it has an appropriate `as` value and it is preloaded intentionally. @ http://localhost:3000/ar/host/plans:0
[  191854ms] [WARNING] The resource http://localhost:3000/_next/static/media/a11ec078145f8b0e-s.p.6f712cad.woff2 was preloaded using link preload but not used within a few seconds from the window's load event. Please make sure it has an appropriate `as` value and it is preloaded intentionally. @ http://localhost:3000/ar/host/plans:0
[  203113ms] [LOG] [Fast Refresh] rebuilding @ http://localhost:3000/_next/static/chunks/node_modules_next_dist_client_cf1d9188._.js:5956
[  203137ms] [LOG] [Fast Refresh] done in 37ms @ http://localhost:3000/_next/static/chunks/node_modules_next_dist_client_cf1d9188._.js:5816
[  206129ms] [WARNING] The resource http://localhost:3000/_next/static/chunks/%5Broot-of-the-server%5D__ad960bb7._.css was preloaded using link preload but not used within a few seconds from the window's load event. Please make sure it has an appropriate `as` value and it is preloaded intentionally. @ http://localhost:3000/ar/host/plans:0
[  206130ms] [WARNING] The resource http://localhost:3000/_next/static/media/18165c2c9bd6a371-s.p.70a6c15c.woff2 was preloaded using link preload but not used within a few seconds from the window's load event. Please make sure it has an appropriate `as` value and it is preloaded intentionally. @ http://localhost:3000/ar/host/plans:0
[  206130ms] [WARNING] The resource http://localhost:3000/_next/static/media/f48d461c03e0a8ec-s.p.4f85faee.woff2 was preloaded using link preload but not used within a few seconds from the window's load event. Please make sure it has an appropriate `as` value and it is preloaded intentionally. @ http://localhost:3000/ar/host/plans:0
[  206130ms] [WARNING] The resource http://localhost:3000/_next/static/media/e7b64a7fde1a3d32-s.p.c2772084.woff2 was preloaded using link preload but not used within a few seconds from the window's load event. Please make sure it has an appropriate `as` value and it is preloaded intentionally. @ http://localhost:3000/ar/host/plans:0
[  206130ms] [WARNING] The resource http://localhost:3000/_next/static/media/3c37948f7e3aafda-s.p.8458e040.woff2 was preloaded using link preload but not used within a few seconds from the window's load event. Please make sure it has an appropriate `as` value and it is preloaded intentionally. @ http://localhost:3000/ar/host/plans:0
[  206130ms] [WARNING] The resource http://localhost:3000/_next/static/media/f0e0669539caf32a-s.p.e7ea314c.woff2 was preloaded using link preload but not used within a few seconds from the window's load event. Please make sure it has an appropriate `as` value and it is preloaded intentionally. @ http://localhost:3000/ar/host/plans:0
[  206130ms] [WARNING] The resource http://localhost:3000/_next/static/media/1d2cc0c079997359-s.p.3e57c327.woff2 was preloaded using link preload but not used within a few seconds from the window's load event. Please make sure it has an appropriate `as` value and it is preloaded intentionally. @ http://localhost:3000/ar/host/plans:0
[  206130ms] [WARNING] The resource http://localhost:3000/_next/static/media/3a179c97f46f8d27-s.p.9dba6c5c.woff2 was preloaded using link preload but not used within a few seconds from the window's load event. Please make sure it has an appropriate `as` value and it is preloaded intentionally. @ http://localhost:3000/ar/host/plans:0
[  206130ms] [WARNING] The resource http://localhost:3000/_next/static/media/d41831e24743a3c1-s.p.ae65d18e.woff2 was preloaded using link preload but not used within a few seconds from the window's load event. Please make sure it has an appropriate `as` value and it is preloaded intentionally. @ http://localhost:3000/ar/host/plans:0
[  206130ms] [WARNING] The resource http://localhost:3000/_next/static/media/a11ec078145f8b0e-s.p.6f712cad.woff2 was preloaded using link preload but not used within a few seconds from the window's load event. Please make sure it has an appropriate `as` value and it is preloaded intentionally. @ http://localhost:3000/ar/host/plans:0
[  219044ms] [LOG] [API] GET /notifications/unread-count - 200 (206ms) @ http://localhost:3000/_next/static/chunks/_4ce6cd05._.js:2132
