[     193ms] [LOG] [Fast Refresh] rebuilding @ http://localhost:3000/_next/static/chunks/node_modules_next_dist_client_cf1d9188._.js:5956
[     810ms] [LOG] [Fast Refresh] done in 723ms @ http://localhost:3000/_next/static/chunks/node_modules_next_dist_client_cf1d9188._.js:5816
[    1058ms] [INFO] %cDownload the React DevTools for a better development experience: https://react.dev/link/react-devtools font-weight:bold @ http://localhost:3000/_next/static/chunks/node_modules_next_dist_compiled_react-dom_1e674e59._.js:14537
[    1187ms] [INFO] 🌐 i18next is made possible by our own product, Locize — consider powering your project with managed localization (AI, CDN, integrations): https://locize.com 💙 @ http://localhost:3000/_next/static/chunks/node_modules_5dfc3838._.js:3250
[    1519ms] [LOG] [Fast Refresh] rebuilding @ http://localhost:3000/_next/static/chunks/node_modules_next_dist_client_cf1d9188._.js:5956
[    1559ms] [LOG] [Fast Refresh] done in 154ms @ http://localhost:3000/_next/static/chunks/node_modules_next_dist_client_cf1d9188._.js:5816
[    1674ms] [ERROR] Failed to load resource: the server responded with a status of 500 (Internal Server Error) @ http://localhost:3000/favicon.ico:0
[    1783ms] [LOG] [API] GET /notifications/unread-count - 200 (478ms) @ http://localhost:3000/_next/static/chunks/_f60c0052._.js:2199
[    1979ms] [LOG] [API] GET /events/subscription-info - 200 (673ms) @ http://localhost:3000/_next/static/chunks/_f60c0052._.js:2199
[    2241ms] [LOG] [API] GET /events/6a3527ef29492f270fcac717 - 200 (934ms) @ http://localhost:3000/_next/static/chunks/_f60c0052._.js:2199
[    2467ms] [LOG] [API] GET /template-categories - 200 (209ms) @ http://localhost:3000/_next/static/chunks/_f60c0052._.js:2199
[    2891ms] [LOG] [API] GET /templates - 200 (634ms) @ http://localhost:3000/_next/static/chunks/_f60c0052._.js:2199
[    5895ms] [WARNING] The resource http://localhost:3000/_next/static/chunks/%5Broot-of-the-server%5D__ad960bb7._.css was preloaded using link preload but not used within a few seconds from the window's load event. Please make sure it has an appropriate `as` value and it is preloaded intentionally. @ http://localhost:3000/en/host/update-event?id=6a3527ef29492f270fcac717&step=3:0
[   10433ms] [WARNING] The resource http://localhost:3000/_next/static/chunks/%5Broot-of-the-server%5D__ad960bb7._.css was preloaded using link preload but not used within a few seconds from the window's load event. Please make sure it has an appropriate `as` value and it is preloaded intentionally. @ http://localhost:3000/en/host/update-event?id=6a3527ef29492f270fcac717&step=3:0
[   16931ms] [WARNING] The resource http://localhost:3000/_next/static/chunks/%5Broot-of-the-server%5D__ad960bb7._.css was preloaded using link preload but not used within a few seconds from the window's load event. Please make sure it has an appropriate `as` value and it is preloaded intentionally. @ http://localhost:3000/en/host/update-event?id=6a3527ef29492f270fcac717&step=3:0
[   18246ms] [LOG] [API] GET /fonts - 200 (30ms) @ http://localhost:3000/_next/static/chunks/_f60c0052._.js:2199
[   22518ms] [WARNING] The resource http://localhost:3000/_next/static/chunks/%5Broot-of-the-server%5D__ad960bb7._.css was preloaded using link preload but not used within a few seconds from the window's load event. Please make sure it has an appropriate `as` value and it is preloaded intentionally. @ http://localhost:3000/en/host/update-event?id=6a3527ef29492f270fcac717&step=3:0
[   32010ms] [LOG] [API] GET /notifications/unread-count - 200 (213ms) @ http://localhost:3000/_next/static/chunks/_f60c0052._.js:2199
[   35010ms] [WARNING] The resource http://localhost:3000/_next/static/chunks/%5Broot-of-the-server%5D__ad960bb7._.css was preloaded using link preload but not used within a few seconds from the window's load event. Please make sure it has an appropriate `as` value and it is preloaded intentionally. @ http://localhost:3000/en/host/update-event?id=6a3527ef29492f270fcac717&step=3:0
[   53060ms] [WARNING] The resource http://localhost:3000/_next/static/chunks/%5Broot-of-the-server%5D__ad960bb7._.css was preloaded using link preload but not used within a few seconds from the window's load event. Please make sure it has an appropriate `as` value and it is preloaded intentionally. @ http://localhost:3000/en/host/update-event?id=6a3527ef29492f270fcac717&step=3:0
[   57044ms] [WARNING] The resource http://localhost:3000/_next/static/chunks/%5Broot-of-the-server%5D__ad960bb7._.css was preloaded using link preload but not used within a few seconds from the window's load event. Please make sure it has an appropriate `as` value and it is preloaded intentionally. @ http://localhost:3000/en/host/update-event?id=6a3527ef29492f270fcac717&step=3:0
[   62257ms] [LOG] [API] GET /notifications/unread-count - 200 (233ms) @ http://localhost:3000/_next/static/chunks/_f60c0052._.js:2199
[   65260ms] [WARNING] The resource http://localhost:3000/_next/static/chunks/%5Broot-of-the-server%5D__ad960bb7._.css was preloaded using link preload but not used within a few seconds from the window's load event. Please make sure it has an appropriate `as` value and it is preloaded intentionally. @ http://localhost:3000/en/host/update-event?id=6a3527ef29492f270fcac717&step=3:0
