[    2365ms] [INFO] %cDownload the React DevTools for a better development experience: https://react.dev/link/react-devtools font-weight:bold @ http://localhost:3000/_next/static/chunks/node_modules_next_dist_compiled_react-dom_1e674e59._.js:14537
[    2473ms] [INFO] 🌐 i18next is made possible by our own product, Locize — consider powering your project with managed localization (AI, CDN, integrations): https://locize.com 💙 @ http://localhost:3000/_next/static/chunks/node_modules_5dfc3838._.js:3250
[    2478ms] [LOG] Current Pathname: /ar/login @ http://localhost:3000/_next/static/chunks/%5Broot-of-the-server%5D__cf9c1c4e._.js:285
[    2478ms] [LOG] Should Show Slider: true @ http://localhost:3000/_next/static/chunks/%5Broot-of-the-server%5D__cf9c1c4e._.js:286
[    2478ms] [LOG] Current Pathname: /ar/login @ http://localhost:3000/_next/static/chunks/%5Broot-of-the-server%5D__cf9c1c4e._.js:285
[    2478ms] [LOG] Should Show Slider: true @ http://localhost:3000/_next/static/chunks/%5Broot-of-the-server%5D__cf9c1c4e._.js:286
[    2519ms] [WARNING] Image with src "/login/1.png" was detected as the Largest Contentful Paint (LCP). Please add the "priority" property if this image is above the fold.
Read more: https://nextjs.org/docs/api-reference/next/image#priority @ http://localhost:3000/_next/static/chunks/node_modules_next_dist_b0daae9a._.js:968
[    2558ms] [LOG] [API] POST /auth/logout - 200 (17ms) @ http://localhost:3000/_next/static/chunks/labbe_4d7eb481._.js:2150
[    2705ms] [ERROR] Failed to load resource: the server responded with a status of 500 (Internal Server Error) @ http://localhost:3000/favicon.ico:0
[    5575ms] [WARNING] Image with src "/login/2.png" was detected as the Largest Contentful Paint (LCP). Please add the "priority" property if this image is above the fold.
Read more: https://nextjs.org/docs/api-reference/next/image#priority @ http://localhost:3000/_next/static/chunks/node_modules_next_dist_b0daae9a._.js:968
[    9051ms] [LOG] [Fast Refresh] rebuilding @ http://localhost:3000/_next/static/chunks/node_modules_next_dist_client_cf1d9188._.js:5949
[    9108ms] [LOG] [Fast Refresh] done in 158ms @ http://localhost:3000/_next/static/chunks/node_modules_next_dist_client_cf1d9188._.js:5809
[   11095ms] [WARNING] Form submission canceled because the form is not connected @ http://localhost:3000/ar/login?returnUrl=%2Far%2Fadmin-dash%2Ftemplates%2Fnew:0
[   11192ms] [VERBOSE] [DOM] Input elements should have autocomplete attributes (suggested: "current-password"): (More info: https://goo.gl/9p2vKq) %o @ http://localhost:3000/ar/login?returnUrl=%2Far%2Fadmin-dash%2Ftemplates%2Fnew:0
[   13925ms] [LOG] [Fast Refresh] rebuilding @ http://localhost:3000/_next/static/chunks/node_modules_next_dist_client_cf1d9188._.js:5949
[   13950ms] [LOG] [Fast Refresh] done in 131ms @ http://localhost:3000/_next/static/chunks/node_modules_next_dist_client_cf1d9188._.js:5809
[   14174ms] [LOG] [Fast Refresh] rebuilding @ http://localhost:3000/_next/static/chunks/node_modules_next_dist_client_cf1d9188._.js:5949
[   14202ms] [LOG] [Fast Refresh] done in 136ms @ http://localhost:3000/_next/static/chunks/node_modules_next_dist_client_cf1d9188._.js:5809
[   29532ms] [WARNING] The resource http://localhost:3000/_next/static/chunks/%5Broot-of-the-server%5D__ad960bb7._.css was preloaded using link preload but not used within a few seconds from the window's load event. Please make sure it has an appropriate `as` value and it is preloaded intentionally. @ http://localhost:3000/ar/login?returnUrl=%2Far%2Fadmin-dash%2Ftemplates%2Fnew:0
[   32015ms] [LOG] [API] POST /auth/login - 200 (562ms) @ http://localhost:3000/_next/static/chunks/labbe_4d7eb481._.js:2150
[   32207ms] [LOG] [Fast Refresh] rebuilding @ http://localhost:3000/_next/static/chunks/node_modules_next_dist_client_cf1d9188._.js:5949
[   32225ms] [LOG] [Fast Refresh] done in 123ms @ http://localhost:3000/_next/static/chunks/node_modules_next_dist_client_cf1d9188._.js:5809
[   32969ms] [INFO] %cDownload the React DevTools for a better development experience: https://react.dev/link/react-devtools font-weight:bold @ http://localhost:3000/_next/static/chunks/node_modules_next_dist_compiled_react-dom_1e674e59._.js:14537
[   32993ms] [LOG] %c%s%c [API] GET /dashboard/admin - 200 (487ms) background: #e6e6e6;background: light-dark(rgba(0,0,0,0.1), rgba(255,255,255,0.25));color: #000000;color: light-dark(#000000, #ffffff);border-radius: 2px  Server   @ about://React/Server/D:%5Challa%5Clabbe%5C.next%5Cserver%5Cchunks%5Cssr%5C%5Broot-of-the-server%5D__95a5c31f._.js?7:495
[   33041ms] [INFO] 🌐 i18next is made possible by our own product, Locize — consider powering your project with managed localization (AI, CDN, integrations): https://locize.com 💙 @ http://localhost:3000/_next/static/chunks/node_modules_5dfc3838._.js:3250
[   33388ms] [ERROR] Failed to load resource: the server responded with a status of 500 (Internal Server Error) @ http://localhost:3000/favicon.ico:0
[   37044ms] [WARNING] The resource http://localhost:3000/_next/static/chunks/%5Broot-of-the-server%5D__ad960bb7._.css was preloaded using link preload but not used within a few seconds from the window's load event. Please make sure it has an appropriate `as` value and it is preloaded intentionally. @ http://localhost:3000/ar/admin-dash:0
