[    2642ms] [INFO] %cDownload the React DevTools for a better development experience: https://react.dev/link/react-devtools font-weight:bold @ http://localhost:3100/_next/static/chunks/node_modules_next_dist_compiled_react-dom_1e674e59._.js:14537
[    2907ms] [INFO] 🌐 i18next is made possible by our own product, Locize — consider powering your project with managed localization (AI, CDN, integrations): https://locize.com 💙 @ http://localhost:3100/_next/static/chunks/node_modules_5dfc3838._.js:3250
[    3142ms] [LOG] [API] GET /vendors/categories - 200 (79ms) @ http://localhost:3100/_next/static/chunks/_15479c69._.js:719
[    3170ms] [LOG] [API] GET /locations/regions - 200 (108ms) @ http://localhost:3100/_next/static/chunks/_15479c69._.js:719
[    3172ms] [LOG] [API] GET /locations/cities/1 - 200 (109ms) @ http://localhost:3100/_next/static/chunks/_15479c69._.js:719
[    3308ms] [LOG] [API] GET /vendors/public - 200 (245ms) @ http://localhost:3100/_next/static/chunks/_15479c69._.js:719
[    3553ms] [ERROR] Failed to load resource: the server responded with a status of 404 (Not Found) @ http://localhost:3100/_next/image?url=https%3A%2F%2Fexample.com%2Fportfolio1.jpg&w=640&q=75:0
[    3801ms] [LOG] [Fast Refresh] rebuilding @ http://localhost:3100/_next/static/chunks/node_modules_next_dist_client_cf1d9188._.js:5956
[    3819ms] [LOG] [Fast Refresh] done in 118ms @ http://localhost:3100/_next/static/chunks/node_modules_next_dist_client_cf1d9188._.js:5816
[    4508ms] [ERROR] Failed to load resource: the server responded with a status of 500 (Internal Server Error) @ http://localhost:3100/favicon.ico:0
[    7569ms] [WARNING] The resource http://localhost:3100/_next/static/chunks/%5Broot-of-the-server%5D__ad960bb7._.css was preloaded using link preload but not used within a few seconds from the window's load event. Please make sure it has an appropriate `as` value and it is preloaded intentionally. @ http://localhost:3100/ar/market-place?regionId=1:0
[   33041ms] [WARNING] The resource http://localhost:3100/_next/static/chunks/%5Broot-of-the-server%5D__ad960bb7._.css was preloaded using link preload but not used within a few seconds from the window's load event. Please make sure it has an appropriate `as` value and it is preloaded intentionally. @ http://localhost:3100/ar/market-place?regionId=1:0
[   39739ms] [WARNING] The resource http://localhost:3100/_next/static/chunks/%5Broot-of-the-server%5D__ad960bb7._.css was preloaded using link preload but not used within a few seconds from the window's load event. Please make sure it has an appropriate `as` value and it is preloaded intentionally. @ http://localhost:3100/ar/market-place?regionId=1:0
[   49746ms] [LOG] [Fast Refresh] rebuilding @ http://localhost:3100/_next/static/chunks/node_modules_next_dist_client_cf1d9188._.js:5956
[   49806ms] [LOG] [Fast Refresh] done in 170ms @ http://localhost:3100/_next/static/chunks/node_modules_next_dist_client_cf1d9188._.js:5816
[   50174ms] [ERROR] Failed to load resource: the server responded with a status of 500 (Internal Server Error) @ http://localhost:3100/favicon.ico:0
[   55978ms] [WARNING] The resource http://localhost:3100/_next/static/media/f48d461c03e0a8ec-s.p.4f85faee.woff2 was preloaded using link preload but not used within a few seconds from the window's load event. Please make sure it has an appropriate `as` value and it is preloaded intentionally. @ http://localhost:3100/ar/market-place?regionId=1&page=1:0
[   55978ms] [WARNING] The resource http://localhost:3100/_next/static/media/18165c2c9bd6a371-s.p.70a6c15c.woff2 was preloaded using link preload but not used within a few seconds from the window's load event. Please make sure it has an appropriate `as` value and it is preloaded intentionally. @ http://localhost:3100/ar/market-place?regionId=1&page=1:0
[   55978ms] [WARNING] The resource http://localhost:3100/_next/static/media/3c37948f7e3aafda-s.p.8458e040.woff2 was preloaded using link preload but not used within a few seconds from the window's load event. Please make sure it has an appropriate `as` value and it is preloaded intentionally. @ http://localhost:3100/ar/market-place?regionId=1&page=1:0
[   55978ms] [WARNING] The resource http://localhost:3100/_next/static/media/f0e0669539caf32a-s.p.e7ea314c.woff2 was preloaded using link preload but not used within a few seconds from the window's load event. Please make sure it has an appropriate `as` value and it is preloaded intentionally. @ http://localhost:3100/ar/market-place?regionId=1&page=1:0
[   55978ms] [WARNING] The resource http://localhost:3100/_next/static/chunks/%5Broot-of-the-server%5D__ad960bb7._.css was preloaded using link preload but not used within a few seconds from the window's load event. Please make sure it has an appropriate `as` value and it is preloaded intentionally. @ http://localhost:3100/ar/market-place?regionId=1&page=1:0
[   55978ms] [WARNING] The resource http://localhost:3100/_next/static/media/d41831e24743a3c1-s.p.ae65d18e.woff2 was preloaded using link preload but not used within a few seconds from the window's load event. Please make sure it has an appropriate `as` value and it is preloaded intentionally. @ http://localhost:3100/ar/market-place?regionId=1&page=1:0
[   55978ms] [WARNING] The resource http://localhost:3100/_next/static/media/1d2cc0c079997359-s.p.3e57c327.woff2 was preloaded using link preload but not used within a few seconds from the window's load event. Please make sure it has an appropriate `as` value and it is preloaded intentionally. @ http://localhost:3100/ar/market-place?regionId=1&page=1:0
[   55978ms] [WARNING] The resource http://localhost:3100/_next/static/media/a11ec078145f8b0e-s.p.6f712cad.woff2 was preloaded using link preload but not used within a few seconds from the window's load event. Please make sure it has an appropriate `as` value and it is preloaded intentionally. @ http://localhost:3100/ar/market-place?regionId=1&page=1:0
[   55978ms] [WARNING] The resource http://localhost:3100/_next/static/media/e7b64a7fde1a3d32-s.p.c2772084.woff2 was preloaded using link preload but not used within a few seconds from the window's load event. Please make sure it has an appropriate `as` value and it is preloaded intentionally. @ http://localhost:3100/ar/market-place?regionId=1&page=1:0
[   55978ms] [WARNING] The resource http://localhost:3100/_next/static/media/3a179c97f46f8d27-s.p.9dba6c5c.woff2 was preloaded using link preload but not used within a few seconds from the window's load event. Please make sure it has an appropriate `as` value and it is preloaded intentionally. @ http://localhost:3100/ar/market-place?regionId=1&page=1:0
[   56112ms] [LOG] [API] GET /locations/districts/24 - 200 (20ms) @ http://localhost:3100/_next/static/chunks/_15479c69._.js:719
[   56184ms] [LOG] [API] GET /vendors/public - 200 (93ms) @ http://localhost:3100/_next/static/chunks/_15479c69._.js:719
[   56506ms] [ERROR] Failed to load resource: the server responded with a status of 500 (Internal Server Error) @ http://localhost:3100/favicon.ico:0
[   59555ms] [WARNING] The resource http://localhost:3100/_next/static/media/f48d461c03e0a8ec-s.p.4f85faee.woff2 was preloaded using link preload but not used within a few seconds from the window's load event. Please make sure it has an appropriate `as` value and it is preloaded intentionally. @ http://localhost:3100/ar/market-place?regionId=1&page=1&cityId=24:0
[   59555ms] [WARNING] The resource http://localhost:3100/_next/static/media/18165c2c9bd6a371-s.p.70a6c15c.woff2 was preloaded using link preload but not used within a few seconds from the window's load event. Please make sure it has an appropriate `as` value and it is preloaded intentionally. @ http://localhost:3100/ar/market-place?regionId=1&page=1&cityId=24:0
[   59555ms] [WARNING] The resource http://localhost:3100/_next/static/media/3c37948f7e3aafda-s.p.8458e040.woff2 was preloaded using link preload but not used within a few seconds from the window's load event. Please make sure it has an appropriate `as` value and it is preloaded intentionally. @ http://localhost:3100/ar/market-place?regionId=1&page=1&cityId=24:0
[   59555ms] [WARNING] The resource http://localhost:3100/_next/static/media/f0e0669539caf32a-s.p.e7ea314c.woff2 was preloaded using link preload but not used within a few seconds from the window's load event. Please make sure it has an appropriate `as` value and it is preloaded intentionally. @ http://localhost:3100/ar/market-place?regionId=1&page=1&cityId=24:0
[   59555ms] [WARNING] The resource http://localhost:3100/_next/static/chunks/%5Broot-of-the-server%5D__ad960bb7._.css was preloaded using link preload but not used within a few seconds from the window's load event. Please make sure it has an appropriate `as` value and it is preloaded intentionally. @ http://localhost:3100/ar/market-place?regionId=1&page=1&cityId=24:0
[   59555ms] [WARNING] The resource http://localhost:3100/_next/static/media/d41831e24743a3c1-s.p.ae65d18e.woff2 was preloaded using link preload but not used within a few seconds from the window's load event. Please make sure it has an appropriate `as` value and it is preloaded intentionally. @ http://localhost:3100/ar/market-place?regionId=1&page=1&cityId=24:0
[   59555ms] [WARNING] The resource http://localhost:3100/_next/static/media/1d2cc0c079997359-s.p.3e57c327.woff2 was preloaded using link preload but not used within a few seconds from the window's load event. Please make sure it has an appropriate `as` value and it is preloaded intentionally. @ http://localhost:3100/ar/market-place?regionId=1&page=1&cityId=24:0
[   59555ms] [WARNING] The resource http://localhost:3100/_next/static/media/a11ec078145f8b0e-s.p.6f712cad.woff2 was preloaded using link preload but not used within a few seconds from the window's load event. Please make sure it has an appropriate `as` value and it is preloaded intentionally. @ http://localhost:3100/ar/market-place?regionId=1&page=1&cityId=24:0
[   59555ms] [WARNING] The resource http://localhost:3100/_next/static/media/e7b64a7fde1a3d32-s.p.c2772084.woff2 was preloaded using link preload but not used within a few seconds from the window's load event. Please make sure it has an appropriate `as` value and it is preloaded intentionally. @ http://localhost:3100/ar/market-place?regionId=1&page=1&cityId=24:0
[   59555ms] [WARNING] The resource http://localhost:3100/_next/static/media/3a179c97f46f8d27-s.p.9dba6c5c.woff2 was preloaded using link preload but not used within a few seconds from the window's load event. Please make sure it has an appropriate `as` value and it is preloaded intentionally. @ http://localhost:3100/ar/market-place?regionId=1&page=1&cityId=24:0
[   62248ms] [LOG] [Fast Refresh] rebuilding @ http://localhost:3100/_next/static/chunks/node_modules_next_dist_client_cf1d9188._.js:5956
[   62310ms] [ERROR] Failed to load resource: the server responded with a status of 404 (Not Found) @ http://localhost:3100/_next/image?url=https%3A%2F%2Fexample.com%2Fportfolio1.jpg&w=384&q=75:0
[   62311ms] [LOG] [Fast Refresh] done in 168ms @ http://localhost:3100/_next/static/chunks/node_modules_next_dist_client_cf1d9188._.js:5816
[   62417ms] [ERROR] Failed to load resource: the server responded with a status of 500 (Internal Server Error) @ http://localhost:3100/favicon.ico:0
[   65473ms] [WARNING] The resource http://localhost:3100/_next/static/media/f48d461c03e0a8ec-s.p.4f85faee.woff2 was preloaded using link preload but not used within a few seconds from the window's load event. Please make sure it has an appropriate `as` value and it is preloaded intentionally. @ http://localhost:3100/ar/market-place?regionId=1&page=1:0
[   65473ms] [WARNING] The resource http://localhost:3100/_next/static/media/18165c2c9bd6a371-s.p.70a6c15c.woff2 was preloaded using link preload but not used within a few seconds from the window's load event. Please make sure it has an appropriate `as` value and it is preloaded intentionally. @ http://localhost:3100/ar/market-place?regionId=1&page=1:0
[   65473ms] [WARNING] The resource http://localhost:3100/_next/static/media/3c37948f7e3aafda-s.p.8458e040.woff2 was preloaded using link preload but not used within a few seconds from the window's load event. Please make sure it has an appropriate `as` value and it is preloaded intentionally. @ http://localhost:3100/ar/market-place?regionId=1&page=1:0
[   65473ms] [WARNING] The resource http://localhost:3100/_next/static/media/f0e0669539caf32a-s.p.e7ea314c.woff2 was preloaded using link preload but not used within a few seconds from the window's load event. Please make sure it has an appropriate `as` value and it is preloaded intentionally. @ http://localhost:3100/ar/market-place?regionId=1&page=1:0
[   65473ms] [WARNING] The resource http://localhost:3100/_next/static/chunks/%5Broot-of-the-server%5D__ad960bb7._.css was preloaded using link preload but not used within a few seconds from the window's load event. Please make sure it has an appropriate `as` value and it is preloaded intentionally. @ http://localhost:3100/ar/market-place?regionId=1&page=1:0
[   65473ms] [WARNING] The resource http://localhost:3100/_next/static/media/d41831e24743a3c1-s.p.ae65d18e.woff2 was preloaded using link preload but not used within a few seconds from the window's load event. Please make sure it has an appropriate `as` value and it is preloaded intentionally. @ http://localhost:3100/ar/market-place?regionId=1&page=1:0
[   65473ms] [WARNING] The resource http://localhost:3100/_next/static/media/1d2cc0c079997359-s.p.3e57c327.woff2 was preloaded using link preload but not used within a few seconds from the window's load event. Please make sure it has an appropriate `as` value and it is preloaded intentionally. @ http://localhost:3100/ar/market-place?regionId=1&page=1:0
[   65473ms] [WARNING] The resource http://localhost:3100/_next/static/media/a11ec078145f8b0e-s.p.6f712cad.woff2 was preloaded using link preload but not used within a few seconds from the window's load event. Please make sure it has an appropriate `as` value and it is preloaded intentionally. @ http://localhost:3100/ar/market-place?regionId=1&page=1:0
[   65473ms] [WARNING] The resource http://localhost:3100/_next/static/media/e7b64a7fde1a3d32-s.p.c2772084.woff2 was preloaded using link preload but not used within a few seconds from the window's load event. Please make sure it has an appropriate `as` value and it is preloaded intentionally. @ http://localhost:3100/ar/market-place?regionId=1&page=1:0
[   65473ms] [WARNING] The resource http://localhost:3100/_next/static/media/3a179c97f46f8d27-s.p.9dba6c5c.woff2 was preloaded using link preload but not used within a few seconds from the window's load event. Please make sure it has an appropriate `as` value and it is preloaded intentionally. @ http://localhost:3100/ar/market-place?regionId=1&page=1:0
