[     387ms] [INFO] %cDownload the React DevTools for a better development experience: https://react.dev/link/react-devtools font-weight:bold @ http://localhost:3000/_next/static/chunks/node_modules_next_dist_compiled_react-dom_1e674e59._.js:14537
[     475ms] [INFO] 🌐 i18next is made possible by our own product, Locize — consider powering your project with managed localization (AI, CDN, integrations): https://locize.com 💙 @ http://localhost:3000/_next/static/chunks/node_modules_5dfc3838._.js:3250
[     666ms] [LOG] [Fast Refresh] rebuilding @ http://localhost:3000/_next/static/chunks/node_modules_next_dist_client_cf1d9188._.js:5956
[     688ms] [LOG] [Fast Refresh] done in 122ms @ http://localhost:3000/_next/static/chunks/node_modules_next_dist_client_cf1d9188._.js:5816
[     796ms] [ERROR] Failed to load resource: the server responded with a status of 500 (Internal Server Error) @ http://localhost:3000/favicon.ico:0
[     906ms] [LOG] [API] GET /notifications/unread-count - 200 (352ms) @ http://localhost:3000/_next/static/chunks/_39d7dd9e._.js:2245
[     909ms] [LOG] [API] GET /users/profile - 200 (356ms) @ http://localhost:3000/_next/static/chunks/_39d7dd9e._.js:2245
[    4665ms] [WARNING] The resource http://localhost:3000/_next/static/chunks/%5Broot-of-the-server%5D__ad960bb7._.css was preloaded using link preload but not used within a few seconds from the window's load event. Please make sure it has an appropriate `as` value and it is preloaded intentionally. @ http://localhost:3000/en/vendor-dashboard/settings:0
[   18260ms] [LOG] [API] GET /locations/regions - 200 (16ms) @ http://localhost:3000/_next/static/chunks/_39d7dd9e._.js:2245
[   18265ms] [LOG] [API] GET /locations/cities/6 - 200 (21ms) @ http://localhost:3000/_next/static/chunks/_39d7dd9e._.js:2245
[   18266ms] [LOG] [API] GET /locations/districts/1270 - 200 (23ms) @ http://localhost:3000/_next/static/chunks/_39d7dd9e._.js:2245
[   21546ms] [WARNING] The resource http://localhost:3000/_next/static/chunks/%5Broot-of-the-server%5D__ad960bb7._.css was preloaded using link preload but not used within a few seconds from the window's load event. Please make sure it has an appropriate `as` value and it is preloaded intentionally. @ http://localhost:3000/en/vendor-dashboard/settings:0
[   26031ms] [LOG] [Fast Refresh] rebuilding @ http://localhost:3000/_next/static/chunks/node_modules_next_dist_client_cf1d9188._.js:5956
[   26065ms] [LOG] [Fast Refresh] done in 140ms @ http://localhost:3000/_next/static/chunks/node_modules_next_dist_client_cf1d9188._.js:5816
[   31054ms] [LOG] [API] GET /notifications/unread-count - 200 (141ms) @ http://localhost:3000/_next/static/chunks/_39d7dd9e._.js:2245
[   34059ms] [WARNING] The resource http://localhost:3000/_next/static/chunks/%5Broot-of-the-server%5D__ad960bb7._.css was preloaded using link preload but not used within a few seconds from the window's load event. Please make sure it has an appropriate `as` value and it is preloaded intentionally. @ http://localhost:3000/en/vendor-dashboard/settings:0
[   43874ms] [LOG] [API] DELETE /users/profile/vendorData/image - 200 (545ms) @ http://localhost:3000/_next/static/chunks/_39d7dd9e._.js:2245
[   44080ms] [LOG] [API] GET /users/profile - 200 (163ms) @ http://localhost:3000/_next/static/chunks/_39d7dd9e._.js:2245
[   47091ms] [WARNING] The resource http://localhost:3000/_next/static/chunks/%5Broot-of-the-server%5D__ad960bb7._.css was preloaded using link preload but not used within a few seconds from the window's load event. Please make sure it has an appropriate `as` value and it is preloaded intentionally. @ http://localhost:3000/en/vendor-dashboard/settings:0
[   54509ms] [WARNING] The resource http://localhost:3000/_next/static/chunks/%5Broot-of-the-server%5D__ad960bb7._.css was preloaded using link preload but not used within a few seconds from the window's load event. Please make sure it has an appropriate `as` value and it is preloaded intentionally. @ http://localhost:3000/en/vendor-dashboard/settings:0
[   61670ms] [LOG] [API] GET /notifications/unread-count - 200 (610ms) @ http://localhost:3000/_next/static/chunks/_39d7dd9e._.js:2245
[   64676ms] [WARNING] The resource http://localhost:3000/_next/static/chunks/%5Broot-of-the-server%5D__ad960bb7._.css was preloaded using link preload but not used within a few seconds from the window's load event. Please make sure it has an appropriate `as` value and it is preloaded intentionally. @ http://localhost:3000/en/vendor-dashboard/settings:0
[   91817ms] [LOG] [API] GET /notifications/unread-count - 200 (143ms) @ http://localhost:3000/_next/static/chunks/_39d7dd9e._.js:2245
[   94823ms] [WARNING] The resource http://localhost:3000/_next/static/chunks/%5Broot-of-the-server%5D__ad960bb7._.css was preloaded using link preload but not used within a few seconds from the window's load event. Please make sure it has an appropriate `as` value and it is preloaded intentionally. @ http://localhost:3000/en/vendor-dashboard/settings:0
[  121958ms] [LOG] [API] GET /notifications/unread-count - 200 (138ms) @ http://localhost:3000/_next/static/chunks/_39d7dd9e._.js:2245
[  124970ms] [WARNING] The resource http://localhost:3000/_next/static/chunks/%5Broot-of-the-server%5D__ad960bb7._.css was preloaded using link preload but not used within a few seconds from the window's load event. Please make sure it has an appropriate `as` value and it is preloaded intentionally. @ http://localhost:3000/en/vendor-dashboard/settings:0
[  152109ms] [LOG] [API] GET /notifications/unread-count - 200 (142ms) @ http://localhost:3000/_next/static/chunks/_39d7dd9e._.js:2245
[  155116ms] [WARNING] The resource http://localhost:3000/_next/static/chunks/%5Broot-of-the-server%5D__ad960bb7._.css was preloaded using link preload but not used within a few seconds from the window's load event. Please make sure it has an appropriate `as` value and it is preloaded intentionally. @ http://localhost:3000/en/vendor-dashboard/settings:0
[  182255ms] [LOG] [API] GET /notifications/unread-count - 200 (141ms) @ http://localhost:3000/_next/static/chunks/_39d7dd9e._.js:2245
[  185264ms] [WARNING] The resource http://localhost:3000/_next/static/chunks/%5Broot-of-the-server%5D__ad960bb7._.css was preloaded using link preload but not used within a few seconds from the window's load event. Please make sure it has an appropriate `as` value and it is preloaded intentionally. @ http://localhost:3000/en/vendor-dashboard/settings:0
[  212397ms] [LOG] [API] GET /notifications/unread-count - 200 (137ms) @ http://localhost:3000/_next/static/chunks/_39d7dd9e._.js:2245
[  215411ms] [WARNING] The resource http://localhost:3000/_next/static/chunks/%5Broot-of-the-server%5D__ad960bb7._.css was preloaded using link preload but not used within a few seconds from the window's load event. Please make sure it has an appropriate `as` value and it is preloaded intentionally. @ http://localhost:3000/en/vendor-dashboard/settings:0
[  242969ms] [LOG] [API] GET /notifications/unread-count - 200 (561ms) @ http://localhost:3000/_next/static/chunks/_39d7dd9e._.js:2245
[  245973ms] [WARNING] The resource http://localhost:3000/_next/static/chunks/%5Broot-of-the-server%5D__ad960bb7._.css was preloaded using link preload but not used within a few seconds from the window's load event. Please make sure it has an appropriate `as` value and it is preloaded intentionally. @ http://localhost:3000/en/vendor-dashboard/settings:0
[  273111ms] [LOG] [API] GET /notifications/unread-count - 200 (140ms) @ http://localhost:3000/_next/static/chunks/_39d7dd9e._.js:2245
[  276121ms] [WARNING] The resource http://localhost:3000/_next/static/chunks/%5Broot-of-the-server%5D__ad960bb7._.css was preloaded using link preload but not used within a few seconds from the window's load event. Please make sure it has an appropriate `as` value and it is preloaded intentionally. @ http://localhost:3000/en/vendor-dashboard/settings:0
[  298024ms] [ERROR] Failed to load resource: the server responded with a status of 500 (Internal Server Error) @ http://localhost:3000/favicon.ico:0
[  302702ms] [WARNING] The resource http://localhost:3000/_next/static/chunks/%5Broot-of-the-server%5D__ad960bb7._.css was preloaded using link preload but not used within a few seconds from the window's load event. Please make sure it has an appropriate `as` value and it is preloaded intentionally. @ http://localhost:3000/en/vendor-dashboard/settings:0
[  302702ms] [WARNING] The resource http://localhost:3000/_next/static/media/18165c2c9bd6a371-s.p.70a6c15c.woff2 was preloaded using link preload but not used within a few seconds from the window's load event. Please make sure it has an appropriate `as` value and it is preloaded intentionally. @ http://localhost:3000/en/vendor-dashboard/settings:0
[  302702ms] [WARNING] The resource http://localhost:3000/_next/static/media/f48d461c03e0a8ec-s.p.4f85faee.woff2 was preloaded using link preload but not used within a few seconds from the window's load event. Please make sure it has an appropriate `as` value and it is preloaded intentionally. @ http://localhost:3000/en/vendor-dashboard/settings:0
[  302702ms] [WARNING] The resource http://localhost:3000/_next/static/media/e7b64a7fde1a3d32-s.p.c2772084.woff2 was preloaded using link preload but not used within a few seconds from the window's load event. Please make sure it has an appropriate `as` value and it is preloaded intentionally. @ http://localhost:3000/en/vendor-dashboard/settings:0
[  302702ms] [WARNING] The resource http://localhost:3000/_next/static/media/3c37948f7e3aafda-s.p.8458e040.woff2 was preloaded using link preload but not used within a few seconds from the window's load event. Please make sure it has an appropriate `as` value and it is preloaded intentionally. @ http://localhost:3000/en/vendor-dashboard/settings:0
[  302702ms] [WARNING] The resource http://localhost:3000/_next/static/media/f0e0669539caf32a-s.p.e7ea314c.woff2 was preloaded using link preload but not used within a few seconds from the window's load event. Please make sure it has an appropriate `as` value and it is preloaded intentionally. @ http://localhost:3000/en/vendor-dashboard/settings:0
[  302702ms] [WARNING] The resource http://localhost:3000/_next/static/media/1d2cc0c079997359-s.p.3e57c327.woff2 was preloaded using link preload but not used within a few seconds from the window's load event. Please make sure it has an appropriate `as` value and it is preloaded intentionally. @ http://localhost:3000/en/vendor-dashboard/settings:0
[  302702ms] [WARNING] The resource http://localhost:3000/_next/static/media/3a179c97f46f8d27-s.p.9dba6c5c.woff2 was preloaded using link preload but not used within a few seconds from the window's load event. Please make sure it has an appropriate `as` value and it is preloaded intentionally. @ http://localhost:3000/en/vendor-dashboard/settings:0
[  302702ms] [WARNING] The resource http://localhost:3000/_next/static/media/d41831e24743a3c1-s.p.ae65d18e.woff2 was preloaded using link preload but not used within a few seconds from the window's load event. Please make sure it has an appropriate `as` value and it is preloaded intentionally. @ http://localhost:3000/en/vendor-dashboard/settings:0
[  302702ms] [WARNING] The resource http://localhost:3000/_next/static/media/a11ec078145f8b0e-s.p.6f712cad.woff2 was preloaded using link preload but not used within a few seconds from the window's load event. Please make sure it has an appropriate `as` value and it is preloaded intentionally. @ http://localhost:3000/en/vendor-dashboard/settings:0
[  303884ms] [LOG] [API] GET /notifications/unread-count - 200 (766ms) @ http://localhost:3000/_next/static/chunks/_39d7dd9e._.js:2245
[  306885ms] [WARNING] The resource http://localhost:3000/_next/static/chunks/%5Broot-of-the-server%5D__ad960bb7._.css was preloaded using link preload but not used within a few seconds from the window's load event. Please make sure it has an appropriate `as` value and it is preloaded intentionally. @ http://localhost:3000/en/vendor-dashboard/settings:0
[  306885ms] [WARNING] The resource http://localhost:3000/_next/static/media/18165c2c9bd6a371-s.p.70a6c15c.woff2 was preloaded using link preload but not used within a few seconds from the window's load event. Please make sure it has an appropriate `as` value and it is preloaded intentionally. @ http://localhost:3000/en/vendor-dashboard/settings:0
[  306885ms] [WARNING] The resource http://localhost:3000/_next/static/media/f48d461c03e0a8ec-s.p.4f85faee.woff2 was preloaded using link preload but not used within a few seconds from the window's load event. Please make sure it has an appropriate `as` value and it is preloaded intentionally. @ http://localhost:3000/en/vendor-dashboard/settings:0
[  306885ms] [WARNING] The resource http://localhost:3000/_next/static/media/e7b64a7fde1a3d32-s.p.c2772084.woff2 was preloaded using link preload but not used within a few seconds from the window's load event. Please make sure it has an appropriate `as` value and it is preloaded intentionally. @ http://localhost:3000/en/vendor-dashboard/settings:0
[  306885ms] [WARNING] The resource http://localhost:3000/_next/static/media/3c37948f7e3aafda-s.p.8458e040.woff2 was preloaded using link preload but not used within a few seconds from the window's load event. Please make sure it has an appropriate `as` value and it is preloaded intentionally. @ http://localhost:3000/en/vendor-dashboard/settings:0
[  306886ms] [WARNING] The resource http://localhost:3000/_next/static/media/f0e0669539caf32a-s.p.e7ea314c.woff2 was preloaded using link preload but not used within a few seconds from the window's load event. Please make sure it has an appropriate `as` value and it is preloaded intentionally. @ http://localhost:3000/en/vendor-dashboard/settings:0
[  306886ms] [WARNING] The resource http://localhost:3000/_next/static/media/1d2cc0c079997359-s.p.3e57c327.woff2 was preloaded using link preload but not used within a few seconds from the window's load event. Please make sure it has an appropriate `as` value and it is preloaded intentionally. @ http://localhost:3000/en/vendor-dashboard/settings:0
[  306886ms] [WARNING] The resource http://localhost:3000/_next/static/media/3a179c97f46f8d27-s.p.9dba6c5c.woff2 was preloaded using link preload but not used within a few seconds from the window's load event. Please make sure it has an appropriate `as` value and it is preloaded intentionally. @ http://localhost:3000/en/vendor-dashboard/settings:0
[  306886ms] [WARNING] The resource http://localhost:3000/_next/static/media/d41831e24743a3c1-s.p.ae65d18e.woff2 was preloaded using link preload but not used within a few seconds from the window's load event. Please make sure it has an appropriate `as` value and it is preloaded intentionally. @ http://localhost:3000/en/vendor-dashboard/settings:0
[  306886ms] [WARNING] The resource http://localhost:3000/_next/static/media/a11ec078145f8b0e-s.p.6f712cad.woff2 was preloaded using link preload but not used within a few seconds from the window's load event. Please make sure it has an appropriate `as` value and it is preloaded intentionally. @ http://localhost:3000/en/vendor-dashboard/settings:0
[  333906ms] [ERROR] Failed to load resource: the server responded with a status of 401 (Unauthorized) @ http://localhost:3000/api/v2/notifications/unread-count:0
[  334329ms] [LOG] [API] GET /notifications/unread-count - 200 (137ms) @ http://localhost:3000/_next/static/chunks/_39d7dd9e._.js:2245
[  337331ms] [WARNING] The resource http://localhost:3000/_next/static/chunks/%5Broot-of-the-server%5D__ad960bb7._.css was preloaded using link preload but not used within a few seconds from the window's load event. Please make sure it has an appropriate `as` value and it is preloaded intentionally. @ http://localhost:3000/en/vendor-dashboard/settings:0
[  337331ms] [WARNING] The resource http://localhost:3000/_next/static/media/18165c2c9bd6a371-s.p.70a6c15c.woff2 was preloaded using link preload but not used within a few seconds from the window's load event. Please make sure it has an appropriate `as` value and it is preloaded intentionally. @ http://localhost:3000/en/vendor-dashboard/settings:0
[  337331ms] [WARNING] The resource http://localhost:3000/_next/static/media/f48d461c03e0a8ec-s.p.4f85faee.woff2 was preloaded using link preload but not used within a few seconds from the window's load event. Please make sure it has an appropriate `as` value and it is preloaded intentionally. @ http://localhost:3000/en/vendor-dashboard/settings:0
[  337331ms] [WARNING] The resource http://localhost:3000/_next/static/media/e7b64a7fde1a3d32-s.p.c2772084.woff2 was preloaded using link preload but not used within a few seconds from the window's load event. Please make sure it has an appropriate `as` value and it is preloaded intentionally. @ http://localhost:3000/en/vendor-dashboard/settings:0
[  337331ms] [WARNING] The resource http://localhost:3000/_next/static/media/3c37948f7e3aafda-s.p.8458e040.woff2 was preloaded using link preload but not used within a few seconds from the window's load event. Please make sure it has an appropriate `as` value and it is preloaded intentionally. @ http://localhost:3000/en/vendor-dashboard/settings:0
[  337331ms] [WARNING] The resource http://localhost:3000/_next/static/media/f0e0669539caf32a-s.p.e7ea314c.woff2 was preloaded using link preload but not used within a few seconds from the window's load event. Please make sure it has an appropriate `as` value and it is preloaded intentionally. @ http://localhost:3000/en/vendor-dashboard/settings:0
[  337331ms] [WARNING] The resource http://localhost:3000/_next/static/media/1d2cc0c079997359-s.p.3e57c327.woff2 was preloaded using link preload but not used within a few seconds from the window's load event. Please make sure it has an appropriate `as` value and it is preloaded intentionally. @ http://localhost:3000/en/vendor-dashboard/settings:0
[  337331ms] [WARNING] The resource http://localhost:3000/_next/static/media/3a179c97f46f8d27-s.p.9dba6c5c.woff2 was preloaded using link preload but not used within a few seconds from the window's load event. Please make sure it has an appropriate `as` value and it is preloaded intentionally. @ http://localhost:3000/en/vendor-dashboard/settings:0
[  337331ms] [WARNING] The resource http://localhost:3000/_next/static/media/d41831e24743a3c1-s.p.ae65d18e.woff2 was preloaded using link preload but not used within a few seconds from the window's load event. Please make sure it has an appropriate `as` value and it is preloaded intentionally. @ http://localhost:3000/en/vendor-dashboard/settings:0
[  337331ms] [WARNING] The resource http://localhost:3000/_next/static/media/a11ec078145f8b0e-s.p.6f712cad.woff2 was preloaded using link preload but not used within a few seconds from the window's load event. Please make sure it has an appropriate `as` value and it is preloaded intentionally. @ http://localhost:3000/en/vendor-dashboard/settings:0
[  364491ms] [LOG] [API] GET /notifications/unread-count - 200 (145ms) @ http://localhost:3000/_next/static/chunks/_39d7dd9e._.js:2245
[  367494ms] [WARNING] The resource http://localhost:3000/_next/static/chunks/%5Broot-of-the-server%5D__ad960bb7._.css was preloaded using link preload but not used within a few seconds from the window's load event. Please make sure it has an appropriate `as` value and it is preloaded intentionally. @ http://localhost:3000/en/vendor-dashboard/settings:0
[  367494ms] [WARNING] The resource http://localhost:3000/_next/static/media/18165c2c9bd6a371-s.p.70a6c15c.woff2 was preloaded using link preload but not used within a few seconds from the window's load event. Please make sure it has an appropriate `as` value and it is preloaded intentionally. @ http://localhost:3000/en/vendor-dashboard/settings:0
[  367494ms] [WARNING] The resource http://localhost:3000/_next/static/media/f48d461c03e0a8ec-s.p.4f85faee.woff2 was preloaded using link preload but not used within a few seconds from the window's load event. Please make sure it has an appropriate `as` value and it is preloaded intentionally. @ http://localhost:3000/en/vendor-dashboard/settings:0
[  367495ms] [WARNING] The resource http://localhost:3000/_next/static/media/e7b64a7fde1a3d32-s.p.c2772084.woff2 was preloaded using link preload but not used within a few seconds from the window's load event. Please make sure it has an appropriate `as` value and it is preloaded intentionally. @ http://localhost:3000/en/vendor-dashboard/settings:0
[  367495ms] [WARNING] The resource http://localhost:3000/_next/static/media/3c37948f7e3aafda-s.p.8458e040.woff2 was preloaded using link preload but not used within a few seconds from the window's load event. Please make sure it has an appropriate `as` value and it is preloaded intentionally. @ http://localhost:3000/en/vendor-dashboard/settings:0
[  367495ms] [WARNING] The resource http://localhost:3000/_next/static/media/f0e0669539caf32a-s.p.e7ea314c.woff2 was preloaded using link preload but not used within a few seconds from the window's load event. Please make sure it has an appropriate `as` value and it is preloaded intentionally. @ http://localhost:3000/en/vendor-dashboard/settings:0
[  367495ms] [WARNING] The resource http://localhost:3000/_next/static/media/1d2cc0c079997359-s.p.3e57c327.woff2 was preloaded using link preload but not used within a few seconds from the window's load event. Please make sure it has an appropriate `as` value and it is preloaded intentionally. @ http://localhost:3000/en/vendor-dashboard/settings:0
[  367495ms] [WARNING] The resource http://localhost:3000/_next/static/media/3a179c97f46f8d27-s.p.9dba6c5c.woff2 was preloaded using link preload but not used within a few seconds from the window's load event. Please make sure it has an appropriate `as` value and it is preloaded intentionally. @ http://localhost:3000/en/vendor-dashboard/settings:0
[  367495ms] [WARNING] The resource http://localhost:3000/_next/static/media/d41831e24743a3c1-s.p.ae65d18e.woff2 was preloaded using link preload but not used within a few seconds from the window's load event. Please make sure it has an appropriate `as` value and it is preloaded intentionally. @ http://localhost:3000/en/vendor-dashboard/settings:0
[  367495ms] [WARNING] The resource http://localhost:3000/_next/static/media/a11ec078145f8b0e-s.p.6f712cad.woff2 was preloaded using link preload but not used within a few seconds from the window's load event. Please make sure it has an appropriate `as` value and it is preloaded intentionally. @ http://localhost:3000/en/vendor-dashboard/settings:0
