[    3671ms] [ERROR] Failed to load resource: the server responded with a status of 401 (Unauthorized) @ https://halaa.com.sa/api/v2/notifications/unread-count:0
[    3672ms] [ERROR] Failed to load resource: the server responded with a status of 401 (Unauthorized) @ https://halaa.com.sa/api/v2/events/subscription-info:0
[    4043ms] [ERROR] Failed to load resource: the server responded with a status of 500 (Internal Server Error) @ https://halaa.com.sa/favicon.ico:0
[    4112ms] [ERROR] Failed to load resource: the server responded with a status of 401 (Unauthorized) @ https://halaa.com.sa/api/v2/notifications/unread-count:0
[    4436ms] [ERROR] Failed to load resource: the server responded with a status of 401 (Unauthorized) @ https://halaa.com.sa/api/v2/auth/refresh:0
[    5956ms] [LOG] Current Pathname: /en/login @ https://halaa.com.sa/_next/static/chunks/app/%5Blang%5D/(auth-layout)/layout-5f1ed1ba25dc660a.js:0
[    5956ms] [LOG] Should Show Slider: true @ https://halaa.com.sa/_next/static/chunks/app/%5Blang%5D/(auth-layout)/layout-5f1ed1ba25dc660a.js:0
[    6733ms] [ERROR] Failed to load resource: the server responded with a status of 500 (Internal Server Error) @ https://halaa.com.sa/favicon.ico:0
[   18908ms] [WARNING] Form submission canceled because the form is not connected @ https://halaa.com.sa/en/login:0
[   19013ms] [VERBOSE] [DOM] Input elements should have autocomplete attributes (suggested: "current-password"): (More info: https://goo.gl/9p2vKq) %o @ https://halaa.com.sa/en/login:0
[   39886ms] Error: Minified React error #418; visit https://react.dev/errors/418?args[]=text&args[]= for the full message or use the non-minified dev environment for full errors and additional helpful warnings.
    at rD (https://halaa.com.sa/_next/static/chunks/4bd1b696-100b9d70ed4e49c1.js:1:35062)
    at rO (https://halaa.com.sa/_next/static/chunks/4bd1b696-100b9d70ed4e49c1.js:1:36095)
    at https://halaa.com.sa/_next/static/chunks/4bd1b696-100b9d70ed4e49c1.js:1:118083
    at ix (https://halaa.com.sa/_next/static/chunks/4bd1b696-100b9d70ed4e49c1.js:1:122955)
    at ik (https://halaa.com.sa/_next/static/chunks/4bd1b696-100b9d70ed4e49c1.js:1:114743)
    at https://halaa.com.sa/_next/static/chunks/4bd1b696-100b9d70ed4e49c1.js:1:110730
    at iu (https://halaa.com.sa/_next/static/chunks/4bd1b696-100b9d70ed4e49c1.js:1:110831)
    at iX (https://halaa.com.sa/_next/static/chunks/4bd1b696-100b9d70ed4e49c1.js:1:132934)
    at MessagePort.w (https://halaa.com.sa/_next/static/chunks/1255-eae4096fb21f1304.js:1:65046)
[   41113ms] [ERROR] Failed to load resource: the server responded with a status of 500 (Internal Server Error) @ https://halaa.com.sa/favicon.ico:0
